Archive member included to satisfy reference by file (symbol)

/usr/lib/gcc/avr/5.4.0/../../../avr/lib/avr5/libm.a(fixsfsi.o)
                              .build/obj_kb_default/common/mousekey.o (__fixsfsi)
/usr/lib/gcc/avr/5.4.0/../../../avr/lib/avr5/libm.a(fixunssfsi.o)
                              /usr/lib/gcc/avr/5.4.0/../../../avr/lib/avr5/libm.a(fixsfsi.o) (__fixunssfsi)
/usr/lib/gcc/avr/5.4.0/../../../avr/lib/avr5/libm.a(floatsisf.o)
                              .build/obj_kb_default/common/mousekey.o (__floatsisf)
/usr/lib/gcc/avr/5.4.0/../../../avr/lib/avr5/libm.a(fp_split3.o)
                              /usr/lib/gcc/avr/5.4.0/../../../avr/lib/avr5/libm.a(fixunssfsi.o) (__fp_splitA)
/usr/lib/gcc/avr/5.4.0/../../../avr/lib/avr5/libm.a(fp_zero.o)
                              /usr/lib/gcc/avr/5.4.0/../../../avr/lib/avr5/libm.a(fixunssfsi.o) (__fp_zero)
/usr/lib/gcc/avr/5.4.0/../../../avr/lib/avr5/libm.a(mulsf3.o)
                              .build/obj_kb_default/common/mousekey.o (__mulsf3)
/usr/lib/gcc/avr/5.4.0/../../../avr/lib/avr5/libm.a(mulsf3x.o)
                              /usr/lib/gcc/avr/5.4.0/../../../avr/lib/avr5/libm.a(mulsf3.o) (__mulsf3x)
/usr/lib/gcc/avr/5.4.0/../../../avr/lib/avr5/libm.a(fp_inf.o)
                              /usr/lib/gcc/avr/5.4.0/../../../avr/lib/avr5/libm.a(mulsf3x.o) (__fp_inf)
/usr/lib/gcc/avr/5.4.0/../../../avr/lib/avr5/libm.a(fp_nan.o)
                              /usr/lib/gcc/avr/5.4.0/../../../avr/lib/avr5/libm.a(mulsf3x.o) (__fp_nan)
/usr/lib/gcc/avr/5.4.0/../../../avr/lib/avr5/libm.a(fp_pscA.o)
                              /usr/lib/gcc/avr/5.4.0/../../../avr/lib/avr5/libm.a(mulsf3x.o) (__fp_pscA)
/usr/lib/gcc/avr/5.4.0/../../../avr/lib/avr5/libm.a(fp_pscB.o)
                              /usr/lib/gcc/avr/5.4.0/../../../avr/lib/avr5/libm.a(mulsf3x.o) (__fp_pscB)
/usr/lib/gcc/avr/5.4.0/../../../avr/lib/avr5/libm.a(fp_round.o)
                              /usr/lib/gcc/avr/5.4.0/../../../avr/lib/avr5/libm.a(mulsf3.o) (__fp_round)
/usr/lib/gcc/avr/5.4.0/avr5/libgcc.a(_divmodhi4.o)
                              .build/obj_kb_default/common/mousekey.o (__divmodhi4)
/usr/lib/gcc/avr/5.4.0/avr5/libgcc.a(_exit.o)
                              /usr/lib/gcc/avr/5.4.0/../../../avr/lib/avr5/crtatmega32u4.o (exit)
/usr/lib/gcc/avr/5.4.0/avr5/libgcc.a(_tablejump2.o)
                              .build/obj_kb_default/quantum/quantum.o (__tablejump2__)
/usr/lib/gcc/avr/5.4.0/avr5/libgcc.a(_copy_data.o)
                              .build/obj_kb_default/quantum/matrix.o (__do_copy_data)
/usr/lib/gcc/avr/5.4.0/avr5/libgcc.a(_clear_bss.o)
                              .build/obj_kb_default/quantum/quantum.o (__do_clear_bss)
/usr/lib/gcc/avr/5.4.0/avr5/libgcc.a(_udivmodhi4.o)
                              /usr/lib/gcc/avr/5.4.0/avr5/libgcc.a(_divmodhi4.o) (__udivmodhi4)
/usr/lib/gcc/avr/5.4.0/../../../avr/lib/avr5/libatmega32u4.a(eerd_byte.o)
                              .build/obj_kb_default/common/eeconfig.o (eeprom_read_byte)
/usr/lib/gcc/avr/5.4.0/../../../avr/lib/avr5/libatmega32u4.a(eerd_word.o)
                              .build/obj_kb_default/common/eeconfig.o (eeprom_read_word)
/usr/lib/gcc/avr/5.4.0/../../../avr/lib/avr5/libatmega32u4.a(eeupd_byte.o)
                              .build/obj_kb_default/common/eeconfig.o (eeprom_update_byte)
/usr/lib/gcc/avr/5.4.0/../../../avr/lib/avr5/libatmega32u4.a(eeupd_word.o)
                              .build/obj_kb_default/common/eeconfig.o (eeprom_update_word)
/usr/lib/gcc/avr/5.4.0/../../../avr/lib/avr5/libatmega32u4.a(eerd_block.o)
                              /usr/lib/gcc/avr/5.4.0/../../../avr/lib/avr5/libatmega32u4.a(eerd_word.o) (eeprom_read_blraw)

Allocating common symbols
Common symbol       size              file

USB_IsInitialized   0x1               .build/obj_kb_default/protocol/lufa/LUFA-git/LUFA/Drivers/USB/Core/USBTask.o
keymap_config       0x2               .build/obj_kb_default/common/bootmagic.o
backlight_config    0x1               .build/obj_kb_default/common/backlight.o
USB_DeviceState     0x1               .build/obj_kb_default/protocol/lufa/LUFA-git/LUFA/Drivers/USB/Core/USBTask.o
USB_Device_ConfigurationNumber
                    0x1               .build/obj_kb_default/protocol/lufa/LUFA-git/LUFA/Drivers/USB/Core/DeviceStandardReq.o
USB_Device_CurrentlySelfPowered
                    0x1               .build/obj_kb_default/protocol/lufa/LUFA-git/LUFA/Drivers/USB/Core/DeviceStandardReq.o
USB_ControlRequest  0x8               .build/obj_kb_default/protocol/lufa/LUFA-git/LUFA/Drivers/USB/Core/USBTask.o
USB_Device_RemoteWakeupEnabled
                    0x1               .build/obj_kb_default/protocol/lufa/LUFA-git/LUFA/Drivers/USB/Core/DeviceStandardReq.o
timer_count         0x4               .build/obj_kb_default/common/avr/timer.o

Discarded input sections

 .data          0x0000000000000000        0x0 /usr/lib/gcc/avr/5.4.0/../../../avr/lib/avr5/crtatmega32u4.o
[...]
Memory Configuration

Name             Origin             Length             Attributes
text             0x0000000000000000 0x0000000000020000 xr
data             0x0000000000800060 0x000000000000ffa0 rw !x
eeprom           0x0000000000810000 0x0000000000010000 rw !x
fuse             0x0000000000820000 0x0000000000000003 rw !x
lock             0x0000000000830000 0x0000000000000400 rw !x
signature        0x0000000000840000 0x0000000000000400 rw !x
user_signatures  0x0000000000850000 0x0000000000000400 rw !x
*default*        0x0000000000000000 0xffffffffffffffff

Linker script and memory map

Address of section .data set to 0x800100
LOAD /usr/lib/gcc/avr/5.4.0/../../../avr/lib/avr5/crtatmega32u4.o
LOAD .build/obj_kb_default/keyboards/kb/kb.o
LOAD .build/obj_kb_default/keyboards/kb/keymaps/default/keymap.o
LOAD .build/obj_kb_default/quantum/quantum.o
LOAD .build/obj_kb_default/quantum/keymap_common.o
LOAD .build/obj_kb_default/quantum/keycode_config.o
LOAD .build/obj_kb_default/quantum/process_keycode/process_leader.o
LOAD .build/obj_kb_default/quantum/matrix.o
LOAD .build/obj_kb_default/common/host.o
LOAD .build/obj_kb_default/common/keyboard.o
LOAD .build/obj_kb_default/common/action.o
LOAD .build/obj_kb_default/common/action_tapping.o
LOAD .build/obj_kb_default/common/action_macro.o
LOAD .build/obj_kb_default/common/action_layer.o
LOAD .build/obj_kb_default/common/action_util.o
LOAD .build/obj_kb_default/common/print.o
LOAD .build/obj_kb_default/common/debug.o
LOAD .build/obj_kb_default/common/util.o
LOAD .build/obj_kb_default/common/eeconfig.o
LOAD .build/obj_kb_default/common/avr/suspend.o
LOAD .build/obj_kb_default/common/avr/timer.o
LOAD .build/obj_kb_default/common/avr/bootloader.o
LOAD .build/obj_kb_default/common/avr/xprintf.o
LOAD .build/obj_kb_default/common/bootmagic.o
LOAD .build/obj_kb_default/common/mousekey.o
LOAD .build/obj_kb_default/common/backlight.o
LOAD .build/obj_kb_default/lufa.o
LOAD .build/obj_kb_default/descriptor.o
LOAD .build/obj_kb_default/protocol/lufa/LUFA-git/LUFA/Drivers/USB/Class/Common/HIDParser.o
LOAD .build/obj_kb_default/protocol/lufa/LUFA-git/LUFA/Drivers/USB/Core/AVR8/Device_AVR8.o
LOAD .build/obj_kb_default/protocol/lufa/LUFA-git/LUFA/Drivers/USB/Core/AVR8/EndpointStream_AVR8.o
LOAD .build/obj_kb_default/protocol/lufa/LUFA-git/LUFA/Drivers/USB/Core/AVR8/Endpoint_AVR8.o
LOAD .build/obj_kb_default/protocol/lufa/LUFA-git/LUFA/Drivers/USB/Core/AVR8/Host_AVR8.o
LOAD .build/obj_kb_default/protocol/lufa/LUFA-git/LUFA/Drivers/USB/Core/AVR8/PipeStream_AVR8.o
LOAD .build/obj_kb_default/protocol/lufa/LUFA-git/LUFA/Drivers/USB/Core/AVR8/Pipe_AVR8.o
LOAD .build/obj_kb_default/protocol/lufa/LUFA-git/LUFA/Drivers/USB/Core/AVR8/USBController_AVR8.o
LOAD .build/obj_kb_default/protocol/lufa/LUFA-git/LUFA/Drivers/USB/Core/AVR8/USBInterrupt_AVR8.o
LOAD .build/obj_kb_default/protocol/lufa/LUFA-git/LUFA/Drivers/USB/Core/ConfigDescriptors.o
LOAD .build/obj_kb_default/protocol/lufa/LUFA-git/LUFA/Drivers/USB/Core/DeviceStandardReq.o
LOAD .build/obj_kb_default/protocol/lufa/LUFA-git/LUFA/Drivers/USB/Core/Events.o
LOAD .build/obj_kb_default/protocol/lufa/LUFA-git/LUFA/Drivers/USB/Core/HostStandardReq.o
LOAD .build/obj_kb_default/protocol/lufa/LUFA-git/LUFA/Drivers/USB/Core/USBTask.o
LOAD /usr/lib/gcc/avr/5.4.0/../../../avr/lib/avr5/libm.a
START GROUP
LOAD /usr/lib/gcc/avr/5.4.0/avr5/libgcc.a
LOAD /usr/lib/gcc/avr/5.4.0/../../../avr/lib/avr5/libm.a
LOAD /usr/lib/gcc/avr/5.4.0/../../../avr/lib/avr5/libc.a
LOAD /usr/lib/gcc/avr/5.4.0/../../../avr/lib/avr5/libatmega32u4.a
END GROUP
                0x0000000000000000                __TEXT_REGION_ORIGIN__ = DEFINED (__TEXT_REGION_ORIGIN__)?__TEXT_REGION_ORIGIN__:0x0
                0x0000000000800060                __DATA_REGION_ORIGIN__ = DEFINED (__DATA_REGION_ORIGIN__)?__DATA_REGION_ORIGIN__:0x800060
                0x0000000000020000                __TEXT_REGION_LENGTH__ = DEFINED (__TEXT_REGION_LENGTH__)?__TEXT_REGION_LENGTH__:0x20000
                0x000000000000ffa0                __DATA_REGION_LENGTH__ = DEFINED (__DATA_REGION_LENGTH__)?__DATA_REGION_LENGTH__:0xffa0
                0x0000000000010000                __EEPROM_REGION_LENGTH__ = DEFINED (__EEPROM_REGION_LENGTH__)?__EEPROM_REGION_LENGTH__:0x10000
                [0x0000000000000003]                __FUSE_REGION_LENGTH__ = DEFINED (__FUSE_REGION_LENGTH__)?__FUSE_REGION_LENGTH__:0x400
                0x0000000000000400                __LOCK_REGION_LENGTH__ = DEFINED (__LOCK_REGION_LENGTH__)?__LOCK_REGION_LENGTH__:0x400
                0x0000000000000400                __SIGNATURE_REGION_LENGTH__ = DEFINED (__SIGNATURE_REGION_LENGTH__)?__SIGNATURE_REGION_LENGTH__:0x400
                0x0000000000000400                __USER_SIGNATURE_REGION_LENGTH__ = DEFINED (__USER_SIGNATURE_REGION_LENGTH__)?__USER_SIGNATURE_REGION_LENGTH__:0x400

.hash
 *(.hash)

.dynsym
 *(.dynsym)

.dynstr
 *(.dynstr)

.gnu.version
 *(.gnu.version)

.gnu.version_d
 *(.gnu.version_d)

.gnu.version_r
 *(.gnu.version_r)

.rel.init
 *(.rel.init)

.rela.init
 *(.rela.init)

.rel.text
 *(.rel.text)
 *(.rel.text.*)
 *(.rel.gnu.linkonce.t*)

.rela.text
 *(.rela.text)
 *(.rela.text.*)
 *(.rela.gnu.linkonce.t*)

.rel.fini
 *(.rel.fini)

.rela.fini
 *(.rela.fini)

.rel.rodata
 *(.rel.rodata)
 *(.rel.rodata.*)
 *(.rel.gnu.linkonce.r*)

.rela.rodata
 *(.rela.rodata)
 *(.rela.rodata.*)
 *(.rela.gnu.linkonce.r*)

.rel.data
 *(.rel.data)
 *(.rel.data.*)
 *(.rel.gnu.linkonce.d*)

.rela.data
 *(.rela.data)
 *(.rela.data.*)
 *(.rela.gnu.linkonce.d*)

.rel.ctors
 *(.rel.ctors)

.rela.ctors
 *(.rela.ctors)

.rel.dtors
 *(.rel.dtors)

.rela.dtors
 *(.rela.dtors)

.rel.got
 *(.rel.got)

.rela.got
 *(.rela.got)

.rel.bss
 *(.rel.bss)

.rela.bss
 *(.rela.bss)

.rel.plt
 *(.rel.plt)

.rela.plt
 *(.rela.plt)

.text           0x0000000000000000     0x432c
 *(.vectors)
 .vectors       0x0000000000000000       0xac /usr/lib/gcc/avr/5.4.0/../../../avr/lib/avr5/crtatmega32u4.o
                0x0000000000000000                __vectors
                0x0000000000000000                __vector_default
 *(.vectors)
 *(.progmem.gcc*)
 .progmem.gcc_sw_table.process_record_quantum
                0x00000000000000ac       0x24 .build/obj_kb_default/quantum/quantum.o
 .progmem.gcc_sw_table.process_action
                0x00000000000000d0       0x4a .build/obj_kb_default/common/action.o
 .progmem.gcc_sw_table.is_tap_key
                0x000000000000011a       0x1c .build/obj_kb_default/common/action.o
 .progmem.gcc_sw_table.USB_Device_ProcessControlRequest
                0x0000000000000136       0x14 .build/obj_kb_default/protocol/lufa/LUFA-git/LUFA/Drivers/USB/Core/DeviceStandardReq.o
                0x000000000000014a                . = ALIGN (0x2)
                0x000000000000014a                __trampolines_start = .
 *(.trampolines)
 .trampolines   0x000000000000014a        0x0 linker stubs
 *(.trampolines*)
                0x000000000000014a                __trampolines_end = .
 *libprintf_flt.a:*(.progmem.data)
 *libc.a:*(.progmem.data)
 *(.progmem*)
 .progmem.data.keymaps
                0x000000000000014a      0x200 .build/obj_kb_default/keyboards/kb/keymaps/default/keymap.o
                0x000000000000014a                keymaps
 .progmem.data.fn_actions
                0x000000000000034a        0x0 .build/obj_kb_default/quantum/keymap_common.o
                0x000000000000034a                fn_actions
 .progmem.data.ProductString
                0x000000000000034a       0x14 .build/obj_kb_default/descriptor.o
                0x000000000000034a                ProductString
 .progmem.data.ManufacturerString
                0x000000000000035e       0x18 .build/obj_kb_default/descriptor.o
                0x000000000000035e                ManufacturerString
 .progmem.data.LanguageString
                0x0000000000000376        0x4 .build/obj_kb_default/descriptor.o
                0x0000000000000376                LanguageString
 .progmem.data.ConfigurationDescriptor
                0x000000000000037a       0x6d .build/obj_kb_default/descriptor.o
                0x000000000000037a                ConfigurationDescriptor
 .progmem.data.DeviceDescriptor
                0x00000000000003e7       0x12 .build/obj_kb_default/descriptor.o
                0x00000000000003e7                DeviceDescriptor
 .progmem.data.NKROReport
                0x00000000000003f9       0x39 .build/obj_kb_default/descriptor.o
                0x00000000000003f9                NKROReport
 .progmem.data.ExtrakeyReport
                0x0000000000000432       0x36 .build/obj_kb_default/descriptor.o
                0x0000000000000432                ExtrakeyReport
 .progmem.data.MouseReport
                0x0000000000000468       0x4d .build/obj_kb_default/descriptor.o
                0x0000000000000468                MouseReport
 .progmem.data.KeyboardReport
                0x00000000000004b5       0x40 .build/obj_kb_default/descriptor.o
                0x00000000000004b5                KeyboardReport
                0x00000000000004f6                . = ALIGN (0x2)
 *fill*         0x00000000000004f5        0x1 
 *(.jumptables)
 *(.jumptables*)
 *(.lowtext)
 *(.lowtext*)
                0x00000000000004f6                __ctors_start = .
 *(.ctors)
                0x00000000000004f6                __ctors_end = .
                0x00000000000004f6                __dtors_start = .
 *(.dtors)
                0x00000000000004f6                __dtors_end = .
 SORT(*)(.ctors)
 SORT(*)(.dtors)
 *(.init0)
 .init0         0x00000000000004f6        0x0 /usr/lib/gcc/avr/5.4.0/../../../avr/lib/avr5/crtatmega32u4.o
                0x00000000000004f6                __init
 *(.init0)
 *(.init1)
 *(.init1)
 *(.init2)
 .init2         0x00000000000004f6        0xc /usr/lib/gcc/avr/5.4.0/../../../avr/lib/avr5/crtatmega32u4.o
 *(.init2)
 *(.init3)
 .init3         0x0000000000000502       0x54 .build/obj_kb_default/common/avr/bootloader.o
                0x0000000000000502                bootloader_jump_after_watchdog_reset
 *(.init3)
 *(.init4)
 .init4         0x0000000000000556       0x16 /usr/lib/gcc/avr/5.4.0/avr5/libgcc.a(_copy_data.o)
                0x0000000000000556                __do_copy_data
 .init4         0x000000000000056c       0x10 /usr/lib/gcc/avr/5.4.0/avr5/libgcc.a(_clear_bss.o)
                0x000000000000056c                __do_clear_bss
 *(.init4)
 *(.init5)
 *(.init5)
 *(.init6)
 *(.init6)
 *(.init7)
 *(.init7)
 *(.init8)
 *(.init8)
 *(.init9)
 .init9         0x000000000000057c        0x8 /usr/lib/gcc/avr/5.4.0/../../../avr/lib/avr5/crtatmega32u4.o
 *(.init9)
 *(.text)
 .text          0x0000000000000584        0x4 /usr/lib/gcc/avr/5.4.0/../../../avr/lib/avr5/crtatmega32u4.o
                0x0000000000000584                __vector_38
                0x0000000000000584                __vector_22
                0x0000000000000584                __vector_28
                0x0000000000000584                __vector_1
                0x0000000000000584                __vector_32
                0x0000000000000584                __vector_34
                0x0000000000000584                __vector_24
                0x0000000000000584                __bad_interrupt
                0x0000000000000584                __vector_6
                0x0000000000000584                __vector_31
                0x0000000000000584                __vector_35
                0x0000000000000584                __vector_39
                0x0000000000000584                __vector_3
                0x0000000000000584                __vector_23
                0x0000000000000584                __vector_30
                0x0000000000000584                __vector_25
                0x0000000000000584                __vector_13
                0x0000000000000584                __vector_17
                0x0000000000000584                __vector_19
                0x0000000000000584                __vector_7
                0x0000000000000584                __vector_41
                0x0000000000000584                __vector_27
                0x0000000000000584                __vector_5
                0x0000000000000584                __vector_33
                0x0000000000000584                __vector_37
                0x0000000000000584                __vector_4
                0x0000000000000584                __vector_9
                0x0000000000000584                __vector_2
                0x0000000000000584                __vector_15
                0x0000000000000584                __vector_36
                0x0000000000000584                __vector_29
                0x0000000000000584                __vector_40
                0x0000000000000584                __vector_8
                0x0000000000000584                __vector_26
                0x0000000000000584                __vector_14
                0x0000000000000584                __vector_16
                0x0000000000000584                __vector_18
                0x0000000000000584                __vector_20
                0x0000000000000584                __vector_42
                0x0000000000000588                . = ALIGN (0x2)
 *(.text.*)
 .text.action_get_macro
                0x0000000000000588        0x6 .build/obj_kb_default/keyboards/kb/keymaps/default/keymap.o
                0x0000000000000588                action_get_macro
 .text.matrix_init_user
                0x000000000000058e        0x2 .build/obj_kb_default/keyboards/kb/keymaps/default/keymap.o
                0x000000000000058e                matrix_init_user
 .text.matrix_scan_user
                0x0000000000000590        0x2 .build/obj_kb_default/keyboards/kb/keymaps/default/keymap.o
                0x0000000000000590                matrix_scan_user
 .text.process_record_user
                0x0000000000000592        0x4 .build/obj_kb_default/keyboards/kb/keymaps/default/keymap.o
                0x0000000000000592                process_record_user
 .text.led_set_user
                0x0000000000000596        0x2 .build/obj_kb_default/keyboards/kb/keymaps/default/keymap.o
                0x0000000000000596                led_set_user
 .text.process_action_kb
                0x0000000000000598        0x4 .build/obj_kb_default/quantum/quantum.o
                0x0000000000000598                process_action_kb
 .text.process_record_kb
                0x000000000000059c        0x4 .build/obj_kb_default/quantum/quantum.o
                0x000000000000059c                process_record_kb
 .text.reset_keyboard
                0x00000000000005a0       0x1a .build/obj_kb_default/quantum/quantum.o
                0x00000000000005a0                reset_keyboard
 .text.process_record_quantum
                0x00000000000005ba      0x222 .build/obj_kb_default/quantum/quantum.o
                0x00000000000005ba                process_record_quantum
 .text.matrix_scan_quantum
                0x00000000000007dc        0x4 .build/obj_kb_default/quantum/quantum.o
                0x00000000000007dc                matrix_scan_quantum
 .text.backlight_init_ports
                0x00000000000007e0       0x20 .build/obj_kb_default/quantum/quantum.o
                0x00000000000007e0                backlight_init_ports
 .text.matrix_init_quantum
                0x0000000000000800        0x8 .build/obj_kb_default/quantum/quantum.o
                0x0000000000000800                matrix_init_quantum
 .text.backlight_set
                0x0000000000000808       0x54 .build/obj_kb_default/quantum/quantum.o
                0x0000000000000808                backlight_set
 .text.led_set_kb
                0x000000000000085c        0x4 .build/obj_kb_default/quantum/quantum.o
                0x000000000000085c                led_set_kb
 .text.led_set  0x0000000000000860        0x4 .build/obj_kb_default/quantum/quantum.o
                0x0000000000000860                led_set
 .text.action_function
                0x0000000000000864        0x2 .build/obj_kb_default/quantum/keymap_common.o
                0x0000000000000864                action_function
 .text.keymap_key_to_keycode
                0x0000000000000866       0x28 .build/obj_kb_default/quantum/keymap_common.o
                0x0000000000000866                keymap_key_to_keycode
 .text.keymap_function_id_to_action
                0x000000000000088e       0x10 .build/obj_kb_default/quantum/keymap_common.o
                0x000000000000088e                keymap_function_id_to_action
 .text.action_for_key
                0x000000000000089e      0x332 .build/obj_kb_default/quantum/keymap_common.o
                0x000000000000089e                action_for_key
 .text.keycode_config
                0x0000000000000bd0       0xf8 .build/obj_kb_default/quantum/keycode_config.o
                0x0000000000000bd0                keycode_config
 .text.leader_start
                0x0000000000000cc8        0x2 .build/obj_kb_default/quantum/process_keycode/process_leader.o
                0x0000000000000cc8                leader_start
 .text.process_leader
                0x0000000000000cca       0x9e .build/obj_kb_default/quantum/process_keycode/process_leader.o
                0x0000000000000cca                process_leader
 .text.matrix_init_kb
                0x0000000000000d68        0x4 .build/obj_kb_default/quantum/matrix.o
                0x0000000000000d68                matrix_init_kb
 .text.matrix_scan_kb
                0x0000000000000d6c        0x4 .build/obj_kb_default/quantum/matrix.o
                0x0000000000000d6c                matrix_scan_kb
 .text.matrix_init
                0x0000000000000d70       0xae .build/obj_kb_default/quantum/matrix.o
                0x0000000000000d70                matrix_init
 .text.matrix_scan
                0x0000000000000e1e      0x14a .build/obj_kb_default/quantum/matrix.o
                0x0000000000000e1e                matrix_scan
 .text.matrix_get_row
                0x0000000000000f68        0xc .build/obj_kb_default/quantum/matrix.o
                0x0000000000000f68                matrix_get_row
 .text.matrix_print
                0x0000000000000f74        0x2 .build/obj_kb_default/quantum/matrix.o
                0x0000000000000f74                matrix_print
 .text.host_set_driver
                0x0000000000000f76        0xa .build/obj_kb_default/common/host.o
                0x0000000000000f76                host_set_driver
 .text.host_keyboard_leds
                0x0000000000000f80       0x18 .build/obj_kb_default/common/host.o
                0x0000000000000f80                host_keyboard_leds
 .text.host_keyboard_send
                0x0000000000000f98       0x16 .build/obj_kb_default/common/host.o
                0x0000000000000f98                host_keyboard_send
 .text.host_mouse_send
                0x0000000000000fae       0x16 .build/obj_kb_default/common/host.o
                0x0000000000000fae                host_mouse_send
 .text.host_system_send
                0x0000000000000fc4       0x2c .build/obj_kb_default/common/host.o
                0x0000000000000fc4                host_system_send
 .text.host_consumer_send
                0x0000000000000ff0       0x2c .build/obj_kb_default/common/host.o
                0x0000000000000ff0                host_consumer_send
 .text.matrix_setup
                0x000000000000101c        0x2 .build/obj_kb_default/common/keyboard.o
                0x000000000000101c                matrix_setup
 .text.keyboard_setup
                0x000000000000101e        0x4 .build/obj_kb_default/common/keyboard.o
                0x000000000000101e                keyboard_setup
 .text.keyboard_init
                0x0000000000001022       0x10 .build/obj_kb_default/common/keyboard.o
                0x0000000000001022                keyboard_init
 .text.keyboard_task
                0x0000000000001032      0x148 .build/obj_kb_default/common/keyboard.o
                0x0000000000001032                keyboard_task
 .text.action_exec
                0x000000000000117a       0x5c .build/obj_kb_default/common/action.o
                0x000000000000117a                action_exec
 .text.register_code
                0x00000000000011d6      0x190 .build/obj_kb_default/common/action.o
                0x00000000000011d6                register_code
 .text.unregister_code
                0x0000000000001366       0x9e .build/obj_kb_default/common/action.o
                0x0000000000001366                unregister_code
 .text.register_mods
                0x0000000000001404        0xe .build/obj_kb_default/common/action.o
                0x0000000000001404                register_mods
 .text.unregister_mods
                0x0000000000001412        0xe .build/obj_kb_default/common/action.o
                0x0000000000001412                unregister_mods
 .text.process_action
                0x0000000000001420      0x450 .build/obj_kb_default/common/action.o
                0x0000000000001420                process_action
 .text.process_record
                0x0000000000001870       0x5c .build/obj_kb_default/common/action.o
                0x0000000000001870                process_record
 .text.clear_keyboard_but_mods
                0x00000000000018cc       0x28 .build/obj_kb_default/common/action.o
                0x00000000000018cc                clear_keyboard_but_mods
 .text.clear_keyboard
                0x00000000000018f4        0x8 .build/obj_kb_default/common/action.o
                0x00000000000018f4                clear_keyboard
 .text.is_tap_key
                0x00000000000018fc       0x4c .build/obj_kb_default/common/action.o
                0x00000000000018fc                is_tap_key
 .text.debug_event
                0x0000000000001948       0x1e .build/obj_kb_default/common/action.o
                0x0000000000001948                debug_event
 .text.debug_record
                0x0000000000001966       0x20 .build/obj_kb_default/common/action.o
                0x0000000000001966                debug_record
 .text.debug_waiting_buffer
                0x0000000000001986       0x42 .build/obj_kb_default/common/action_tapping.o
 .text.debug_tapping_key
                0x00000000000019c8       0x1c .build/obj_kb_default/common/action_tapping.o
 .text.waiting_buffer_scan_tap
                0x00000000000019e4       0xd0 .build/obj_kb_default/common/action_tapping.o
 .text.process_tapping
                0x0000000000001ab4      0x3c0 .build/obj_kb_default/common/action_tapping.o
 .text.action_tapping_process
                0x0000000000001e74      0x15c .build/obj_kb_default/common/action_tapping.o
                0x0000000000001e74                action_tapping_process
 .text.action_macro_play
                0x0000000000001fd0       0xfa .build/obj_kb_default/common/action_macro.o
                0x0000000000001fd0                action_macro_play
 .text.default_layer_debug
                0x00000000000020ca        0x2 .build/obj_kb_default/common/action_layer.o
                0x00000000000020ca                default_layer_debug
 .text.default_layer_set
                0x00000000000020cc       0x14 .build/obj_kb_default/common/action_layer.o
                0x00000000000020cc                default_layer_set
 .text.default_layer_or
                0x00000000000020e0       0x38 .build/obj_kb_default/common/action_layer.o
                0x00000000000020e0                default_layer_or
 .text.default_layer_and
                0x0000000000002118       0x38 .build/obj_kb_default/common/action_layer.o
                0x0000000000002118                default_layer_and
 .text.default_layer_xor
                0x0000000000002150       0x38 .build/obj_kb_default/common/action_layer.o
                0x0000000000002150                default_layer_xor
 .text.layer_clear
                0x0000000000002188       0x14 .build/obj_kb_default/common/action_layer.o
                0x0000000000002188                layer_clear
 .text.layer_move
                0x000000000000219c       0x2a .build/obj_kb_default/common/action_layer.o
                0x000000000000219c                layer_move
 .text.layer_on
                0x00000000000021c6       0x42 .build/obj_kb_default/common/action_layer.o
                0x00000000000021c6                layer_on
 .text.layer_off
                0x0000000000002208       0x4a .build/obj_kb_default/common/action_layer.o
                0x0000000000002208                layer_off
 .text.layer_invert
                0x0000000000002252       0x42 .build/obj_kb_default/common/action_layer.o
                0x0000000000002252                layer_invert
 .text.layer_or
                0x0000000000002294       0x38 .build/obj_kb_default/common/action_layer.o
                0x0000000000002294                layer_or
 .text.layer_and
                0x00000000000022cc       0x38 .build/obj_kb_default/common/action_layer.o
                0x00000000000022cc                layer_and
 .text.layer_xor
                0x0000000000002304       0x38 .build/obj_kb_default/common/action_layer.o
                0x0000000000002304                layer_xor
 .text.layer_debug
                0x000000000000233c        0x2 .build/obj_kb_default/common/action_layer.o
                0x000000000000233c                layer_debug
 .text.update_source_layers_cache
                0x000000000000233e       0x54 .build/obj_kb_default/common/action_layer.o
                0x000000000000233e                update_source_layers_cache
 .text.read_source_layers_cache
                0x0000000000002392       0x56 .build/obj_kb_default/common/action_layer.o
                0x0000000000002392                read_source_layers_cache
 .text.layer_switch_get_layer
                0x00000000000023e8       0x7e .build/obj_kb_default/common/action_layer.o
                0x00000000000023e8                layer_switch_get_layer
 .text.layer_switch_get_action
                0x0000000000002466       0x16 .build/obj_kb_default/common/action_layer.o
                0x0000000000002466                layer_switch_get_action
 .text.store_or_get_action
                0x000000000000247c       0x46 .build/obj_kb_default/common/action_layer.o
                0x000000000000247c                store_or_get_action
 .text.get_oneshot_layer
                0x00000000000024c2        0xc .build/obj_kb_default/common/action_util.o
                0x00000000000024c2                get_oneshot_layer
 .text.get_oneshot_layer_state
                0x00000000000024ce        0x8 .build/obj_kb_default/common/action_util.o
                0x00000000000024ce                get_oneshot_layer_state
 .text.set_oneshot_layer
                0x00000000000024d6       0x12 .build/obj_kb_default/common/action_util.o
                0x00000000000024d6                set_oneshot_layer
 .text.clear_oneshot_layer_state
                0x00000000000024e8       0x2e .build/obj_kb_default/common/action_util.o
                0x00000000000024e8                clear_oneshot_layer_state
 .text.is_oneshot_layer_active
                0x0000000000002516        0xe .build/obj_kb_default/common/action_util.o
                0x0000000000002516                is_oneshot_layer_active
 .text.add_key  0x0000000000002524       0x7e .build/obj_kb_default/common/action_util.o
                0x0000000000002524                add_key
 .text.del_key  0x00000000000025a2       0x66 .build/obj_kb_default/common/action_util.o
                0x00000000000025a2                del_key
 .text.clear_keys
                0x0000000000002608       0x1c .build/obj_kb_default/common/action_util.o
                0x0000000000002608                clear_keys
 .text.add_mods
                0x0000000000002624        0xc .build/obj_kb_default/common/action_util.o
                0x0000000000002624                add_mods
 .text.del_mods
                0x0000000000002630        0xe .build/obj_kb_default/common/action_util.o
                0x0000000000002630                del_mods
 .text.clear_mods
                0x000000000000263e        0x6 .build/obj_kb_default/common/action_util.o
                0x000000000000263e                clear_mods
 .text.add_weak_mods
                0x0000000000002644        0xc .build/obj_kb_default/common/action_util.o
                0x0000000000002644                add_weak_mods
 .text.del_weak_mods
                0x0000000000002650        0xe .build/obj_kb_default/common/action_util.o
                0x0000000000002650                del_weak_mods
 .text.clear_weak_mods
                0x000000000000265e        0x6 .build/obj_kb_default/common/action_util.o
                0x000000000000265e                clear_weak_mods
 .text.add_macro_mods
                0x0000000000002664        0xc .build/obj_kb_default/common/action_util.o
                0x0000000000002664                add_macro_mods
 .text.del_macro_mods
                0x0000000000002670        0xe .build/obj_kb_default/common/action_util.o
                0x0000000000002670                del_macro_mods
 .text.clear_macro_mods
                0x000000000000267e        0x6 .build/obj_kb_default/common/action_util.o
                0x000000000000267e                clear_macro_mods
 .text.set_oneshot_mods
                0x0000000000002684        0x6 .build/obj_kb_default/common/action_util.o
                0x0000000000002684                set_oneshot_mods
 .text.clear_oneshot_mods
                0x000000000000268a        0x6 .build/obj_kb_default/common/action_util.o
                0x000000000000268a                clear_oneshot_mods
 .text.has_anykey
                0x0000000000002690       0x22 .build/obj_kb_default/common/action_util.o
                0x0000000000002690                has_anykey
 .text.send_keyboard_report
                0x00000000000026b2       0x5e .build/obj_kb_default/common/action_util.o
                0x00000000000026b2                send_keyboard_report
 .text.eeconfig_init
                0x0000000000002710       0x3e .build/obj_kb_default/common/eeconfig.o
                0x0000000000002710                eeconfig_init
 .text.eeconfig_is_enabled
                0x000000000000274e       0x16 .build/obj_kb_default/common/eeconfig.o
                0x000000000000274e                eeconfig_is_enabled
 .text.eeconfig_read_debug
                0x0000000000002764        0x8 .build/obj_kb_default/common/eeconfig.o
                0x0000000000002764                eeconfig_read_debug
 .text.eeconfig_update_debug
                0x000000000000276c        0xa .build/obj_kb_default/common/eeconfig.o
                0x000000000000276c                eeconfig_update_debug
 .text.eeconfig_read_default_layer
                0x0000000000002776        0x8 .build/obj_kb_default/common/eeconfig.o
                0x0000000000002776                eeconfig_read_default_layer
 .text.eeconfig_update_default_layer
                0x000000000000277e        0xa .build/obj_kb_default/common/eeconfig.o
                0x000000000000277e                eeconfig_update_default_layer
 .text.eeconfig_read_keymap
                0x0000000000002788        0x8 .build/obj_kb_default/common/eeconfig.o
                0x0000000000002788                eeconfig_read_keymap
 .text.eeconfig_update_keymap
                0x0000000000002790        0xa .build/obj_kb_default/common/eeconfig.o
                0x0000000000002790                eeconfig_update_keymap
 .text.eeconfig_read_backlight
                0x000000000000279a        0x8 .build/obj_kb_default/common/eeconfig.o
                0x000000000000279a                eeconfig_read_backlight
 .text.eeconfig_update_backlight
                0x00000000000027a2        0xa .build/obj_kb_default/common/eeconfig.o
                0x00000000000027a2                eeconfig_update_backlight
 .text.suspend_power_down
                0x00000000000027ac       0x5e .build/obj_kb_default/common/avr/suspend.o
                0x00000000000027ac                suspend_power_down
 .text.matrix_power_down
                0x000000000000280a        0x2 .build/obj_kb_default/common/avr/suspend.o
                0x000000000000280a                matrix_power_down
 .text.matrix_power_up
                0x000000000000280c        0x4 .build/obj_kb_default/common/avr/suspend.o
                0x000000000000280c                matrix_power_up
 .text.suspend_wakeup_condition
                0x0000000000002810       0x28 .build/obj_kb_default/common/avr/suspend.o
                0x0000000000002810                suspend_wakeup_condition
 .text.suspend_wakeup_init
                0x0000000000002838       0x10 .build/obj_kb_default/common/avr/suspend.o
                0x0000000000002838                suspend_wakeup_init
 .text.__vector_12
                0x0000000000002848       0x52 .build/obj_kb_default/common/avr/suspend.o
                0x0000000000002848                __vector_12
 .text.timer_init
                0x000000000000289a       0x12 .build/obj_kb_default/common/avr/timer.o
                0x000000000000289a                timer_init
 .text.timer_read
                0x00000000000028ac       0x18 .build/obj_kb_default/common/avr/timer.o
                0x00000000000028ac                timer_read
 .text.timer_elapsed
                0x00000000000028c4       0x54 .build/obj_kb_default/common/avr/timer.o
                0x00000000000028c4                timer_elapsed
 .text.__vector_21
                0x0000000000002918       0x4a .build/obj_kb_default/common/avr/timer.o
                0x0000000000002918                __vector_21
 .text.bootloader_jump
                0x0000000000002962       0x44 .build/obj_kb_default/common/avr/bootloader.o
                0x0000000000002962                bootloader_jump
 .text.scan_keycode
                0x00000000000029a6       0x6c .build/obj_kb_default/common/bootmagic.o
 .text.bootmagic_scan_keycode
                0x0000000000002a12       0x1c .build/obj_kb_default/common/bootmagic.o
                0x0000000000002a12                bootmagic_scan_keycode
 .text.bootmagic
                0x0000000000002a2e      0x252 .build/obj_kb_default/common/bootmagic.o
                0x0000000000002a2e                bootmagic
 .text.move_unit
                0x0000000000002c80       0x92 .build/obj_kb_default/common/mousekey.o
 .text.wheel_unit
                0x0000000000002d12       0x72 .build/obj_kb_default/common/mousekey.o
 .text.mousekey_on
                0x0000000000002d84       0xd0 .build/obj_kb_default/common/mousekey.o
                0x0000000000002d84                mousekey_on
 .text.mousekey_off
                0x0000000000002e54      0x10a .build/obj_kb_default/common/mousekey.o
                0x0000000000002e54                mousekey_off
 .text.mousekey_send
                0x0000000000002f5e       0x16 .build/obj_kb_default/common/mousekey.o
                0x0000000000002f5e                mousekey_send
 .text.mousekey_task
                0x0000000000002f74      0x14a .build/obj_kb_default/common/mousekey.o
                0x0000000000002f74                mousekey_task
 .text.mousekey_clear
                0x00000000000030be       0x18 .build/obj_kb_default/common/mousekey.o
                0x00000000000030be                mousekey_clear
 .text.backlight_init
                0x00000000000030d6       0x22 .build/obj_kb_default/common/backlight.o
                0x00000000000030d6                backlight_init
 .text.backlight_increase
                0x00000000000030f8       0x3a .build/obj_kb_default/common/backlight.o
                0x00000000000030f8                backlight_increase
 .text.backlight_decrease
                0x0000000000003132       0x38 .build/obj_kb_default/common/backlight.o
                0x0000000000003132                backlight_decrease
 .text.backlight_toggle
                0x000000000000316a       0x26 .build/obj_kb_default/common/backlight.o
                0x000000000000316a                backlight_toggle
 .text.backlight_step
                0x0000000000003190       0x46 .build/obj_kb_default/common/backlight.o
                0x0000000000003190                backlight_step
 .text.backlight_level
                0x00000000000031d6       0x3a .build/obj_kb_default/common/backlight.o
                0x00000000000031d6                backlight_level
 .text.keyboard_leds
                0x0000000000003210        0x6 .build/obj_kb_default/lufa.o
 .text.send_consumer
                0x0000000000003216       0x68 .build/obj_kb_default/lufa.o
 .text.send_system
                0x000000000000327e       0x6c .build/obj_kb_default/lufa.o
 .text.send_mouse
                0x00000000000032ea       0x46 .build/obj_kb_default/lufa.o
 .text.send_keyboard
                0x0000000000003330       0xa2 .build/obj_kb_default/lufa.o
 .text.EVENT_USB_Device_Connect
                0x00000000000033d2       0x1c .build/obj_kb_default/lufa.o
                0x00000000000033d2                EVENT_USB_Device_Connect
 .text.EVENT_USB_Device_Disconnect
                0x00000000000033ee        0x6 .build/obj_kb_default/lufa.o
                0x00000000000033ee                EVENT_USB_Device_Disconnect
 .text.EVENT_USB_Device_Reset
                0x00000000000033f4        0x2 .build/obj_kb_default/lufa.o
                0x00000000000033f4                EVENT_USB_Device_Reset
 .text.EVENT_USB_Device_Suspend
                0x00000000000033f6        0x2 .build/obj_kb_default/lufa.o
                0x00000000000033f6                EVENT_USB_Device_Suspend
 .text.EVENT_USB_Device_WakeUp
                0x00000000000033f8        0x4 .build/obj_kb_default/lufa.o
                0x00000000000033f8                EVENT_USB_Device_WakeUp
 .text.EVENT_USB_Device_ConfigurationChanged
                0x00000000000033fc       0x28 .build/obj_kb_default/lufa.o
                0x00000000000033fc                EVENT_USB_Device_ConfigurationChanged
 .text.EVENT_USB_Device_ControlRequest
                0x0000000000003424      0x164 .build/obj_kb_default/lufa.o
                0x0000000000003424                EVENT_USB_Device_ControlRequest
 .text.startup.main
                0x0000000000003588       0x76 .build/obj_kb_default/lufa.o
                0x0000000000003588                main
 .text.CALLBACK_USB_GetDescriptor
                0x00000000000035fe       0xac .build/obj_kb_default/descriptor.o
                0x00000000000035fe                CALLBACK_USB_GetDescriptor
 .text.USB_Device_SendRemoteWakeup
                0x00000000000036aa       0x2c .build/obj_kb_default/protocol/lufa/LUFA-git/LUFA/Drivers/USB/Core/AVR8/Device_AVR8.o
                0x00000000000036aa                USB_Device_SendRemoteWakeup
 .text.Endpoint_Write_Stream_LE
                0x00000000000036d6       0x96 .build/obj_kb_default/protocol/lufa/LUFA-git/LUFA/Drivers/USB/Core/AVR8/EndpointStream_AVR8.o
                0x00000000000036d6                Endpoint_Write_Stream_LE
 .text.Endpoint_Write_Control_Stream_LE
                0x000000000000376c       0xbc .build/obj_kb_default/protocol/lufa/LUFA-git/LUFA/Drivers/USB/Core/AVR8/EndpointStream_AVR8.o
                0x000000000000376c                Endpoint_Write_Control_Stream_LE
 .text.Endpoint_Write_Control_PStream_LE
                0x0000000000003828       0xc2 .build/obj_kb_default/protocol/lufa/LUFA-git/LUFA/Drivers/USB/Core/AVR8/EndpointStream_AVR8.o
                0x0000000000003828                Endpoint_Write_Control_PStream_LE
 .text.Endpoint_ConfigureEndpoint_Prv
                0x00000000000038ea       0x6a .build/obj_kb_default/protocol/lufa/LUFA-git/LUFA/Drivers/USB/Core/AVR8/Endpoint_AVR8.o
                0x00000000000038ea                Endpoint_ConfigureEndpoint_Prv
 .text.Endpoint_ClearStatusStage
                0x0000000000003954       0x3e .build/obj_kb_default/protocol/lufa/LUFA-git/LUFA/Drivers/USB/Core/AVR8/Endpoint_AVR8.o
                0x0000000000003954                Endpoint_ClearStatusStage
 .text.Endpoint_WaitUntilReady
                0x0000000000003992       0x66 .build/obj_kb_default/protocol/lufa/LUFA-git/LUFA/Drivers/USB/Core/AVR8/Endpoint_AVR8.o
                0x0000000000003992                Endpoint_WaitUntilReady
 .text.USB_Disable
                0x00000000000039f8       0x34 .build/obj_kb_default/protocol/lufa/LUFA-git/LUFA/Drivers/USB/Core/AVR8/USBController_AVR8.o
                0x00000000000039f8                USB_Disable
 .text.USB_ResetInterface
                0x0000000000003a2c       0x86 .build/obj_kb_default/protocol/lufa/LUFA-git/LUFA/Drivers/USB/Core/AVR8/USBController_AVR8.o
                0x0000000000003a2c                USB_ResetInterface
 .text.USB_Init
                0x0000000000003ab2       0x22 .build/obj_kb_default/protocol/lufa/LUFA-git/LUFA/Drivers/USB/Core/AVR8/USBController_AVR8.o
                0x0000000000003ab2                USB_Init
 .text.USB_INT_DisableAllInterrupts
                0x0000000000003ad4       0x10 .build/obj_kb_default/protocol/lufa/LUFA-git/LUFA/Drivers/USB/Core/AVR8/USBInterrupt_AVR8.o
                0x0000000000003ad4                USB_INT_DisableAllInterrupts
 .text.USB_INT_ClearAllInterrupts
                0x0000000000003ae4        0xa .build/obj_kb_default/protocol/lufa/LUFA-git/LUFA/Drivers/USB/Core/AVR8/USBInterrupt_AVR8.o
                0x0000000000003ae4                USB_INT_ClearAllInterrupts
 .text.__vector_10
                0x0000000000003aee      0x1a4 .build/obj_kb_default/protocol/lufa/LUFA-git/LUFA/Drivers/USB/Core/AVR8/USBInterrupt_AVR8.o
                0x0000000000003aee                __vector_10
 .text.__vector_11
                0x0000000000003c92       0x88 .build/obj_kb_default/protocol/lufa/LUFA-git/LUFA/Drivers/USB/Core/AVR8/USBInterrupt_AVR8.o
                0x0000000000003c92                __vector_11
 .text.USB_Device_ProcessControlRequest
                0x0000000000003d1a      0x2ac .build/obj_kb_default/protocol/lufa/LUFA-git/LUFA/Drivers/USB/Core/DeviceStandardReq.o
                0x0000000000003d1a                USB_Device_ProcessControlRequest
 .text.USB_Event_Stub
                0x0000000000003fc6        0x2 .build/obj_kb_default/protocol/lufa/LUFA-git/LUFA/Drivers/USB/Core/Events.o
                0x0000000000003fc6                USB_Event_Stub
                0x0000000000003fc6                EVENT_USB_Device_StartOfFrame
 .text.USB_USBTask
                0x0000000000003fc8       0x36 .build/obj_kb_default/protocol/lufa/LUFA-git/LUFA/Drivers/USB/Core/USBTask.o
                0x0000000000003fc8                USB_USBTask
 .text.avr-libc.fplib
                0x0000000000003ffe        0xe /usr/lib/gcc/avr/5.4.0/../../../avr/lib/avr5/libm.a(fixsfsi.o)
                0x0000000000003ffe                __fixsfsi
 .text.avr-libc.fplib
                0x000000000000400c       0x5e /usr/lib/gcc/avr/5.4.0/../../../avr/lib/avr5/libm.a(fixunssfsi.o)
                0x000000000000400c                __fixunssfsi
 .text.avr-libc.fplib
                0x000000000000406a       0x7a /usr/lib/gcc/avr/5.4.0/../../../avr/lib/avr5/libm.a(floatsisf.o)
                0x000000000000406a                __floatunsisf
                0x000000000000406e                __floatsisf
 .text.avr-libc.fplib
                0x00000000000040e4       0x44 /usr/lib/gcc/avr/5.4.0/../../../avr/lib/avr5/libm.a(fp_split3.o)
                0x00000000000040e4                __fp_split3
                0x00000000000040f4                __fp_splitA
 .text.avr-libc.fplib
                0x0000000000004128        0xe /usr/lib/gcc/avr/5.4.0/../../../avr/lib/avr5/libm.a(fp_zero.o)
                0x0000000000004128                __fp_zero
                0x000000000000412a                __fp_szero
 .text.avr-libc.fplib
                0x0000000000004136        0x8 /usr/lib/gcc/avr/5.4.0/../../../avr/lib/avr5/libm.a(mulsf3.o)
                0x0000000000004136                __mulsf3
 .text.avr-libc.fplib
                0x000000000000413e       0xd2 /usr/lib/gcc/avr/5.4.0/../../../avr/lib/avr5/libm.a(mulsf3x.o)
                0x000000000000415c                __mulsf3x
                0x0000000000004162                __mulsf3_pse
 .text.avr-libc.fplib
                0x0000000000004210        0xc /usr/lib/gcc/avr/5.4.0/../../../avr/lib/avr5/libm.a(fp_inf.o)
                0x0000000000004210                __fp_inf
 .text.avr-libc.fplib
                0x000000000000421c        0x6 /usr/lib/gcc/avr/5.4.0/../../../avr/lib/avr5/libm.a(fp_nan.o)
                0x000000000000421c                __fp_nan
 .text.avr-libc.fplib
                0x0000000000004222        0xe /usr/lib/gcc/avr/5.4.0/../../../avr/lib/avr5/libm.a(fp_pscA.o)
                0x0000000000004222                __fp_pscA
 .text.avr-libc.fplib
                0x0000000000004230        0xe /usr/lib/gcc/avr/5.4.0/../../../avr/lib/avr5/libm.a(fp_pscB.o)
                0x0000000000004230                __fp_pscB
 .text.avr-libc.fplib
                0x000000000000423e       0x22 /usr/lib/gcc/avr/5.4.0/../../../avr/lib/avr5/libm.a(fp_round.o)
                0x000000000000423e                __fp_round
 .text.libgcc.div
                0x0000000000004260       0x28 /usr/lib/gcc/avr/5.4.0/avr5/libgcc.a(_divmodhi4.o)
                0x0000000000004260                __divmodhi4
                0x0000000000004260                _div
 .text.libgcc   0x0000000000004288        0xc /usr/lib/gcc/avr/5.4.0/avr5/libgcc.a(_tablejump2.o)
                0x0000000000004288                __tablejump2__
 .text.libgcc.div
                0x0000000000004294       0x28 /usr/lib/gcc/avr/5.4.0/avr5/libgcc.a(_udivmodhi4.o)
                0x0000000000004294                __udivmodhi4
 .text.avr-libc
                0x00000000000042bc       0x10 /usr/lib/gcc/avr/5.4.0/../../../avr/lib/avr5/libatmega32u4.a(eerd_byte.o)
                0x00000000000042bc                eeprom_read_byte
 .text.avr-libc
                0x00000000000042cc        0xc /usr/lib/gcc/avr/5.4.0/../../../avr/lib/avr5/libatmega32u4.a(eerd_word.o)
                0x00000000000042cc                eeprom_read_word
 .text.avr-libc
                0x00000000000042d8       0x24 /usr/lib/gcc/avr/5.4.0/../../../avr/lib/avr5/libatmega32u4.a(eeupd_byte.o)
                0x00000000000042d8                eeprom_update_byte
                0x00000000000042da                eeprom_update_r18
 .text.avr-libc
                0x00000000000042fc        0xc /usr/lib/gcc/avr/5.4.0/../../../avr/lib/avr5/libatmega32u4.a(eeupd_word.o)
                0x00000000000042fc                eeprom_update_word
 .text.avr-libc
                0x0000000000004308       0x20 /usr/lib/gcc/avr/5.4.0/../../../avr/lib/avr5/libatmega32u4.a(eerd_block.o)
                0x0000000000004308                eeprom_read_block
                0x000000000000430c                eeprom_read_blraw
                0x0000000000004328                . = ALIGN (0x2)
 *(.fini9)
 .fini9         0x0000000000004328        0x0 /usr/lib/gcc/avr/5.4.0/avr5/libgcc.a(_exit.o)
                0x0000000000004328                exit
                0x0000000000004328                _exit
 *(.fini9)
 *(.fini8)
 *(.fini8)
 *(.fini7)
 *(.fini7)
 *(.fini6)
 *(.fini6)
 *(.fini5)
 *(.fini5)
 *(.fini4)
 *(.fini4)
 *(.fini3)
 *(.fini3)
 *(.fini2)
 *(.fini2)
 *(.fini1)
 *(.fini1)
 *(.fini0)
 .fini0         0x0000000000004328        0x4 /usr/lib/gcc/avr/5.4.0/avr5/libgcc.a(_exit.o)
 *(.fini0)
                0x000000000000432c                _etext = .

.data           0x0000000000800100       0x30 load address 0x000000000000432c
                0x0000000000800100                PROVIDE (__data_start, .)
 *(.data)
 *(.data*)
 .data.keyboard_report
                0x0000000000800100        0x2 .build/obj_kb_default/common/action_util.o
                0x0000000000800100                keyboard_report
 .data.mk_wheel_time_to_max
                0x0000000000800102        0x1 .build/obj_kb_default/common/mousekey.o
                0x0000000000800102                mk_wheel_time_to_max
 .data.mk_wheel_max_speed
                0x0000000000800103        0x1 .build/obj_kb_default/common/mousekey.o
                0x0000000000800103                mk_wheel_max_speed
 .data.mk_time_to_max
                0x0000000000800104        0x1 .build/obj_kb_default/common/mousekey.o
                0x0000000000800104                mk_time_to_max
 .data.mk_max_speed
                0x0000000000800105        0x1 .build/obj_kb_default/common/mousekey.o
                0x0000000000800105                mk_max_speed
 .data.mk_interval
                0x0000000000800106        0x1 .build/obj_kb_default/common/mousekey.o
                0x0000000000800106                mk_interval
 .data.mk_delay
                0x0000000000800107        0x1 .build/obj_kb_default/common/mousekey.o
                0x0000000000800107                mk_delay
 .data.lufa_driver
                0x0000000000800108        0xa .build/obj_kb_default/lufa.o
                0x0000000000800108                lufa_driver
 .data.keyboard_protocol
                0x0000000000800112        0x1 .build/obj_kb_default/lufa.o
                0x0000000000800112                keyboard_protocol
 *(.gnu.linkonce.d*)
 *(.rodata)
 *(.rodata*)
 .rodata.col_pins
                0x0000000000800113        0x4 .build/obj_kb_default/quantum/matrix.o
 .rodata.row_pins
                0x0000000000800117        0x4 .build/obj_kb_default/quantum/matrix.o
 .rodata.CSWTCH.3
                0x000000000080011b        0x4 .build/obj_kb_default/descriptor.o
 .rodata.CSWTCH.2
                0x000000000080011f        0x8 .build/obj_kb_default/descriptor.o
 .rodata.CSWTCH.1
                0x0000000000800127        0x8 .build/obj_kb_default/descriptor.o
 *(.gnu.linkonce.r*)
                0x0000000000800130                . = ALIGN (0x2)
 *fill*         0x000000000080012f        0x1 
                0x0000000000800130                _edata = .
                0x0000000000800130                PROVIDE (__data_end, .)

.bss            0x0000000000800130       0xd9
                0x0000000000800130                PROVIDE (__bss_start, .)
 *(.bss)
 *(.bss*)
 .bss.scs_timer
                0x0000000000800130        0x2 .build/obj_kb_default/quantum/quantum.o
 .bss.shift_interrupted
                0x0000000000800132        0x2 .build/obj_kb_default/quantum/quantum.o
 .bss.leader_sequence_size
                0x0000000000800134        0x1 .build/obj_kb_default/quantum/process_keycode/process_leader.o
                0x0000000000800134                leader_sequence_size
 .bss.leader_sequence
                0x0000000000800135        0xa .build/obj_kb_default/quantum/process_keycode/process_leader.o
                0x0000000000800135                leader_sequence
 .bss.leader_time
                0x000000000080013f        0x2 .build/obj_kb_default/quantum/process_keycode/process_leader.o
                0x000000000080013f                leader_time
 .bss.leading   0x0000000000800141        0x1 .build/obj_kb_default/quantum/process_keycode/process_leader.o
                0x0000000000800141                leading
 .bss.matrix_debouncing
                0x0000000000800142        0x4 .build/obj_kb_default/quantum/matrix.o
 .bss.matrix    0x0000000000800146        0x4 .build/obj_kb_default/quantum/matrix.o
 .bss.debouncing
                0x000000000080014a        0x1 .build/obj_kb_default/quantum/matrix.o
 .bss.debouncing_time
                0x000000000080014b        0x2 .build/obj_kb_default/quantum/matrix.o
 .bss.last_consumer_report
                0x000000000080014d        0x2 .build/obj_kb_default/common/host.o
 .bss.last_system_report
                0x000000000080014f        0x2 .build/obj_kb_default/common/host.o
 .bss.driver    0x0000000000800151        0x2 .build/obj_kb_default/common/host.o
 .bss.led_status.5064
                0x0000000000800153        0x1 .build/obj_kb_default/common/keyboard.o
 .bss.matrix_prev.5063
                0x0000000000800154        0x4 .build/obj_kb_default/common/keyboard.o
 .bss.disable_action_cache
                0x0000000000800158        0x1 .build/obj_kb_default/common/action.o
                0x0000000000800158                disable_action_cache
 .bss.waiting_buffer_tail
                0x0000000000800159        0x1 .build/obj_kb_default/common/action_tapping.o
 .bss.waiting_buffer_head
                0x000000000080015a        0x1 .build/obj_kb_default/common/action_tapping.o
 .bss.waiting_buffer
                0x000000000080015b       0x30 .build/obj_kb_default/common/action_tapping.o
 .bss.tapping_key
                0x000000000080018b        0x6 .build/obj_kb_default/common/action_tapping.o
 .bss.source_layers_cache
                0x0000000000800191        0xa .build/obj_kb_default/common/action_layer.o
                0x0000000000800191                source_layers_cache
 .bss.layer_state
                0x000000000080019b        0x4 .build/obj_kb_default/common/action_layer.o
                0x000000000080019b                layer_state
 .bss.default_layer_state
                0x000000000080019f        0x4 .build/obj_kb_default/common/action_layer.o
                0x000000000080019f                default_layer_state
 .bss.oneshot_layer_data
                0x00000000008001a3        0x1 .build/obj_kb_default/common/action_util.o
 .bss.oneshot_mods
                0x00000000008001a4        0x1 .build/obj_kb_default/common/action_util.o
 .bss.__compound_literal.0
                0x00000000008001a5       0x20 .build/obj_kb_default/common/action_util.o
 .bss.macro_mods
                0x00000000008001c5        0x1 .build/obj_kb_default/common/action_util.o
 .bss.weak_mods
                0x00000000008001c6        0x1 .build/obj_kb_default/common/action_util.o
 .bss.real_mods
                0x00000000008001c7        0x1 .build/obj_kb_default/common/action_util.o
 .bss.debug_config
                0x00000000008001c8        0x1 .build/obj_kb_default/common/debug.o
                0x00000000008001c8                debug_config
 .bss.wdt_timeout
                0x00000000008001c9        0x1 .build/obj_kb_default/common/avr/suspend.o
 .bss.last_timer
                0x00000000008001ca        0x2 .build/obj_kb_default/common/mousekey.o
 .bss.mousekey_accel
                0x00000000008001cc        0x1 .build/obj_kb_default/common/mousekey.o
 .bss.mousekey_repeat
                0x00000000008001cd        0x1 .build/obj_kb_default/common/mousekey.o
 .bss.mouse_report
                0x00000000008001ce        0x5 .build/obj_kb_default/common/mousekey.o
 .bss.keyboard_report_sent
                0x00000000008001d3       0x20 .build/obj_kb_default/lufa.o
 .bss.keyboard_led_stats
                0x00000000008001f3        0x1 .build/obj_kb_default/lufa.o
 .bss.keyboard_idle
                0x00000000008001f4        0x1 .build/obj_kb_default/lufa.o
                0x00000000008001f4                keyboard_idle
 *(COMMON)
 COMMON         0x00000000008001f5        0x4 .build/obj_kb_default/common/avr/timer.o
                0x00000000008001f5                timer_count
 COMMON         0x00000000008001f9        0x2 .build/obj_kb_default/common/bootmagic.o
                0x00000000008001f9                keymap_config
 COMMON         0x00000000008001fb        0x1 .build/obj_kb_default/common/backlight.o
                0x00000000008001fb                backlight_config
 COMMON         0x00000000008001fc        0x3 .build/obj_kb_default/protocol/lufa/LUFA-git/LUFA/Drivers/USB/Core/DeviceStandardReq.o
                0x00000000008001fc                USB_Device_ConfigurationNumber
                0x00000000008001fd                USB_Device_CurrentlySelfPowered
                0x00000000008001fe                USB_Device_RemoteWakeupEnabled
 COMMON         0x00000000008001ff        0xa .build/obj_kb_default/protocol/lufa/LUFA-git/LUFA/Drivers/USB/Core/USBTask.o
                0x00000000008001ff                USB_IsInitialized
                0x0000000000800200                USB_DeviceState
                0x0000000000800201                USB_ControlRequest
                0x0000000000800209                PROVIDE (__bss_end, .)
                0x000000000000432c                __data_load_start = LOADADDR (.data)
                0x000000000000435c                __data_load_end = (__data_load_start + SIZEOF (.data))

.noinit         0x0000000000800209        0x4
                [!provide]                        PROVIDE (__noinit_start, .)
 *(.noinit*)
 .noinit        0x0000000000800209        0x4 .build/obj_kb_default/common/avr/bootloader.o
                0x0000000000800209                reset_key
                [!provide]                        PROVIDE (__noinit_end, .)
                0x000000000080020d                _end = .
                [!provide]                        PROVIDE (__heap_start, .)

.eeprom         0x0000000000810000        0x0
 *(.eeprom*)
                0x0000000000810000                __eeprom_end = .

.fuse
 *(.fuse)
 *(.lfuse)
 *(.hfuse)
 *(.efuse)

.lock
 *(.lock*)

.signature
 *(.signature*)

.user_signatures
 *(.user_signatures*)

.stab
 *(.stab)

.stabstr        0x0000000000000000       0x6f
 *(.stabstr)
 .stabstr       0x0000000000000000       0x6f .build/obj_kb_default/common/avr/xprintf.o

.stab.excl
 *(.stab.excl)

.stab.exclstr
 *(.stab.exclstr)

.stab.index
 *(.stab.index)

.stab.indexstr
 *(.stab.indexstr)

.comment        0x0000000000000000       0x11
 *(.comment)
 .comment       0x0000000000000000       0x11 .build/obj_kb_default/keyboards/kb/keymaps/default/keymap.o
                                         0x12 (size before relaxing)
 .comment       0x0000000000000011       0x12 .build/obj_kb_default/quantum/quantum.o
 .comment       0x0000000000000011       0x12 .build/obj_kb_default/quantum/keymap_common.o
 .comment       0x0000000000000011       0x12 .build/obj_kb_default/quantum/keycode_config.o
 .comment       0x0000000000000011       0x12 .build/obj_kb_default/quantum/process_keycode/process_leader.o
 .comment       0x0000000000000011       0x12 .build/obj_kb_default/quantum/matrix.o
 .comment       0x0000000000000011       0x12 .build/obj_kb_default/common/host.o
 .comment       0x0000000000000011       0x12 .build/obj_kb_default/common/keyboard.o
 .comment       0x0000000000000011       0x12 .build/obj_kb_default/common/action.o
 .comment       0x0000000000000011       0x12 .build/obj_kb_default/common/action_tapping.o
 .comment       0x0000000000000011       0x12 .build/obj_kb_default/common/action_macro.o
 .comment       0x0000000000000011       0x12 .build/obj_kb_default/common/action_layer.o
 .comment       0x0000000000000011       0x12 .build/obj_kb_default/common/action_util.o
 .comment       0x0000000000000011       0x12 .build/obj_kb_default/common/debug.o
 .comment       0x0000000000000011       0x12 .build/obj_kb_default/common/eeconfig.o
 .comment       0x0000000000000011       0x12 .build/obj_kb_default/common/avr/suspend.o
 .comment       0x0000000000000011       0x12 .build/obj_kb_default/common/avr/timer.o
 .comment       0x0000000000000011       0x12 .build/obj_kb_default/common/avr/bootloader.o
 .comment       0x0000000000000011       0x12 .build/obj_kb_default/common/bootmagic.o
 .comment       0x0000000000000011       0x12 .build/obj_kb_default/common/mousekey.o
 .comment       0x0000000000000011       0x12 .build/obj_kb_default/common/backlight.o
 .comment       0x0000000000000011       0x12 .build/obj_kb_default/lufa.o
 .comment       0x0000000000000011       0x12 .build/obj_kb_default/descriptor.o
 .comment       0x0000000000000011       0x12 .build/obj_kb_default/protocol/lufa/LUFA-git/LUFA/Drivers/USB/Core/AVR8/Device_AVR8.o
 .comment       0x0000000000000011       0x12 .build/obj_kb_default/protocol/lufa/LUFA-git/LUFA/Drivers/USB/Core/AVR8/EndpointStream_AVR8.o
 .comment       0x0000000000000011       0x12 .build/obj_kb_default/protocol/lufa/LUFA-git/LUFA/Drivers/USB/Core/AVR8/Endpoint_AVR8.o
 .comment       0x0000000000000011       0x12 .build/obj_kb_default/protocol/lufa/LUFA-git/LUFA/Drivers/USB/Core/AVR8/USBController_AVR8.o
 .comment       0x0000000000000011       0x12 .build/obj_kb_default/protocol/lufa/LUFA-git/LUFA/Drivers/USB/Core/AVR8/USBInterrupt_AVR8.o
 .comment       0x0000000000000011       0x12 .build/obj_kb_default/protocol/lufa/LUFA-git/LUFA/Drivers/USB/Core/DeviceStandardReq.o
 .comment       0x0000000000000011       0x12 .build/obj_kb_default/protocol/lufa/LUFA-git/LUFA/Drivers/USB/Core/Events.o
 .comment       0x0000000000000011       0x12 .build/obj_kb_default/protocol/lufa/LUFA-git/LUFA/Drivers/USB/Core/USBTask.o

.note.gnu.avr.deviceinfo
                0x0000000000000000       0x40
 .note.gnu.avr.deviceinfo
                0x0000000000000000       0x40 /usr/lib/gcc/avr/5.4.0/../../../avr/lib/avr5/crtatmega32u4.o

.note.gnu.build-id
 *(.note.gnu.build-id)

.debug
 *(.debug)

.line
 *(.line)

.debug_srcinfo
 *(.debug_srcinfo)

.debug_sfnames
 *(.debug_sfnames)

.debug_aranges  0x0000000000000000      0xa28
 *(.debug_aranges)
 .debug_aranges
                0x0000000000000000       0x38 .build/obj_kb_default/keyboards/kb/keymaps/default/keymap.o
 .debug_aranges
                0x0000000000000038       0xd8 .build/obj_kb_default/quantum/quantum.o
 .debug_aranges
                0x0000000000000110       0x40 .build/obj_kb_default/quantum/keymap_common.o
 .debug_aranges
                0x0000000000000150       0x20 .build/obj_kb_default/quantum/keycode_config.o
 .debug_aranges
                0x0000000000000170       0x28 .build/obj_kb_default/quantum/process_keycode/process_leader.o
 .debug_aranges
                0x0000000000000198       0x80 .build/obj_kb_default/quantum/matrix.o
 .debug_aranges
                0x0000000000000218       0x60 .build/obj_kb_default/common/host.o
 .debug_aranges
                0x0000000000000278       0x40 .build/obj_kb_default/common/keyboard.o
 .debug_aranges
                0x00000000000002b8       0x90 .build/obj_kb_default/common/action.o
 .debug_aranges
                0x0000000000000348       0x40 .build/obj_kb_default/common/action_tapping.o
 .debug_aranges
                0x0000000000000388       0x20 .build/obj_kb_default/common/action_macro.o
 .debug_aranges
                0x00000000000003a8       0xa8 .build/obj_kb_default/common/action_layer.o
 .debug_aranges
                0x0000000000000450      0x128 .build/obj_kb_default/common/action_util.o
 .debug_aranges
                0x0000000000000578       0x18 .build/obj_kb_default/common/debug.o
 .debug_aranges
                0x0000000000000590       0x78 .build/obj_kb_default/common/eeconfig.o
 .debug_aranges
                0x0000000000000608       0x48 .build/obj_kb_default/common/avr/suspend.o
 .debug_aranges
                0x0000000000000650       0x50 .build/obj_kb_default/common/avr/timer.o
 .debug_aranges
                0x00000000000006a0       0x28 .build/obj_kb_default/common/avr/bootloader.o
 .debug_aranges
                0x00000000000006c8       0x30 .build/obj_kb_default/common/bootmagic.o
 .debug_aranges
                0x00000000000006f8       0x50 .build/obj_kb_default/common/mousekey.o
 .debug_aranges
                0x0000000000000748       0x50 .build/obj_kb_default/common/backlight.o
 .debug_aranges
                0x0000000000000798       0x80 .build/obj_kb_default/lufa.o
 .debug_aranges
                0x0000000000000818       0x20 .build/obj_kb_default/descriptor.o
 .debug_aranges
                0x0000000000000838       0x20 .build/obj_kb_default/protocol/lufa/LUFA-git/LUFA/Drivers/USB/Core/AVR8/Device_AVR8.o
 .debug_aranges
                0x0000000000000858       0xc8 .build/obj_kb_default/protocol/lufa/LUFA-git/LUFA/Drivers/USB/Core/AVR8/EndpointStream_AVR8.o
 .debug_aranges
                0x0000000000000920       0x40 .build/obj_kb_default/protocol/lufa/LUFA-git/LUFA/Drivers/USB/Core/AVR8/Endpoint_AVR8.o
 .debug_aranges
                0x0000000000000960       0x30 .build/obj_kb_default/protocol/lufa/LUFA-git/LUFA/Drivers/USB/Core/AVR8/USBController_AVR8.o
 .debug_aranges
                0x0000000000000990       0x38 .build/obj_kb_default/protocol/lufa/LUFA-git/LUFA/Drivers/USB/Core/AVR8/USBInterrupt_AVR8.o
 .debug_aranges
                0x00000000000009c8       0x20 .build/obj_kb_default/protocol/lufa/LUFA-git/LUFA/Drivers/USB/Core/DeviceStandardReq.o
 .debug_aranges
                0x00000000000009e8       0x20 .build/obj_kb_default/protocol/lufa/LUFA-git/LUFA/Drivers/USB/Core/Events.o
 .debug_aranges
                0x0000000000000a08       0x20 .build/obj_kb_default/protocol/lufa/LUFA-git/LUFA/Drivers/USB/Core/USBTask.o

.debug_pubnames
 *(.debug_pubnames)

.debug_info     0x0000000000000000    0x106a6
 *(.debug_info .gnu.linkonce.wi.*)
 .debug_info    0x0000000000000000      0x9f4 /usr/lib/gcc/avr/5.4.0/../../../avr/lib/avr5/crtatmega32u4.o
 .debug_info    0x00000000000009f4      0x6ef .build/obj_kb_default/keyboards/kb/keymaps/default/keymap.o
 .debug_info    0x00000000000010e3     0x1655 .build/obj_kb_default/quantum/quantum.o
 .debug_info    0x0000000000002738     0x111b .build/obj_kb_default/quantum/keymap_common.o
 .debug_info    0x0000000000003853      0x583 .build/obj_kb_default/quantum/keycode_config.o
 .debug_info    0x0000000000003dd6      0x567 .build/obj_kb_default/quantum/process_keycode/process_leader.o
 .debug_info    0x000000000000433d      0x68a .build/obj_kb_default/quantum/matrix.o
 .debug_info    0x00000000000049c7      0x4a9 .build/obj_kb_default/common/host.o
 .debug_info    0x0000000000004e70      0x43e .build/obj_kb_default/common/keyboard.o
 .debug_info    0x00000000000052ae     0x186d .build/obj_kb_default/common/action.o
 .debug_info    0x0000000000006b1b      0xde0 .build/obj_kb_default/common/action_tapping.o
 .debug_info    0x00000000000078fb      0x78c .build/obj_kb_default/common/action_macro.o
 .debug_info    0x0000000000008087      0xaa0 .build/obj_kb_default/common/action_layer.o
 .debug_info    0x0000000000008b27      0x964 .build/obj_kb_default/common/action_util.o
 .debug_info    0x000000000000948b       0xfc .build/obj_kb_default/common/debug.o
 .debug_info    0x0000000000009587      0x412 .build/obj_kb_default/common/eeconfig.o
 .debug_info    0x0000000000009999      0x303 .build/obj_kb_default/common/avr/suspend.o
 .debug_info    0x0000000000009c9c      0x391 .build/obj_kb_default/common/avr/timer.o
 .debug_info    0x000000000000a02d      0x206 .build/obj_kb_default/common/avr/bootloader.o
 .debug_info    0x000000000000a233      0xad9 .build/obj_kb_default/common/bootmagic.o
 .debug_info    0x000000000000ad0c      0x5e6 .build/obj_kb_default/common/mousekey.o
 .debug_info    0x000000000000b2f2      0x265 .build/obj_kb_default/common/backlight.o
 .debug_info    0x000000000000b557     0x10ec .build/obj_kb_default/lufa.o
 .debug_info    0x000000000000c643      0x7c6 .build/obj_kb_default/descriptor.o
 .debug_info    0x000000000000ce09       0xd2 .build/obj_kb_default/protocol/lufa/LUFA-git/LUFA/Drivers/USB/Core/AVR8/Device_AVR8.o
 .debug_info    0x000000000000cedb     0x17c8 .build/obj_kb_default/protocol/lufa/LUFA-git/LUFA/Drivers/USB/Core/AVR8/EndpointStream_AVR8.o
 .debug_info    0x000000000000e6a3      0x620 .build/obj_kb_default/protocol/lufa/LUFA-git/LUFA/Drivers/USB/Core/AVR8/Endpoint_AVR8.o
 .debug_info    0x000000000000ecc3      0x4e7 .build/obj_kb_default/protocol/lufa/LUFA-git/LUFA/Drivers/USB/Core/AVR8/USBController_AVR8.o
 .debug_info    0x000000000000f1aa      0x7e7 .build/obj_kb_default/protocol/lufa/LUFA-git/LUFA/Drivers/USB/Core/AVR8/USBInterrupt_AVR8.o
 .debug_info    0x000000000000f991      0xa2b .build/obj_kb_default/protocol/lufa/LUFA-git/LUFA/Drivers/USB/Core/DeviceStandardReq.o
 .debug_info    0x00000000000103bc       0x78 .build/obj_kb_default/protocol/lufa/LUFA-git/LUFA/Drivers/USB/Core/Events.o
 .debug_info    0x0000000000010434      0x272 .build/obj_kb_default/protocol/lufa/LUFA-git/LUFA/Drivers/USB/Core/USBTask.o

.debug_abbrev   0x0000000000000000     0x4254
 *(.debug_abbrev)
 .debug_abbrev  0x0000000000000000      0x96a /usr/lib/gcc/avr/5.4.0/../../../avr/lib/avr5/crtatmega32u4.o
 .debug_abbrev  0x000000000000096a      0x16f .build/obj_kb_default/keyboards/kb/keymaps/default/keymap.o
 .debug_abbrev  0x0000000000000ad9      0x3a2 .build/obj_kb_default/quantum/quantum.o
 .debug_abbrev  0x0000000000000e7b      0x22f .build/obj_kb_default/quantum/keymap_common.o
 .debug_abbrev  0x00000000000010aa       0xd2 .build/obj_kb_default/quantum/keycode_config.o
 .debug_abbrev  0x000000000000117c      0x152 .build/obj_kb_default/quantum/process_keycode/process_leader.o
 .debug_abbrev  0x00000000000012ce      0x2ff .build/obj_kb_default/quantum/matrix.o
 .debug_abbrev  0x00000000000015cd      0x183 .build/obj_kb_default/common/host.o
 .debug_abbrev  0x0000000000001750      0x1fc .build/obj_kb_default/common/keyboard.o
 .debug_abbrev  0x000000000000194c      0x2ed .build/obj_kb_default/common/action.o
 .debug_abbrev  0x0000000000001c39      0x2c3 .build/obj_kb_default/common/action_tapping.o
 .debug_abbrev  0x0000000000001efc      0x162 .build/obj_kb_default/common/action_macro.o
 .debug_abbrev  0x000000000000205e      0x279 .build/obj_kb_default/common/action_layer.o
 .debug_abbrev  0x00000000000022d7      0x2e0 .build/obj_kb_default/common/action_util.o
 .debug_abbrev  0x00000000000025b7       0x87 .build/obj_kb_default/common/debug.o
 .debug_abbrev  0x000000000000263e       0xc2 .build/obj_kb_default/common/eeconfig.o
 .debug_abbrev  0x0000000000002700      0x1db .build/obj_kb_default/common/avr/suspend.o
 .debug_abbrev  0x00000000000028db      0x17e .build/obj_kb_default/common/avr/timer.o
 .debug_abbrev  0x0000000000002a59      0x171 .build/obj_kb_default/common/avr/bootloader.o
 .debug_abbrev  0x0000000000002bca      0x219 .build/obj_kb_default/common/bootmagic.o
 .debug_abbrev  0x0000000000002de3      0x1b4 .build/obj_kb_default/common/mousekey.o
 .debug_abbrev  0x0000000000002f97       0xfb .build/obj_kb_default/common/backlight.o
 .debug_abbrev  0x0000000000003092      0x3bf .build/obj_kb_default/lufa.o
 .debug_abbrev  0x0000000000003451      0x184 .build/obj_kb_default/descriptor.o
 .debug_abbrev  0x00000000000035d5       0x80 .build/obj_kb_default/protocol/lufa/LUFA-git/LUFA/Drivers/USB/Core/AVR8/Device_AVR8.o
 .debug_abbrev  0x0000000000003655      0x1ea .build/obj_kb_default/protocol/lufa/LUFA-git/LUFA/Drivers/USB/Core/AVR8/EndpointStream_AVR8.o
 .debug_abbrev  0x000000000000383f      0x226 .build/obj_kb_default/protocol/lufa/LUFA-git/LUFA/Drivers/USB/Core/AVR8/Endpoint_AVR8.o
 .debug_abbrev  0x0000000000003a65      0x191 .build/obj_kb_default/protocol/lufa/LUFA-git/LUFA/Drivers/USB/Core/AVR8/USBController_AVR8.o
 .debug_abbrev  0x0000000000003bf6      0x213 .build/obj_kb_default/protocol/lufa/LUFA-git/LUFA/Drivers/USB/Core/AVR8/USBInterrupt_AVR8.o
 .debug_abbrev  0x0000000000003e09      0x29c .build/obj_kb_default/protocol/lufa/LUFA-git/LUFA/Drivers/USB/Core/DeviceStandardReq.o
 .debug_abbrev  0x00000000000040a5       0x44 .build/obj_kb_default/protocol/lufa/LUFA-git/LUFA/Drivers/USB/Core/Events.o
 .debug_abbrev  0x00000000000040e9      0x16b .build/obj_kb_default/protocol/lufa/LUFA-git/LUFA/Drivers/USB/Core/USBTask.o

.debug_line     0x0000000000000000     0x774c
 *(.debug_line .debug_line.* .debug_line_end)
 .debug_line    0x0000000000000000       0x1a /usr/lib/gcc/avr/5.4.0/../../../avr/lib/avr5/crtatmega32u4.o
 .debug_line    0x000000000000001a      0x144 .build/obj_kb_default/keyboards/kb/keymaps/default/keymap.o
 .debug_line    0x000000000000015e      0x7b1 .build/obj_kb_default/quantum/quantum.o
 .debug_line    0x000000000000090f      0x3b3 .build/obj_kb_default/quantum/keymap_common.o
 .debug_line    0x0000000000000cc2      0x13a .build/obj_kb_default/quantum/keycode_config.o
 .debug_line    0x0000000000000dfc      0x1a3 .build/obj_kb_default/quantum/process_keycode/process_leader.o
 .debug_line    0x0000000000000f9f      0x30e .build/obj_kb_default/quantum/matrix.o
 .debug_line    0x00000000000012ad      0x1ca .build/obj_kb_default/common/host.o
 .debug_line    0x0000000000001477      0x22e .build/obj_kb_default/common/keyboard.o
 .debug_line    0x00000000000016a5      0x8ef .build/obj_kb_default/common/action.o
 .debug_line    0x0000000000001f94      0x51d .build/obj_kb_default/common/action_tapping.o
 .debug_line    0x00000000000024b1      0x1bb .build/obj_kb_default/common/action_macro.o
 .debug_line    0x000000000000266c      0x33e .build/obj_kb_default/common/action_layer.o
 .debug_line    0x00000000000029aa      0x53d .build/obj_kb_default/common/action_util.o
 .debug_line    0x0000000000002ee7       0x63 .build/obj_kb_default/common/debug.o
 .debug_line    0x0000000000002f4a      0x1aa .build/obj_kb_default/common/eeconfig.o
 .debug_line    0x00000000000030f4      0x294 .build/obj_kb_default/common/avr/suspend.o
 .debug_line    0x0000000000003388      0x224 .build/obj_kb_default/common/avr/timer.o
 .debug_line    0x00000000000035ac      0x1c1 .build/obj_kb_default/common/avr/bootloader.o
 .debug_line    0x000000000000376d      0x398 .build/obj_kb_default/common/bootmagic.o
 .debug_line    0x0000000000003b05      0x5ea .build/obj_kb_default/common/mousekey.o
 .debug_line    0x00000000000040ef      0x1d6 .build/obj_kb_default/common/backlight.o
 .debug_line    0x00000000000042c5      0x7f8 .build/obj_kb_default/lufa.o
 .debug_line    0x0000000000004abd      0x208 .build/obj_kb_default/descriptor.o
 .debug_line    0x0000000000004cc5      0x13c .build/obj_kb_default/protocol/lufa/LUFA-git/LUFA/Drivers/USB/Core/AVR8/Device_AVR8.o
 .debug_line    0x0000000000004e01     0x1454 .build/obj_kb_default/protocol/lufa/LUFA-git/LUFA/Drivers/USB/Core/AVR8/EndpointStream_AVR8.o
 .debug_line    0x0000000000006255      0x50b .build/obj_kb_default/protocol/lufa/LUFA-git/LUFA/Drivers/USB/Core/AVR8/Endpoint_AVR8.o
 .debug_line    0x0000000000006760      0x357 .build/obj_kb_default/protocol/lufa/LUFA-git/LUFA/Drivers/USB/Core/AVR8/USBController_AVR8.o
 .debug_line    0x0000000000006ab7      0x5b9 .build/obj_kb_default/protocol/lufa/LUFA-git/LUFA/Drivers/USB/Core/AVR8/USBInterrupt_AVR8.o
 .debug_line    0x0000000000007070      0x4c6 .build/obj_kb_default/protocol/lufa/LUFA-git/LUFA/Drivers/USB/Core/DeviceStandardReq.o
 .debug_line    0x0000000000007536       0x6e .build/obj_kb_default/protocol/lufa/LUFA-git/LUFA/Drivers/USB/Core/Events.o
 .debug_line    0x00000000000075a4      0x1a8 .build/obj_kb_default/protocol/lufa/LUFA-git/LUFA/Drivers/USB/Core/USBTask.o

.debug_frame    0x0000000000000000     0x199c
 *(.debug_frame)
 .debug_frame   0x0000000000000000       0x64 .build/obj_kb_default/keyboards/kb/keymaps/default/keymap.o
 .debug_frame   0x0000000000000064      0x274 .build/obj_kb_default/quantum/quantum.o
 .debug_frame   0x00000000000002d8       0x64 .build/obj_kb_default/quantum/keymap_common.o
 .debug_frame   0x000000000000033c       0x24 .build/obj_kb_default/quantum/keycode_config.o
 .debug_frame   0x0000000000000360       0x58 .build/obj_kb_default/quantum/process_keycode/process_leader.o
 .debug_frame   0x00000000000003b8      0x178 .build/obj_kb_default/quantum/matrix.o
 .debug_frame   0x0000000000000530       0xa4 .build/obj_kb_default/common/host.o
 .debug_frame   0x00000000000005d4       0xa0 .build/obj_kb_default/common/keyboard.o
 .debug_frame   0x0000000000000674      0x19c .build/obj_kb_default/common/action.o
 .debug_frame   0x0000000000000810       0xdc .build/obj_kb_default/common/action_tapping.o
 .debug_frame   0x00000000000008ec       0x48 .build/obj_kb_default/common/action_macro.o
 .debug_frame   0x0000000000000934      0x1dc .build/obj_kb_default/common/action_layer.o
 .debug_frame   0x0000000000000b10      0x240 .build/obj_kb_default/common/action_util.o
 .debug_frame   0x0000000000000d50       0xd4 .build/obj_kb_default/common/eeconfig.o
 .debug_frame   0x0000000000000e24       0xb0 .build/obj_kb_default/common/avr/suspend.o
 .debug_frame   0x0000000000000ed4       0xf0 .build/obj_kb_default/common/avr/timer.o
 .debug_frame   0x0000000000000fc4       0x34 .build/obj_kb_default/common/avr/bootloader.o
 .debug_frame   0x0000000000000ff8       0x80 .build/obj_kb_default/common/bootmagic.o
 .debug_frame   0x0000000000001078       0x98 .build/obj_kb_default/common/mousekey.o
 .debug_frame   0x0000000000001110       0x84 .build/obj_kb_default/common/backlight.o
 .debug_frame   0x0000000000001194      0x128 .build/obj_kb_default/lufa.o
 .debug_frame   0x00000000000012bc       0x24 .build/obj_kb_default/descriptor.o
 .debug_frame   0x00000000000012e0       0x24 .build/obj_kb_default/protocol/lufa/LUFA-git/LUFA/Drivers/USB/Core/AVR8/Device_AVR8.o
 .debug_frame   0x0000000000001304      0x42c .build/obj_kb_default/protocol/lufa/LUFA-git/LUFA/Drivers/USB/Core/AVR8/EndpointStream_AVR8.o
 .debug_frame   0x0000000000001730       0x7c .build/obj_kb_default/protocol/lufa/LUFA-git/LUFA/Drivers/USB/Core/AVR8/Endpoint_AVR8.o
 .debug_frame   0x00000000000017ac       0x5c .build/obj_kb_default/protocol/lufa/LUFA-git/LUFA/Drivers/USB/Core/AVR8/USBController_AVR8.o
 .debug_frame   0x0000000000001808      0x108 .build/obj_kb_default/protocol/lufa/LUFA-git/LUFA/Drivers/USB/Core/AVR8/USBInterrupt_AVR8.o
 .debug_frame   0x0000000000001910       0x3c .build/obj_kb_default/protocol/lufa/LUFA-git/LUFA/Drivers/USB/Core/DeviceStandardReq.o
 .debug_frame   0x000000000000194c       0x24 .build/obj_kb_default/protocol/lufa/LUFA-git/LUFA/Drivers/USB/Core/Events.o
 .debug_frame   0x0000000000001970       0x2c .build/obj_kb_default/protocol/lufa/LUFA-git/LUFA/Drivers/USB/Core/USBTask.o

.debug_str      0x0000000000000000     0x4764
 *(.debug_str)
 .debug_str     0x0000000000000000      0x371 /usr/lib/gcc/avr/5.4.0/../../../avr/lib/avr5/crtatmega32u4.o
 .debug_str     0x0000000000000371      0x7f8 .build/obj_kb_default/keyboards/kb/keymaps/default/keymap.o
                                        0x866 (size before relaxing)
 .debug_str     0x0000000000000b69      0x923 .build/obj_kb_default/quantum/quantum.o
                                       0x11b7 (size before relaxing)
 .debug_str     0x000000000000148c      0x6b3 .build/obj_kb_default/quantum/keymap_common.o
                                       0x1403 (size before relaxing)
 .debug_str     0x0000000000001b3f       0x19 .build/obj_kb_default/quantum/keycode_config.o
                                        0x811 (size before relaxing)
 .debug_str     0x0000000000001b58       0x6d .build/obj_kb_default/quantum/process_keycode/process_leader.o
                                        0x78b (size before relaxing)
 .debug_str     0x0000000000001bc5      0x167 .build/obj_kb_default/quantum/matrix.o
                                        0x3d2 (size before relaxing)
 .debug_str     0x0000000000001d2c      0x12f .build/obj_kb_default/common/host.o
                                        0x381 (size before relaxing)
 .debug_str     0x0000000000001e5b       0xd6 .build/obj_kb_default/common/keyboard.o
                                        0x365 (size before relaxing)
 .debug_str     0x0000000000001f31      0x3d5 .build/obj_kb_default/common/action.o
                                       0x1360 (size before relaxing)
 .debug_str     0x0000000000002306       0xe8 .build/obj_kb_default/common/action_tapping.o
                                        0xb18 (size before relaxing)
 .debug_str     0x00000000000023ee       0x76 .build/obj_kb_default/common/action_macro.o
                                        0x89c (size before relaxing)
 .debug_str     0x0000000000002464       0x94 .build/obj_kb_default/common/action_layer.o
                                        0x4d0 (size before relaxing)
 .debug_str     0x00000000000024f8      0x18f .build/obj_kb_default/common/action_util.o
                                        0x611 (size before relaxing)
 .debug_str     0x0000000000002687       0x1a .build/obj_kb_default/common/debug.o
                                        0x1e6 (size before relaxing)
 .debug_str     0x00000000000026a1      0x11c .build/obj_kb_default/common/eeconfig.o
                                        0x2fd (size before relaxing)
 .debug_str     0x00000000000027bd      0x159 .build/obj_kb_default/common/avr/suspend.o
                                        0x385 (size before relaxing)
 .debug_str     0x0000000000002916       0x81 .build/obj_kb_default/common/avr/timer.o
                                        0x247 (size before relaxing)
 .debug_str     0x0000000000002997       0x69 .build/obj_kb_default/common/avr/bootloader.o
                                        0x290 (size before relaxing)
 .debug_str     0x0000000000002a00       0x35 .build/obj_kb_default/common/bootmagic.o
                                        0xa21 (size before relaxing)
 .debug_str     0x0000000000002a35       0xc2 .build/obj_kb_default/common/mousekey.o
                                        0x68e (size before relaxing)
 .debug_str     0x0000000000002af7       0x56 .build/obj_kb_default/common/backlight.o
                                        0x2b4 (size before relaxing)
 .debug_str     0x0000000000002b4d      0x4cd .build/obj_kb_default/lufa.o
                                        0x991 (size before relaxing)
 .debug_str     0x000000000000301a      0x76e .build/obj_kb_default/descriptor.o
                                        0x986 (size before relaxing)
 .debug_str     0x0000000000003788       0x77 .build/obj_kb_default/protocol/lufa/LUFA-git/LUFA/Drivers/USB/Core/AVR8/Device_AVR8.o
                                        0x226 (size before relaxing)
 .debug_str     0x00000000000037ff      0x4d5 .build/obj_kb_default/protocol/lufa/LUFA-git/LUFA/Drivers/USB/Core/AVR8/EndpointStream_AVR8.o
                                        0x888 (size before relaxing)
 .debug_str     0x0000000000003cd4      0x26d .build/obj_kb_default/protocol/lufa/LUFA-git/LUFA/Drivers/USB/Core/AVR8/Endpoint_AVR8.o
                                        0x648 (size before relaxing)
 .debug_str     0x0000000000003f41      0x1d9 .build/obj_kb_default/protocol/lufa/LUFA-git/LUFA/Drivers/USB/Core/AVR8/USBController_AVR8.o
                                        0x587 (size before relaxing)
 .debug_str     0x000000000000411a      0x176 .build/obj_kb_default/protocol/lufa/LUFA-git/LUFA/Drivers/USB/Core/AVR8/USBInterrupt_AVR8.o
                                        0x606 (size before relaxing)
 .debug_str     0x0000000000004290      0x426 .build/obj_kb_default/protocol/lufa/LUFA-git/LUFA/Drivers/USB/Core/DeviceStandardReq.o
                                        0x9fa (size before relaxing)
 .debug_str     0x00000000000046b6       0x50 .build/obj_kb_default/protocol/lufa/LUFA-git/LUFA/Drivers/USB/Core/Events.o
                                        0x1cc (size before relaxing)
 .debug_str     0x0000000000004706       0x5e .build/obj_kb_default/protocol/lufa/LUFA-git/LUFA/Drivers/USB/Core/USBTask.o
                                        0x3ad (size before relaxing)

.debug_loc      0x0000000000000000     0x78f0
 *(.debug_loc)
 .debug_loc     0x0000000000000000       0x4c .build/obj_kb_default/keyboards/kb/keymaps/default/keymap.o
 .debug_loc     0x000000000000004c      0x934 .build/obj_kb_default/quantum/quantum.o
 .debug_loc     0x0000000000000980      0x67b .build/obj_kb_default/quantum/keymap_common.o
 .debug_loc     0x0000000000000ffb      0x116 .build/obj_kb_default/quantum/keycode_config.o
 .debug_loc     0x0000000000001111       0xf2 .build/obj_kb_default/quantum/process_keycode/process_leader.o
 .debug_loc     0x0000000000001203      0x50e .build/obj_kb_default/quantum/matrix.o
 .debug_loc     0x0000000000001711       0xd8 .build/obj_kb_default/common/host.o
 .debug_loc     0x00000000000017e9      0x198 .build/obj_kb_default/common/keyboard.o
 .debug_loc     0x0000000000001981      0x9c3 .build/obj_kb_default/common/action.o
 .debug_loc     0x0000000000002344      0x5bc .build/obj_kb_default/common/action_tapping.o
 .debug_loc     0x0000000000002900      0x48c .build/obj_kb_default/common/action_macro.o
 .debug_loc     0x0000000000002d8c      0x938 .build/obj_kb_default/common/action_layer.o
 .debug_loc     0x00000000000036c4      0x369 .build/obj_kb_default/common/action_util.o
 .debug_loc     0x0000000000003a2d       0xb0 .build/obj_kb_default/common/eeconfig.o
 .debug_loc     0x0000000000003add       0xd9 .build/obj_kb_default/common/avr/suspend.o
 .debug_loc     0x0000000000003bb6      0x2ea .build/obj_kb_default/common/avr/timer.o
 .debug_loc     0x0000000000003ea0       0x48 .build/obj_kb_default/common/avr/bootloader.o
 .debug_loc     0x0000000000003ee8      0x275 .build/obj_kb_default/common/bootmagic.o
 .debug_loc     0x000000000000415d      0x3ea .build/obj_kb_default/common/mousekey.o
 .debug_loc     0x0000000000004547       0x21 .build/obj_kb_default/common/backlight.o
 .debug_loc     0x0000000000004568      0x671 .build/obj_kb_default/lufa.o
 .debug_loc     0x0000000000004bd9      0x20a .build/obj_kb_default/descriptor.o
 .debug_loc     0x0000000000004de3     0x1f97 .build/obj_kb_default/protocol/lufa/LUFA-git/LUFA/Drivers/USB/Core/AVR8/EndpointStream_AVR8.o
 .debug_loc     0x0000000000006d7a      0x38d .build/obj_kb_default/protocol/lufa/LUFA-git/LUFA/Drivers/USB/Core/AVR8/Endpoint_AVR8.o
 .debug_loc     0x0000000000007107       0xd5 .build/obj_kb_default/protocol/lufa/LUFA-git/LUFA/Drivers/USB/Core/AVR8/USBController_AVR8.o
 .debug_loc     0x00000000000071dc      0x3f4 .build/obj_kb_default/protocol/lufa/LUFA-git/LUFA/Drivers/USB/Core/AVR8/USBInterrupt_AVR8.o
 .debug_loc     0x00000000000075d0      0x2d7 .build/obj_kb_default/protocol/lufa/LUFA-git/LUFA/Drivers/USB/Core/DeviceStandardReq.o
 .debug_loc     0x00000000000078a7       0x49 .build/obj_kb_default/protocol/lufa/LUFA-git/LUFA/Drivers/USB/Core/USBTask.o

.debug_macinfo
 *(.debug_macinfo)

.debug_weaknames
 *(.debug_weaknames)

.debug_funcnames
 *(.debug_funcnames)

.debug_typenames
 *(.debug_typenames)

.debug_varnames
 *(.debug_varnames)

.debug_pubtypes
 *(.debug_pubtypes)

.debug_ranges   0x0000000000000000      0xb58
 *(.debug_ranges)
 .debug_ranges  0x0000000000000000       0x28 .build/obj_kb_default/keyboards/kb/keymaps/default/keymap.o
 .debug_ranges  0x0000000000000028       0xc8 .build/obj_kb_default/quantum/quantum.o
 .debug_ranges  0x00000000000000f0       0x30 .build/obj_kb_default/quantum/keymap_common.o
 .debug_ranges  0x0000000000000120       0x10 .build/obj_kb_default/quantum/keycode_config.o
 .debug_ranges  0x0000000000000130       0x18 .build/obj_kb_default/quantum/process_keycode/process_leader.o
 .debug_ranges  0x0000000000000148       0xa0 .build/obj_kb_default/quantum/matrix.o
 .debug_ranges  0x00000000000001e8       0x50 .build/obj_kb_default/common/host.o
 .debug_ranges  0x0000000000000238       0x50 .build/obj_kb_default/common/keyboard.o
 .debug_ranges  0x0000000000000288       0x80 .build/obj_kb_default/common/action.o
 .debug_ranges  0x0000000000000308       0x60 .build/obj_kb_default/common/action_tapping.o
 .debug_ranges  0x0000000000000368       0x28 .build/obj_kb_default/common/action_macro.o
 .debug_ranges  0x0000000000000390      0x140 .build/obj_kb_default/common/action_layer.o
 .debug_ranges  0x00000000000004d0      0x130 .build/obj_kb_default/common/action_util.o
 .debug_ranges  0x0000000000000600       0x68 .build/obj_kb_default/common/eeconfig.o
 .debug_ranges  0x0000000000000668       0x38 .build/obj_kb_default/common/avr/suspend.o
 .debug_ranges  0x00000000000006a0       0x40 .build/obj_kb_default/common/avr/timer.o
 .debug_ranges  0x00000000000006e0       0x18 .build/obj_kb_default/common/avr/bootloader.o
 .debug_ranges  0x00000000000006f8       0x38 .build/obj_kb_default/common/bootmagic.o
 .debug_ranges  0x0000000000000730       0x40 .build/obj_kb_default/common/mousekey.o
 .debug_ranges  0x0000000000000770       0x40 .build/obj_kb_default/common/backlight.o
 .debug_ranges  0x00000000000007b0       0x70 .build/obj_kb_default/lufa.o
 .debug_ranges  0x0000000000000820       0x28 .build/obj_kb_default/descriptor.o
 .debug_ranges  0x0000000000000848       0x10 .build/obj_kb_default/protocol/lufa/LUFA-git/LUFA/Drivers/USB/Core/AVR8/Device_AVR8.o
 .debug_ranges  0x0000000000000858      0x1f8 .build/obj_kb_default/protocol/lufa/LUFA-git/LUFA/Drivers/USB/Core/AVR8/EndpointStream_AVR8.o
 .debug_ranges  0x0000000000000a50       0x78 .build/obj_kb_default/protocol/lufa/LUFA-git/LUFA/Drivers/USB/Core/AVR8/Endpoint_AVR8.o
 .debug_ranges  0x0000000000000ac8       0x20 .build/obj_kb_default/protocol/lufa/LUFA-git/LUFA/Drivers/USB/Core/AVR8/USBController_AVR8.o
 .debug_ranges  0x0000000000000ae8       0x28 .build/obj_kb_default/protocol/lufa/LUFA-git/LUFA/Drivers/USB/Core/AVR8/USBInterrupt_AVR8.o
 .debug_ranges  0x0000000000000b10       0x28 .build/obj_kb_default/protocol/lufa/LUFA-git/LUFA/Drivers/USB/Core/DeviceStandardReq.o
 .debug_ranges  0x0000000000000b38       0x10 .build/obj_kb_default/protocol/lufa/LUFA-git/LUFA/Drivers/USB/Core/Events.o
 .debug_ranges  0x0000000000000b48       0x10 .build/obj_kb_default/protocol/lufa/LUFA-git/LUFA/Drivers/USB/Core/USBTask.o

.debug_macro
 *(.debug_macro)
OUTPUT(.build/kb_default.elf elf32-avr)
LOAD linker stubs

Cross Reference Table

Symbol                                            File
CALLBACK_HIDParser_FilterHIDReportItem            .build/obj_kb_default/protocol/lufa/LUFA-git/LUFA/Drivers/USB/Class/Common/HIDParser.o
CALLBACK_USB_GetDescriptor                        .build/obj_kb_default/descriptor.o
                                                  .build/obj_kb_default/protocol/lufa/LUFA-git/LUFA/Drivers/USB/Core/DeviceStandardReq.o
ConfigurationDescriptor                           .build/obj_kb_default/descriptor.o
DeviceDescriptor                                  .build/obj_kb_default/descriptor.o
EVENT_USB_Device_ConfigurationChanged             .build/obj_kb_default/lufa.o
                                                  .build/obj_kb_default/protocol/lufa/LUFA-git/LUFA/Drivers/USB/Core/DeviceStandardReq.o
EVENT_USB_Device_Connect                          .build/obj_kb_default/lufa.o
                                                  .build/obj_kb_default/protocol/lufa/LUFA-git/LUFA/Drivers/USB/Core/AVR8/USBInterrupt_AVR8.o
EVENT_USB_Device_ControlRequest                   .build/obj_kb_default/lufa.o
                                                  .build/obj_kb_default/protocol/lufa/LUFA-git/LUFA/Drivers/USB/Core/DeviceStandardReq.o
EVENT_USB_Device_Disconnect                       .build/obj_kb_default/lufa.o
                                                  .build/obj_kb_default/protocol/lufa/LUFA-git/LUFA/Drivers/USB/Core/AVR8/USBInterrupt_AVR8.o
EVENT_USB_Device_Reset                            .build/obj_kb_default/lufa.o
                                                  .build/obj_kb_default/protocol/lufa/LUFA-git/LUFA/Drivers/USB/Core/AVR8/USBInterrupt_AVR8.o
EVENT_USB_Device_StartOfFrame                     .build/obj_kb_default/protocol/lufa/LUFA-git/LUFA/Drivers/USB/Core/Events.o
                                                  .build/obj_kb_default/protocol/lufa/LUFA-git/LUFA/Drivers/USB/Core/AVR8/USBInterrupt_AVR8.o
EVENT_USB_Device_Suspend                          .build/obj_kb_default/lufa.o
                                                  .build/obj_kb_default/protocol/lufa/LUFA-git/LUFA/Drivers/USB/Core/AVR8/USBInterrupt_AVR8.o
EVENT_USB_Device_WakeUp                           .build/obj_kb_default/lufa.o
                                                  .build/obj_kb_default/protocol/lufa/LUFA-git/LUFA/Drivers/USB/Core/AVR8/USBInterrupt_AVR8.o
Endpoint_ClearEndpoints                           .build/obj_kb_default/protocol/lufa/LUFA-git/LUFA/Drivers/USB/Core/AVR8/Endpoint_AVR8.o
Endpoint_ClearStatusStage                         .build/obj_kb_default/protocol/lufa/LUFA-git/LUFA/Drivers/USB/Core/AVR8/Endpoint_AVR8.o
                                                  .build/obj_kb_default/protocol/lufa/LUFA-git/LUFA/Drivers/USB/Core/DeviceStandardReq.o
                                                  .build/obj_kb_default/lufa.o
Endpoint_ConfigureEndpointTable                   .build/obj_kb_default/protocol/lufa/LUFA-git/LUFA/Drivers/USB/Core/AVR8/Endpoint_AVR8.o
Endpoint_ConfigureEndpoint_Prv                    .build/obj_kb_default/protocol/lufa/LUFA-git/LUFA/Drivers/USB/Core/AVR8/Endpoint_AVR8.o
                                                  .build/obj_kb_default/protocol/lufa/LUFA-git/LUFA/Drivers/USB/Core/AVR8/USBInterrupt_AVR8.o
                                                  .build/obj_kb_default/protocol/lufa/LUFA-git/LUFA/Drivers/USB/Core/AVR8/USBController_AVR8.o
                                                  .build/obj_kb_default/lufa.o
Endpoint_Discard_Stream                           .build/obj_kb_default/protocol/lufa/LUFA-git/LUFA/Drivers/USB/Core/AVR8/EndpointStream_AVR8.o
Endpoint_Null_Stream                              .build/obj_kb_default/protocol/lufa/LUFA-git/LUFA/Drivers/USB/Core/AVR8/EndpointStream_AVR8.o
Endpoint_Read_Control_EStream_BE                  .build/obj_kb_default/protocol/lufa/LUFA-git/LUFA/Drivers/USB/Core/AVR8/EndpointStream_AVR8.o
Endpoint_Read_Control_EStream_LE                  .build/obj_kb_default/protocol/lufa/LUFA-git/LUFA/Drivers/USB/Core/AVR8/EndpointStream_AVR8.o
Endpoint_Read_Control_Stream_BE                   .build/obj_kb_default/protocol/lufa/LUFA-git/LUFA/Drivers/USB/Core/AVR8/EndpointStream_AVR8.o
Endpoint_Read_Control_Stream_LE                   .build/obj_kb_default/protocol/lufa/LUFA-git/LUFA/Drivers/USB/Core/AVR8/EndpointStream_AVR8.o
Endpoint_Read_EStream_BE                          .build/obj_kb_default/protocol/lufa/LUFA-git/LUFA/Drivers/USB/Core/AVR8/EndpointStream_AVR8.o
Endpoint_Read_EStream_LE                          .build/obj_kb_default/protocol/lufa/LUFA-git/LUFA/Drivers/USB/Core/AVR8/EndpointStream_AVR8.o
Endpoint_Read_Stream_BE                           .build/obj_kb_default/protocol/lufa/LUFA-git/LUFA/Drivers/USB/Core/AVR8/EndpointStream_AVR8.o
Endpoint_Read_Stream_LE                           .build/obj_kb_default/protocol/lufa/LUFA-git/LUFA/Drivers/USB/Core/AVR8/EndpointStream_AVR8.o
Endpoint_WaitUntilReady                           .build/obj_kb_default/protocol/lufa/LUFA-git/LUFA/Drivers/USB/Core/AVR8/Endpoint_AVR8.o
                                                  .build/obj_kb_default/protocol/lufa/LUFA-git/LUFA/Drivers/USB/Core/AVR8/EndpointStream_AVR8.o
Endpoint_Write_Control_EStream_BE                 .build/obj_kb_default/protocol/lufa/LUFA-git/LUFA/Drivers/USB/Core/AVR8/EndpointStream_AVR8.o
Endpoint_Write_Control_EStream_LE                 .build/obj_kb_default/protocol/lufa/LUFA-git/LUFA/Drivers/USB/Core/AVR8/EndpointStream_AVR8.o