Archive member included to satisfy reference by file (symbol)

/usr/lib/gcc/avr/5.4.0/avr5/libgcc.a(_divmodhi4.o)
                              .build/obj_kb_default/common/mousekey.o (__divmodhi4)
/usr/lib/gcc/avr/5.4.0/avr5/libgcc.a(_exit.o)
                              /usr/lib/gcc/avr/5.4.0/../../../avr/lib/avr5/crtatmega32u4.o (exit)
/usr/lib/gcc/avr/5.4.0/avr5/libgcc.a(_tablejump2.o)
                              .build/obj_kb_default/common/action.o (__tablejump2__)
/usr/lib/gcc/avr/5.4.0/avr5/libgcc.a(_copy_data.o)
                              .build/obj_kb_default/keyboards/kb/keymaps/default/keymap.o (__do_copy_data)
/usr/lib/gcc/avr/5.4.0/avr5/libgcc.a(_clear_bss.o)
                              .build/obj_kb_default/keyboards/kb/keymaps/default/keymap.o (__do_clear_bss)
/usr/lib/gcc/avr/5.4.0/avr5/libgcc.a(_udivmodhi4.o)
                              /usr/lib/gcc/avr/5.4.0/avr5/libgcc.a(_divmodhi4.o) (__udivmodhi4)
/usr/lib/gcc/avr/5.4.0/../../../avr/lib/avr5/libatmega32u4.a(eerd_byte.o)
                              .build/obj_kb_default/common/eeconfig.o (eeprom_read_byte)
/usr/lib/gcc/avr/5.4.0/../../../avr/lib/avr5/libatmega32u4.a(eerd_dword.o)
                              .build/obj_kb_default/common/eeconfig.o (eeprom_read_dword)
/usr/lib/gcc/avr/5.4.0/../../../avr/lib/avr5/libatmega32u4.a(eerd_word.o)
                              .build/obj_kb_default/common/eeconfig.o (eeprom_read_word)
/usr/lib/gcc/avr/5.4.0/../../../avr/lib/avr5/libatmega32u4.a(eeupd_byte.o)
                              .build/obj_kb_default/common/eeconfig.o (eeprom_update_byte)
/usr/lib/gcc/avr/5.4.0/../../../avr/lib/avr5/libatmega32u4.a(eeupd_dword.o)
                              .build/obj_kb_default/common/eeconfig.o (eeprom_update_dword)
/usr/lib/gcc/avr/5.4.0/../../../avr/lib/avr5/libatmega32u4.a(eeupd_word.o)
                              .build/obj_kb_default/common/eeconfig.o (eeprom_update_word)
/usr/lib/gcc/avr/5.4.0/../../../avr/lib/avr5/libatmega32u4.a(eerd_block.o)
                              /usr/lib/gcc/avr/5.4.0/../../../avr/lib/avr5/libatmega32u4.a(eerd_dword.o) (eeprom_read_blraw)

Allocating common symbols
Common symbol       size              file

USB_IsInitialized   0x1               .build/obj_kb_default/lib/lufa/LUFA/Drivers/USB/Core/USBTask.o
keymap_config       0x2               .build/obj_kb_default/common/bootmagic.o
lev                 0x1               .build/obj_kb_default/keyboards/kb/keymaps/default/keymap.o
backlight_config    0x1               .build/obj_kb_default/quantum/backlight/backlight.o
USB_DeviceState     0x1               .build/obj_kb_default/lib/lufa/LUFA/Drivers/USB/Core/USBTask.o
USB_Device_ConfigurationNumber
                    0x1               .build/obj_kb_default/lib/lufa/LUFA/Drivers/USB/Core/DeviceStandardReq.o
raw_matrix          0x4               .build/obj_kb_default/quantum/matrix_common.o
USB_Device_CurrentlySelfPowered
                    0x1               .build/obj_kb_default/lib/lufa/LUFA/Drivers/USB/Core/DeviceStandardReq.o
matrix              0x4               .build/obj_kb_default/quantum/matrix_common.o
USB_ControlRequest  0x8               .build/obj_kb_default/lib/lufa/LUFA/Drivers/USB/Core/USBTask.o
tp_buttons          0x2               .build/obj_kb_default/common/action.o
USB_Device_RemoteWakeupEnabled
                    0x1               .build/obj_kb_default/lib/lufa/LUFA/Drivers/USB/Core/DeviceStandardReq.o
timer_count         0x4               .build/obj_kb_default/common/avr/timer.o

Discarded input sections

 .data          0x0000000000000000        0x0 /usr/lib/gcc/avr/5.4.0/../../../avr/lib/avr5/crtatmega32u4.o
 .bss           0x0000000000000000        0x0 /usr/lib/gcc/avr/5.4.0/../../../avr/lib/avr5/crtatmega32u4.o
 .text          0x0000000000000000        0x0 .build/obj_kb_default/keyboards/kb/kb.o
 .data          0x0000000000000000        0x0 .build/obj_kb_default/keyboards/kb/kb.o
 .bss           0x0000000000000000        0x0 .build/obj_kb_default/keyboards/kb/kb.o
 .debug_info    0x0000000000000000      0x164 .build/obj_kb_default/keyboards/kb/kb.o
 .debug_abbrev  0x0000000000000000       0xbf .build/obj_kb_default/keyboards/kb/kb.o
 .debug_aranges
                0x0000000000000000       0x18 .build/obj_kb_default/keyboards/kb/kb.o
 .debug_line    0x0000000000000000       0x94 .build/obj_kb_default/keyboards/kb/kb.o
 .debug_str     0x0000000000000000      0x20f .build/obj_kb_default/keyboards/kb/kb.o
 .comment       0x0000000000000000       0x12 .build/obj_kb_default/keyboards/kb/kb.o
 .text          0x0000000000000000        0x0 .build/obj_kb_default/keyboards/kb/keymaps/default/keymap.o
 .data          0x0000000000000000        0x0 .build/obj_kb_default/keyboards/kb/keymaps/default/keymap.o
 .bss           0x0000000000000000        0x0 .build/obj_kb_default/keyboards/kb/keymaps/default/keymap.o
 .text.bl_off   0x0000000000000000        0x4 .build/obj_kb_default/keyboards/kb/keymaps/default/keymap.o
[...]
Memory Configuration

Name             Origin             Length             Attributes
text             0x0000000000000000 0x0000000000020000 xr
data             0x0000000000800060 0x000000000000ffa0 rw !x
eeprom           0x0000000000810000 0x0000000000010000 rw !x
fuse             0x0000000000820000 0x0000000000000003 rw !x
lock             0x0000000000830000 0x0000000000000400 rw !x
signature        0x0000000000840000 0x0000000000000400 rw !x
user_signatures  0x0000000000850000 0x0000000000000400 rw !x
*default*        0x0000000000000000 0xffffffffffffffff

Linker script and memory map

Address of section .data set to 0x800100
LOAD /usr/lib/gcc/avr/5.4.0/../../../avr/lib/avr5/crtatmega32u4.o
LOAD .build/obj_kb_default/keyboards/kb/kb.o
LOAD .build/obj_kb_default/keyboards/kb/keymaps/default/keymap.o
LOAD .build/obj_kb_default/quantum/quantum.o
LOAD .build/obj_kb_default/quantum/led.o
LOAD .build/obj_kb_default/quantum/keymap_common.o
LOAD .build/obj_kb_default/quantum/keycode_config.o
LOAD .build/obj_kb_default/quantum/matrix_common.o
LOAD .build/obj_kb_default/quantum/matrix.o
LOAD .build/obj_kb_default/quantum/debounce/sym_defer_g.o
LOAD .build/obj_kb_default/quantum/backlight/backlight.o
LOAD .build/obj_kb_default/quantum/process_keycode/process_backlight.o
LOAD .build/obj_kb_default/quantum/process_keycode/process_space_cadet.o
LOAD .build/obj_kb_default/quantum/process_keycode/process_magic.o
LOAD .build/obj_kb_default/quantum/process_keycode/process_grave_esc.o
LOAD .build/obj_kb_default/common/host.o
LOAD .build/obj_kb_default/common/keyboard.o
LOAD .build/obj_kb_default/common/action.o
LOAD .build/obj_kb_default/common/action_tapping.o
LOAD .build/obj_kb_default/common/action_macro.o
LOAD .build/obj_kb_default/common/action_layer.o
LOAD .build/obj_kb_default/common/action_util.o
LOAD .build/obj_kb_default/common/print.o
LOAD .build/obj_kb_default/common/debug.o
LOAD .build/obj_kb_default/common/sendchar_null.o
LOAD .build/obj_kb_default/common/util.o
LOAD .build/obj_kb_default/common/eeconfig.o
LOAD .build/obj_kb_default/common/report.o
LOAD .build/obj_kb_default/common/avr/suspend.o
LOAD .build/obj_kb_default/common/avr/timer.o
LOAD .build/obj_kb_default/common/avr/bootloader.o
LOAD .build/obj_kb_default/common/avr/xprintf.o
LOAD .build/obj_kb_default/common/bootmagic.o
LOAD .build/obj_kb_default/common/mousekey.o
LOAD .build/obj_kb_default/lufa.o
LOAD .build/obj_kb_default/usb_descriptor.o
LOAD .build/obj_kb_default/lib/lufa/LUFA/Drivers/USB/Class/Common/HIDParser.o
LOAD .build/obj_kb_default/lib/lufa/LUFA/Drivers/USB/Core/AVR8/Device_AVR8.o
LOAD .build/obj_kb_default/lib/lufa/LUFA/Drivers/USB/Core/AVR8/EndpointStream_AVR8.o
LOAD .build/obj_kb_default/lib/lufa/LUFA/Drivers/USB/Core/AVR8/Endpoint_AVR8.o
LOAD .build/obj_kb_default/lib/lufa/LUFA/Drivers/USB/Core/AVR8/Host_AVR8.o
LOAD .build/obj_kb_default/lib/lufa/LUFA/Drivers/USB/Core/AVR8/PipeStream_AVR8.o
LOAD .build/obj_kb_default/lib/lufa/LUFA/Drivers/USB/Core/AVR8/Pipe_AVR8.o
LOAD .build/obj_kb_default/lib/lufa/LUFA/Drivers/USB/Core/AVR8/USBController_AVR8.o
LOAD .build/obj_kb_default/lib/lufa/LUFA/Drivers/USB/Core/AVR8/USBInterrupt_AVR8.o
LOAD .build/obj_kb_default/lib/lufa/LUFA/Drivers/USB/Core/ConfigDescriptors.o
LOAD .build/obj_kb_default/lib/lufa/LUFA/Drivers/USB/Core/DeviceStandardReq.o
LOAD .build/obj_kb_default/lib/lufa/LUFA/Drivers/USB/Core/Events.o
LOAD .build/obj_kb_default/lib/lufa/LUFA/Drivers/USB/Core/HostStandardReq.o
LOAD .build/obj_kb_default/lib/lufa/LUFA/Drivers/USB/Core/USBTask.o
LOAD /usr/lib/gcc/avr/5.4.0/../../../avr/lib/avr5/libm.a
START GROUP
LOAD /usr/lib/gcc/avr/5.4.0/avr5/libgcc.a
LOAD /usr/lib/gcc/avr/5.4.0/../../../avr/lib/avr5/libm.a
LOAD /usr/lib/gcc/avr/5.4.0/../../../avr/lib/avr5/libc.a
LOAD /usr/lib/gcc/avr/5.4.0/../../../avr/lib/avr5/libatmega32u4.a
END GROUP
                0x0000000000000000                __TEXT_REGION_ORIGIN__ = DEFINED (__TEXT_REGION_ORIGIN__)?__TEXT_REGION_ORIGIN__:0x0
                0x0000000000800060                __DATA_REGION_ORIGIN__ = DEFINED (__DATA_REGION_ORIGIN__)?__DATA_REGION_ORIGIN__:0x800060
                0x0000000000020000                __TEXT_REGION_LENGTH__ = DEFINED (__TEXT_REGION_LENGTH__)?__TEXT_REGION_LENGTH__:0x20000
                0x000000000000ffa0                __DATA_REGION_LENGTH__ = DEFINED (__DATA_REGION_LENGTH__)?__DATA_REGION_LENGTH__:0xffa0
                0x0000000000010000                __EEPROM_REGION_LENGTH__ = DEFINED (__EEPROM_REGION_LENGTH__)?__EEPROM_REGION_LENGTH__:0x10000
                [0x0000000000000003]                __FUSE_REGION_LENGTH__ = DEFINED (__FUSE_REGION_LENGTH__)?__FUSE_REGION_LENGTH__:0x400
                0x0000000000000400                __LOCK_REGION_LENGTH__ = DEFINED (__LOCK_REGION_LENGTH__)?__LOCK_REGION_LENGTH__:0x400
                0x0000000000000400                __SIGNATURE_REGION_LENGTH__ = DEFINED (__SIGNATURE_REGION_LENGTH__)?__SIGNATURE_REGION_LENGTH__:0x400
                0x0000000000000400                __USER_SIGNATURE_REGION_LENGTH__ = DEFINED (__USER_SIGNATURE_REGION_LENGTH__)?__USER_SIGNATURE_REGION_LENGTH__:0x400

.hash
 *(.hash)

.dynsym
 *(.dynsym)

.dynstr
 *(.dynstr)

.gnu.version
 *(.gnu.version)

.gnu.version_d
 *(.gnu.version_d)

.gnu.version_r
 *(.gnu.version_r)

.rel.init
 *(.rel.init)

.rela.init
 *(.rela.init)

.rel.text
 *(.rel.text)
 *(.rel.text.*)
 *(.rel.gnu.linkonce.t*)

.rela.text
 *(.rela.text)
 *(.rela.text.*)
 *(.rela.gnu.linkonce.t*)

.rel.fini
 *(.rel.fini)

.rela.fini
 *(.rela.fini)

.rel.rodata
 *(.rel.rodata)
 *(.rel.rodata.*)
 *(.rel.gnu.linkonce.r*)

.rela.rodata
 *(.rela.rodata)
 *(.rela.rodata.*)
 *(.rela.gnu.linkonce.r*)

.rel.data
 *(.rel.data)
 *(.rel.data.*)
 *(.rel.gnu.linkonce.d*)

.rela.data
 *(.rela.data)
 *(.rela.data.*)
 *(.rela.gnu.linkonce.d*)

.rel.ctors
 *(.rel.ctors)

.rela.ctors
 *(.rela.ctors)

.rel.dtors
 *(.rel.dtors)

.rela.dtors
 *(.rela.dtors)

.rel.got
 *(.rel.got)

.rela.got
 *(.rela.got)

.rel.bss
 *(.rel.bss)

.rela.bss
 *(.rela.bss)

.rel.plt
 *(.rel.plt)

.rela.plt
 *(.rela.plt)

.text           0x0000000000000000     0x480c
 *(.vectors)
 .vectors       0x0000000000000000       0xac /usr/lib/gcc/avr/5.4.0/../../../avr/lib/avr5/crtatmega32u4.o
                0x0000000000000000                __vectors
                0x0000000000000000                __vector_default
 *(.vectors)
 *(.progmem.gcc*)
 .progmem.gcc_sw_table.process_action
                0x00000000000000ac       0x20 .build/obj_kb_default/common/action.o
 .progmem.gcc_sw_table.is_tap_action
                0x00000000000000cc       0x1c .build/obj_kb_default/common/action.o
 .progmem.gcc_sw_table.USB_Device_ProcessControlRequest
                0x00000000000000e8       0x14 .build/obj_kb_default/lib/lufa/LUFA/Drivers/USB/Core/DeviceStandardReq.o
                0x00000000000000fc                . = ALIGN (0x2)
                0x00000000000000fc                __trampolines_start = .
 *(.trampolines)
 .trampolines   0x00000000000000fc        0x0 linker stubs
 *(.trampolines*)
                0x00000000000000fc                __trampolines_end = .
 *libprintf_flt.a:*(.progmem.data)
 *libc.a:*(.progmem.data)
 *(.progmem*)
 .progmem.data.keymaps
                0x00000000000000fc      0x200 .build/obj_kb_default/keyboards/kb/keymaps/default/keymap.o
                0x00000000000000fc                keymaps
 .progmem.data.fn_actions
                0x00000000000002fc        0x0 .build/obj_kb_default/quantum/keymap_common.o
                0x00000000000002fc                fn_actions
 .progmem.data.ProductString
                0x00000000000002fc       0x14 .build/obj_kb_default/usb_descriptor.o
                0x00000000000002fc                ProductString
 .progmem.data.ManufacturerString
                0x0000000000000310       0x18 .build/obj_kb_default/usb_descriptor.o
                0x0000000000000310                ManufacturerString
 .progmem.data.LanguageString
                0x0000000000000328        0x4 .build/obj_kb_default/usb_descriptor.o
                0x0000000000000328                LanguageString
 .progmem.data.ConfigurationDescriptor
                0x000000000000032c       0x3b .build/obj_kb_default/usb_descriptor.o
                0x000000000000032c                ConfigurationDescriptor
 .progmem.data.DeviceDescriptor
                0x0000000000000367       0x12 .build/obj_kb_default/usb_descriptor.o
                0x0000000000000367                DeviceDescriptor
 .progmem.data.SharedReport
                0x0000000000000379       0xbc .build/obj_kb_default/usb_descriptor.o
                0x0000000000000379                SharedReport
 .progmem.data.KeyboardReport
                0x0000000000000435       0x40 .build/obj_kb_default/usb_descriptor.o
                0x0000000000000435                KeyboardReport
                0x0000000000000476                . = ALIGN (0x2)
 *fill*         0x0000000000000475        0x1 
 *(.jumptables)
 *(.jumptables*)
 *(.lowtext)
 *(.lowtext*)
                0x0000000000000476                __ctors_start = .
 *(.ctors)
                0x0000000000000476                __ctors_end = .
                0x0000000000000476                __dtors_start = .
 *(.dtors)
                0x0000000000000476                __dtors_end = .
 SORT(*)(.ctors)
 SORT(*)(.dtors)
 *(.init0)
 .init0         0x0000000000000476        0x0 /usr/lib/gcc/avr/5.4.0/../../../avr/lib/avr5/crtatmega32u4.o
                0x0000000000000476                __init
 *(.init0)
 *(.init1)
 *(.init1)
 *(.init2)
 .init2         0x0000000000000476        0xc /usr/lib/gcc/avr/5.4.0/../../../avr/lib/avr5/crtatmega32u4.o
 *(.init2)
 *(.init3)
 .init3         0x0000000000000482       0x54 .build/obj_kb_default/common/avr/bootloader.o
                0x0000000000000482                bootloader_jump_after_watchdog_reset
 *(.init3)
 *(.init4)
 .init4         0x00000000000004d6       0x16 /usr/lib/gcc/avr/5.4.0/avr5/libgcc.a(_copy_data.o)
                0x00000000000004d6                __do_copy_data
 .init4         0x00000000000004ec       0x10 /usr/lib/gcc/avr/5.4.0/avr5/libgcc.a(_clear_bss.o)
                0x00000000000004ec                __do_clear_bss
 *(.init4)
 *(.init5)
 *(.init5)
 *(.init6)
 *(.init6)
 *(.init7)
 *(.init7)
 *(.init8)
 *(.init8)
 *(.init9)
 .init9         0x00000000000004fc        0x8 /usr/lib/gcc/avr/5.4.0/../../../avr/lib/avr5/crtatmega32u4.o
 *(.init9)
 *(.text)
 .text          0x0000000000000504        0x4 /usr/lib/gcc/avr/5.4.0/../../../avr/lib/avr5/crtatmega32u4.o
                0x0000000000000504                __vector_38
                0x0000000000000504                __vector_22
                0x0000000000000504                __vector_28
                0x0000000000000504                __vector_1
                0x0000000000000504                __vector_32
                0x0000000000000504                __vector_34
                0x0000000000000504                __vector_24
                0x0000000000000504                __bad_interrupt
                0x0000000000000504                __vector_6
                0x0000000000000504                __vector_31
                0x0000000000000504                __vector_35
                0x0000000000000504                __vector_39
                0x0000000000000504                __vector_3
                0x0000000000000504                __vector_23
                0x0000000000000504                __vector_30
                0x0000000000000504                __vector_25
                0x0000000000000504                __vector_13
                0x0000000000000504                __vector_17
                0x0000000000000504                __vector_19
                0x0000000000000504                __vector_7
                0x0000000000000504                __vector_41
                0x0000000000000504                __vector_27
                0x0000000000000504                __vector_5
                0x0000000000000504                __vector_33
                0x0000000000000504                __vector_37
                0x0000000000000504                __vector_4
                0x0000000000000504                __vector_9
                0x0000000000000504                __vector_2
                0x0000000000000504                __vector_15
                0x0000000000000504                __vector_36
                0x0000000000000504                __vector_29
                0x0000000000000504                __vector_40
                0x0000000000000504                __vector_8
                0x0000000000000504                __vector_26
                0x0000000000000504                __vector_14
                0x0000000000000504                __vector_16
                0x0000000000000504                __vector_18
                0x0000000000000504                __vector_20
                0x0000000000000504                __vector_42
                0x0000000000000508                . = ALIGN (0x2)
 *(.text.*)
 .text.action_get_macro
                0x0000000000000508        0x6 .build/obj_kb_default/keyboards/kb/keymaps/default/keymap.o
                0x0000000000000508                action_get_macro
 .text.matrix_init_user
                0x000000000000050e        0x2 .build/obj_kb_default/keyboards/kb/keymaps/default/keymap.o
                0x000000000000050e                matrix_init_user
 .text.matrix_scan_user
                0x0000000000000510        0x2 .build/obj_kb_default/keyboards/kb/keymaps/default/keymap.o
                0x0000000000000510                matrix_scan_user
 .text.process_record_user
                0x0000000000000512        0x4 .build/obj_kb_default/keyboards/kb/keymaps/default/keymap.o
                0x0000000000000512                process_record_user
 .text.led_set_user
                0x0000000000000516        0x2 .build/obj_kb_default/keyboards/kb/keymaps/default/keymap.o
                0x0000000000000516                led_set_user
 .text.backlight_init_ports
                0x0000000000000518       0x42 .build/obj_kb_default/keyboards/kb/keymaps/default/keymap.o
                0x0000000000000518                backlight_init_ports
 .text.backlight_set
                0x000000000000055a        0x6 .build/obj_kb_default/keyboards/kb/keymaps/default/keymap.o
                0x000000000000055a                backlight_set
 .text.bl_white
                0x0000000000000560      0x10e .build/obj_kb_default/keyboards/kb/keymaps/default/keymap.o
                0x0000000000000560                bl_white
 .text.bl_black
                0x000000000000066e       0x22 .build/obj_kb_default/keyboards/kb/keymaps/default/keymap.o
                0x000000000000066e                bl_black
 .text.backlight_task
                0x0000000000000690       0x40 .build/obj_kb_default/keyboards/kb/keymaps/default/keymap.o
                0x0000000000000690                backlight_task
 .text.process_action_kb
                0x00000000000006d0        0x4 .build/obj_kb_default/quantum/quantum.o
                0x00000000000006d0                process_action_kb
 .text.process_record_kb
                0x00000000000006d4        0x4 .build/obj_kb_default/quantum/quantum.o
                0x00000000000006d4                process_record_kb
 .text.post_process_record_user
                0x00000000000006d8        0x2 .build/obj_kb_default/quantum/quantum.o
                0x00000000000006d8                post_process_record_user
 .text.post_process_record_kb
                0x00000000000006da        0x4 .build/obj_kb_default/quantum/quantum.o
                0x00000000000006da                post_process_record_kb
 .text.get_event_keycode
                0x00000000000006de       0x66 .build/obj_kb_default/quantum/quantum.o
                0x00000000000006de                get_event_keycode
 .text.get_record_keycode
                0x0000000000000744       0x12 .build/obj_kb_default/quantum/quantum.o
                0x0000000000000744                get_record_keycode
 .text.post_process_record_quantum
                0x0000000000000756       0x16 .build/obj_kb_default/quantum/quantum.o
                0x0000000000000756                post_process_record_quantum
 .text.matrix_init_quantum
                0x000000000000076c       0x14 .build/obj_kb_default/quantum/quantum.o
                0x000000000000076c                matrix_init_quantum
 .text.matrix_scan_quantum
                0x0000000000000780        0x4 .build/obj_kb_default/quantum/quantum.o
                0x0000000000000780                matrix_scan_quantum
 .text.shutdown_user
                0x0000000000000784        0x2 .build/obj_kb_default/quantum/quantum.o
                0x0000000000000784                shutdown_user
 .text.reset_keyboard
                0x0000000000000786       0x1e .build/obj_kb_default/quantum/quantum.o
                0x0000000000000786                reset_keyboard
 .text.process_record_quantum
                0x00000000000007a4       0x86 .build/obj_kb_default/quantum/quantum.o
                0x00000000000007a4                process_record_quantum
 .text.led_set_kb
                0x000000000000082a        0x4 .build/obj_kb_default/quantum/led.o
                0x000000000000082a                led_set_kb
 .text.led_update_user
                0x000000000000082e        0x4 .build/obj_kb_default/quantum/led.o
                0x000000000000082e                led_update_user
 .text.led_update_kb
                0x0000000000000832        0x4 .build/obj_kb_default/quantum/led.o
                0x0000000000000832                led_update_kb
 .text.led_set  0x0000000000000836       0x12 .build/obj_kb_default/quantum/led.o
                0x0000000000000836                led_set
 .text.action_function
                0x0000000000000848        0x2 .build/obj_kb_default/quantum/keymap_common.o
                0x0000000000000848                action_function
 .text.keymap_key_to_keycode
                0x000000000000084a       0x28 .build/obj_kb_default/quantum/keymap_common.o
                0x000000000000084a                keymap_key_to_keycode
 .text.keymap_function_id_to_action
                0x0000000000000872       0x10 .build/obj_kb_default/quantum/keymap_common.o
                0x0000000000000872                keymap_function_id_to_action
 .text.action_for_key
                0x0000000000000882      0x230 .build/obj_kb_default/quantum/keymap_common.o
                0x0000000000000882                action_for_key
 .text.keycode_config
                0x0000000000000ab2      0x128 .build/obj_kb_default/quantum/keycode_config.o
                0x0000000000000ab2                keycode_config
 .text.mod_config
                0x0000000000000bda       0x86 .build/obj_kb_default/quantum/keycode_config.o
                0x0000000000000bda                mod_config
 .text.matrix_get_row
                0x0000000000000c60        0xc .build/obj_kb_default/quantum/matrix_common.o
                0x0000000000000c60                matrix_get_row
 .text.matrix_print
                0x0000000000000c6c        0x2 .build/obj_kb_default/quantum/matrix_common.o
                0x0000000000000c6c                matrix_print
 .text.matrix_io_delay
                0x0000000000000c6e        0x8 .build/obj_kb_default/quantum/matrix_common.o
                0x0000000000000c6e                matrix_io_delay
 .text.matrix_scan_kb
                0x0000000000000c76        0x4 .build/obj_kb_default/quantum/matrix_common.o
                0x0000000000000c76                matrix_scan_kb
 .text.matrix_init_kb
                0x0000000000000c7a        0x4 .build/obj_kb_default/quantum/matrix_common.o
                0x0000000000000c7a                matrix_init_kb
 .text.setPinInputHigh_atomic
                0x0000000000000c7e       0x2e .build/obj_kb_default/quantum/matrix.o
 .text.matrix_init
                0x0000000000000cac       0x5c .build/obj_kb_default/quantum/matrix.o
                0x0000000000000cac                matrix_init
 .text.matrix_scan
                0x0000000000000d08      0x106 .build/obj_kb_default/quantum/matrix.o
                0x0000000000000d08                matrix_scan
 .text.debounce_init
                0x0000000000000e0e        0x2 .build/obj_kb_default/quantum/debounce/sym_defer_g.o
                0x0000000000000e0e                debounce_init
 .text.debounce
                0x0000000000000e10       0x6c .build/obj_kb_default/quantum/debounce/sym_defer_g.o
                0x0000000000000e10                debounce
 .text.backlight_init
                0x0000000000000e7c       0x42 .build/obj_kb_default/quantum/backlight/backlight.o
                0x0000000000000e7c                backlight_init
 .text.backlight_increase
                0x0000000000000ebe       0x46 .build/obj_kb_default/quantum/backlight/backlight.o
                0x0000000000000ebe                backlight_increase
 .text.backlight_decrease
                0x0000000000000f04       0x44 .build/obj_kb_default/quantum/backlight/backlight.o
                0x0000000000000f04                backlight_decrease
 .text.backlight_enable
                0x0000000000000f48       0x30 .build/obj_kb_default/quantum/backlight/backlight.o
                0x0000000000000f48                backlight_enable
 .text.backlight_disable
                0x0000000000000f78       0x1a .build/obj_kb_default/quantum/backlight/backlight.o
                0x0000000000000f78                backlight_disable
 .text.backlight_toggle
                0x0000000000000f92        0xe .build/obj_kb_default/quantum/backlight/backlight.o
                0x0000000000000f92                backlight_toggle
 .text.backlight_step
                0x0000000000000fa0       0x52 .build/obj_kb_default/quantum/backlight/backlight.o
                0x0000000000000fa0                backlight_step
 .text.backlight_level_noeeprom
                0x0000000000000ff2       0x32 .build/obj_kb_default/quantum/backlight/backlight.o
                0x0000000000000ff2                backlight_level_noeeprom
 .text.backlight_level
                0x0000000000001024        0xc .build/obj_kb_default/quantum/backlight/backlight.o
                0x0000000000001024                backlight_level
 .text.process_backlight
                0x0000000000001030       0x60 .build/obj_kb_default/quantum/process_keycode/process_backlight.o
                0x0000000000001030                process_backlight
 .text.perform_space_cadet
                0x0000000000001090      0x130 .build/obj_kb_default/quantum/process_keycode/process_space_cadet.o
                0x0000000000001090                perform_space_cadet
 .text.process_space_cadet
                0x00000000000011c0       0xa4 .build/obj_kb_default/quantum/process_keycode/process_space_cadet.o
                0x00000000000011c0                process_space_cadet
 .text.process_magic
                0x0000000000001264      0x256 .build/obj_kb_default/quantum/process_keycode/process_magic.o
                0x0000000000001264                process_magic
 .text.process_grave_esc
                0x00000000000014ba       0x62 .build/obj_kb_default/quantum/process_keycode/process_grave_esc.o
                0x00000000000014ba                process_grave_esc
 .text.host_set_driver
                0x000000000000151c        0xa .build/obj_kb_default/common/host.o
                0x000000000000151c                host_set_driver
 .text.host_keyboard_leds
                0x0000000000001526       0x18 .build/obj_kb_default/common/host.o
                0x0000000000001526                host_keyboard_leds
 .text.host_keyboard_send
                0x000000000000153e       0x34 .build/obj_kb_default/common/host.o
                0x000000000000153e                host_keyboard_send
 .text.host_mouse_send
                0x0000000000001572       0x1c .build/obj_kb_default/common/host.o
                0x0000000000001572                host_mouse_send
 .text.host_system_send
                0x000000000000158e       0x2c .build/obj_kb_default/common/host.o
                0x000000000000158e                host_system_send
 .text.host_consumer_send
                0x00000000000015ba       0x2c .build/obj_kb_default/common/host.o
                0x00000000000015ba                host_consumer_send
 .text.disable_jtag
                0x00000000000015e6        0xe .build/obj_kb_default/common/keyboard.o
                0x00000000000015e6                disable_jtag
 .text.is_keyboard_master
                0x00000000000015f4        0x4 .build/obj_kb_default/common/keyboard.o
                0x00000000000015f4                is_keyboard_master
 .text.should_process_keypress
                0x00000000000015f8        0x4 .build/obj_kb_default/common/keyboard.o
                0x00000000000015f8                should_process_keypress
 .text.housekeeping_task_user
                0x00000000000015fc        0x2 .build/obj_kb_default/common/keyboard.o
                0x00000000000015fc                housekeeping_task_user
 .text.housekeeping_task_kb
                0x00000000000015fe        0x4 .build/obj_kb_default/common/keyboard.o
                0x00000000000015fe                housekeeping_task_kb
 .text.keyboard_post_init_user
                0x0000000000001602        0x4 .build/obj_kb_default/common/keyboard.o
                0x0000000000001602                keyboard_post_init_user
 .text.keyboard_post_init_kb
                0x0000000000001606        0x4 .build/obj_kb_default/common/keyboard.o
                0x0000000000001606                keyboard_post_init_kb
 .text.keyboard_pre_init_user
                0x000000000000160a        0x4 .build/obj_kb_default/common/keyboard.o
                0x000000000000160a                keyboard_pre_init_user
 .text.keyboard_pre_init_kb
                0x000000000000160e        0x4 .build/obj_kb_default/common/keyboard.o
                0x000000000000160e                keyboard_pre_init_kb
 .text.matrix_setup
                0x0000000000001612        0x4 .build/obj_kb_default/common/keyboard.o
                0x0000000000001612                matrix_setup
 .text.keyboard_setup
                0x0000000000001616        0xc .build/obj_kb_default/common/keyboard.o
                0x0000000000001616                keyboard_setup
 .text.keyboard_init
                0x0000000000001622       0x14 .build/obj_kb_default/common/keyboard.o
                0x0000000000001622                keyboard_init
 .text.keyboard_task
                0x0000000000001636      0x13c .build/obj_kb_default/common/keyboard.o
                0x0000000000001636                keyboard_task
 .text.action_exec
                0x0000000000001772       0x5c .build/obj_kb_default/common/action.o
                0x0000000000001772                action_exec
 .text.process_record_tap_hint
                0x00000000000017ce        0xc .build/obj_kb_default/common/action.o
                0x00000000000017ce                process_record_tap_hint
 .text.register_code
                0x00000000000017da      0x154 .build/obj_kb_default/common/action.o
                0x00000000000017da                register_code
 .text.unregister_code
                0x000000000000192e       0xd0 .build/obj_kb_default/common/action.o
                0x000000000000192e                unregister_code
 .text.tap_code
                0x00000000000019fe       0x26 .build/obj_kb_default/common/action.o
                0x00000000000019fe                tap_code
 .text.register_mods
                0x0000000000001a24        0xe .build/obj_kb_default/common/action.o
                0x0000000000001a24                register_mods
 .text.unregister_mods
                0x0000000000001a32        0xe .build/obj_kb_default/common/action.o
                0x0000000000001a32                unregister_mods
 .text.process_action
                0x0000000000001a40      0x440 .build/obj_kb_default/common/action.o
                0x0000000000001a40                process_action
 .text.process_record_handler
                0x0000000000001e80       0x30 .build/obj_kb_default/common/action.o
                0x0000000000001e80                process_record_handler
 .text.process_record
                0x0000000000001eb0       0x60 .build/obj_kb_default/common/action.o
                0x0000000000001eb0                process_record
 .text.clear_keyboard_but_mods_and_keys
                0x0000000000001f10       0x24 .build/obj_kb_default/common/action.o
                0x0000000000001f10                clear_keyboard_but_mods_and_keys
 .text.clear_keyboard_but_mods
                0x0000000000001f34       0x10 .build/obj_kb_default/common/action.o
                0x0000000000001f34                clear_keyboard_but_mods
 .text.clear_keyboard
                0x0000000000001f44        0x8 .build/obj_kb_default/common/action.o
                0x0000000000001f44                clear_keyboard
 .text.is_tap_action
                0x0000000000001f4c       0x48 .build/obj_kb_default/common/action.o
                0x0000000000001f4c                is_tap_action
 .text.is_tap_key
                0x0000000000001f94        0xa .build/obj_kb_default/common/action.o
                0x0000000000001f94                is_tap_key
 .text.debug_event
                0x0000000000001f9e       0x1e .build/obj_kb_default/common/action.o
                0x0000000000001f9e                debug_event
 .text.debug_record
                0x0000000000001fbc       0x20 .build/obj_kb_default/common/action.o
                0x0000000000001fbc                debug_record
 .text.debug_waiting_buffer
                0x0000000000001fdc       0x42 .build/obj_kb_default/common/action_tapping.o
 .text.debug_tapping_key
                0x000000000000201e       0x1c .build/obj_kb_default/common/action_tapping.o
 .text.waiting_buffer_scan_tap
                0x000000000000203a       0xd8 .build/obj_kb_default/common/action_tapping.o
 .text.process_tapping
                0x0000000000002112      0x3a4 .build/obj_kb_default/common/action_tapping.o
 .text.get_tapping_term
                0x00000000000024b6        0x6 .build/obj_kb_default/common/action_tapping.o
                0x00000000000024b6                get_tapping_term
 .text.action_tapping_process
                0x00000000000024bc      0x15c .build/obj_kb_default/common/action_tapping.o
                0x00000000000024bc                action_tapping_process
 .text.action_macro_play
                0x0000000000002618       0xfa .build/obj_kb_default/common/action_macro.o
                0x0000000000002618                action_macro_play
 .text.default_layer_debug
                0x0000000000002712        0x2 .build/obj_kb_default/common/action_layer.o
                0x0000000000002712                default_layer_debug
 .text.layer_state_set_user
                0x0000000000002714        0x2 .build/obj_kb_default/common/action_layer.o
                0x0000000000002714                layer_state_set_user
 .text.default_layer_state_set_user
                0x0000000000002716        0x4 .build/obj_kb_default/common/action_layer.o
                0x0000000000002716                default_layer_state_set_user
 .text.default_layer_state_set_kb
                0x000000000000271a        0x4 .build/obj_kb_default/common/action_layer.o
                0x000000000000271a                default_layer_state_set_kb
 .text.default_layer_state_set
                0x000000000000271e       0x18 .build/obj_kb_default/common/action_layer.o
 .text.default_layer_set
                0x0000000000002736        0x4 .build/obj_kb_default/common/action_layer.o
                0x0000000000002736                default_layer_set
 .text.default_layer_or
                0x000000000000273a       0x24 .build/obj_kb_default/common/action_layer.o
                0x000000000000273a                default_layer_or
 .text.default_layer_and
                0x000000000000275e       0x24 .build/obj_kb_default/common/action_layer.o
                0x000000000000275e                default_layer_and
 .text.default_layer_xor
                0x0000000000002782       0x24 .build/obj_kb_default/common/action_layer.o
                0x0000000000002782                default_layer_xor
 .text.layer_state_set_kb
                0x00000000000027a6        0x4 .build/obj_kb_default/common/action_layer.o
                0x00000000000027a6                layer_state_set_kb
 .text.layer_state_set
                0x00000000000027aa       0x18 .build/obj_kb_default/common/action_layer.o
                0x00000000000027aa                layer_state_set
 .text.layer_clear
                0x00000000000027c2        0xa .build/obj_kb_default/common/action_layer.o
                0x00000000000027c2                layer_clear
 .text.layer_move
                0x00000000000027cc       0x2a .build/obj_kb_default/common/action_layer.o
                0x00000000000027cc                layer_move
 .text.layer_on
                0x00000000000027f6       0x42 .build/obj_kb_default/common/action_layer.o
                0x00000000000027f6                layer_on
 .text.layer_off
                0x0000000000002838       0x4a .build/obj_kb_default/common/action_layer.o
                0x0000000000002838                layer_off
 .text.layer_invert
                0x0000000000002882       0x42 .build/obj_kb_default/common/action_layer.o
                0x0000000000002882                layer_invert
 .text.layer_or
                0x00000000000028c4       0x24 .build/obj_kb_default/common/action_layer.o
                0x00000000000028c4                layer_or
 .text.layer_and
                0x00000000000028e8       0x24 .build/obj_kb_default/common/action_layer.o
                0x00000000000028e8                layer_and
 .text.layer_xor
                0x000000000000290c       0x24 .build/obj_kb_default/common/action_layer.o
                0x000000000000290c                layer_xor
 .text.layer_debug
                0x0000000000002930        0x2 .build/obj_kb_default/common/action_layer.o
                0x0000000000002930                layer_debug
 .text.update_source_layers_cache
                0x0000000000002932       0x54 .build/obj_kb_default/common/action_layer.o
                0x0000000000002932                update_source_layers_cache
 .text.read_source_layers_cache
                0x0000000000002986       0x56 .build/obj_kb_default/common/action_layer.o
                0x0000000000002986                read_source_layers_cache
 .text.layer_switch_get_layer
                0x00000000000029dc       0x84 .build/obj_kb_default/common/action_layer.o
                0x00000000000029dc                layer_switch_get_layer
 .text.layer_switch_get_action
                0x0000000000002a60       0x16 .build/obj_kb_default/common/action_layer.o
                0x0000000000002a60                layer_switch_get_action
 .text.store_or_get_action
                0x0000000000002a76       0x46 .build/obj_kb_default/common/action_layer.o
                0x0000000000002a76                store_or_get_action
 .text.get_oneshot_layer
                0x0000000000002abc        0xc .build/obj_kb_default/common/action_util.o
                0x0000000000002abc                get_oneshot_layer
 .text.get_oneshot_layer_state
                0x0000000000002ac8        0x8 .build/obj_kb_default/common/action_util.o
                0x0000000000002ac8                get_oneshot_layer_state
 .text.is_oneshot_layer_active
                0x0000000000002ad0        0xe .build/obj_kb_default/common/action_util.o
                0x0000000000002ad0                is_oneshot_layer_active
 .text.get_mods
                0x0000000000002ade        0x6 .build/obj_kb_default/common/action_util.o
                0x0000000000002ade                get_mods
 .text.add_mods
                0x0000000000002ae4        0xc .build/obj_kb_default/common/action_util.o
                0x0000000000002ae4                add_mods
 .text.del_mods
                0x0000000000002af0        0xe .build/obj_kb_default/common/action_util.o
                0x0000000000002af0                del_mods
 .text.clear_mods
                0x0000000000002afe        0x6 .build/obj_kb_default/common/action_util.o
                0x0000000000002afe                clear_mods
 .text.add_weak_mods
                0x0000000000002b04        0xc .build/obj_kb_default/common/action_util.o
                0x0000000000002b04                add_weak_mods
 .text.del_weak_mods
                0x0000000000002b10        0xe .build/obj_kb_default/common/action_util.o
                0x0000000000002b10                del_weak_mods
 .text.clear_weak_mods
                0x0000000000002b1e        0x6 .build/obj_kb_default/common/action_util.o
                0x0000000000002b1e                clear_weak_mods
 .text.add_macro_mods
                0x0000000000002b24        0xc .build/obj_kb_default/common/action_util.o
                0x0000000000002b24                add_macro_mods
 .text.del_macro_mods
                0x0000000000002b30        0xe .build/obj_kb_default/common/action_util.o
                0x0000000000002b30                del_macro_mods
 .text.clear_macro_mods
                0x0000000000002b3e        0x6 .build/obj_kb_default/common/action_util.o
                0x0000000000002b3e                clear_macro_mods
 .text.get_oneshot_mods
                0x0000000000002b44        0x6 .build/obj_kb_default/common/action_util.o
                0x0000000000002b44                get_oneshot_mods
 .text.oneshot_layer_changed_user
                0x0000000000002b4a        0x2 .build/obj_kb_default/common/action_util.o
                0x0000000000002b4a                oneshot_layer_changed_user
 .text.oneshot_mods_changed_user
                0x0000000000002b4c        0x4 .build/obj_kb_default/common/action_util.o
                0x0000000000002b4c                oneshot_mods_changed_user
 .text.oneshot_mods_changed_kb
                0x0000000000002b50        0x4 .build/obj_kb_default/common/action_util.o
                0x0000000000002b50                oneshot_mods_changed_kb
 .text.set_oneshot_mods
                0x0000000000002b54       0x12 .build/obj_kb_default/common/action_util.o
                0x0000000000002b54                set_oneshot_mods
 .text.clear_oneshot_mods
                0x0000000000002b66       0x14 .build/obj_kb_default/common/action_util.o
                0x0000000000002b66                clear_oneshot_mods
 .text.send_keyboard_report
                0x0000000000002b7a       0x66 .build/obj_kb_default/common/action_util.o
                0x0000000000002b7a                send_keyboard_report
 .text.oneshot_layer_changed_kb
                0x0000000000002be0        0x4 .build/obj_kb_default/common/action_util.o
                0x0000000000002be0                oneshot_layer_changed_kb
 .text.set_oneshot_layer
                0x0000000000002be4       0x20 .build/obj_kb_default/common/action_util.o
                0x0000000000002be4                set_oneshot_layer
 .text.reset_oneshot_layer
                0x0000000000002c04        0xa .build/obj_kb_default/common/action_util.o
                0x0000000000002c04                reset_oneshot_layer
 .text.clear_oneshot_layer_state
                0x0000000000002c0e       0x32 .build/obj_kb_default/common/action_util.o
                0x0000000000002c0e                clear_oneshot_layer_state
 .text.eeconfig_is_enabled
                0x0000000000002c40       0x16 .build/obj_kb_default/common/eeconfig.o
                0x0000000000002c40                eeconfig_is_enabled
 .text.eeconfig_read_debug
                0x0000000000002c56        0x8 .build/obj_kb_default/common/eeconfig.o
                0x0000000000002c56                eeconfig_read_debug
 .text.eeconfig_update_debug
                0x0000000000002c5e        0xa .build/obj_kb_default/common/eeconfig.o
                0x0000000000002c5e                eeconfig_update_debug
 .text.eeconfig_read_default_layer
                0x0000000000002c68        0x8 .build/obj_kb_default/common/eeconfig.o
                0x0000000000002c68                eeconfig_read_default_layer
 .text.eeconfig_update_default_layer
                0x0000000000002c70        0xa .build/obj_kb_default/common/eeconfig.o
                0x0000000000002c70                eeconfig_update_default_layer
 .text.eeconfig_read_keymap
                0x0000000000002c7a       0x22 .build/obj_kb_default/common/eeconfig.o
                0x0000000000002c7a                eeconfig_read_keymap
 .text.eeconfig_update_keymap
                0x0000000000002c9c       0x1a .build/obj_kb_default/common/eeconfig.o
                0x0000000000002c9c                eeconfig_update_keymap
 .text.eeconfig_read_backlight
                0x0000000000002cb6        0x8 .build/obj_kb_default/common/eeconfig.o
                0x0000000000002cb6                eeconfig_read_backlight
 .text.eeconfig_update_backlight
                0x0000000000002cbe        0xa .build/obj_kb_default/common/eeconfig.o
                0x0000000000002cbe                eeconfig_update_backlight
 .text.eeconfig_update_kb
                0x0000000000002cc8        0xc .build/obj_kb_default/common/eeconfig.o
                0x0000000000002cc8                eeconfig_update_kb
 .text.eeconfig_update_user
                0x0000000000002cd4        0xc .build/obj_kb_default/common/eeconfig.o
                0x0000000000002cd4                eeconfig_update_user
 .text.eeconfig_init_user
                0x0000000000002ce0        0xa .build/obj_kb_default/common/eeconfig.o
                0x0000000000002ce0                eeconfig_init_user
 .text.eeconfig_init_kb
                0x0000000000002cea        0xe .build/obj_kb_default/common/eeconfig.o
                0x0000000000002cea                eeconfig_init_kb
 .text.eeconfig_init_quantum
                0x0000000000002cf8       0xbc .build/obj_kb_default/common/eeconfig.o
                0x0000000000002cf8                eeconfig_init_quantum
 .text.eeconfig_init
                0x0000000000002db4        0x4 .build/obj_kb_default/common/eeconfig.o
                0x0000000000002db4                eeconfig_init
 .text.eeconfig_update_handedness
                0x0000000000002db8        0xa .build/obj_kb_default/common/eeconfig.o
                0x0000000000002db8                eeconfig_update_handedness
 .text.has_anykey
                0x0000000000002dc2       0x2c .build/obj_kb_default/common/report.o
                0x0000000000002dc2                has_anykey
 .text.is_key_pressed
                0x0000000000002dee       0x60 .build/obj_kb_default/common/report.o
                0x0000000000002dee                is_key_pressed
 .text.add_key_byte
                0x0000000000002e4e       0x34 .build/obj_kb_default/common/report.o
                0x0000000000002e4e                add_key_byte
 .text.del_key_byte
                0x0000000000002e82       0x1a .build/obj_kb_default/common/report.o
                0x0000000000002e82                del_key_byte
 .text.add_key_bit
                0x0000000000002e9c       0x28 .build/obj_kb_default/common/report.o
                0x0000000000002e9c                add_key_bit
 .text.del_key_bit
                0x0000000000002ec4       0x2a .build/obj_kb_default/common/report.o
                0x0000000000002ec4                del_key_bit
 .text.add_key_to_report
                0x0000000000002eee       0x16 .build/obj_kb_default/common/report.o
                0x0000000000002eee                add_key_to_report
 .text.del_key_from_report
                0x0000000000002f04       0x16 .build/obj_kb_default/common/report.o
                0x0000000000002f04                del_key_from_report
 .text.clear_keys_from_report
                0x0000000000002f1a       0x24 .build/obj_kb_default/common/report.o
                0x0000000000002f1a                clear_keys_from_report
 .text.suspend_wakeup_init_user
                0x0000000000002f3e        0x2 .build/obj_kb_default/common/avr/suspend.o
                0x0000000000002f3e                suspend_wakeup_init_user
 .text.matrix_power_down
                0x0000000000002f40        0x4 .build/obj_kb_default/common/avr/suspend.o
                0x0000000000002f40                matrix_power_down
 .text.matrix_power_up
                0x0000000000002f44        0x4 .build/obj_kb_default/common/avr/suspend.o
                0x0000000000002f44                matrix_power_up
 .text.suspend_wakeup_condition
                0x0000000000002f48       0x28 .build/obj_kb_default/common/avr/suspend.o
                0x0000000000002f48                suspend_wakeup_condition
 .text.suspend_power_down_user
                0x0000000000002f70        0x4 .build/obj_kb_default/common/avr/suspend.o
                0x0000000000002f70                suspend_power_down_user
 .text.suspend_power_down_kb
                0x0000000000002f74        0x4 .build/obj_kb_default/common/avr/suspend.o
                0x0000000000002f74                suspend_power_down_kb
 .text.suspend_power_down
                0x0000000000002f78       0x66 .build/obj_kb_default/common/avr/suspend.o
                0x0000000000002f78                suspend_power_down
 .text.suspend_wakeup_init_kb
                0x0000000000002fde        0x4 .build/obj_kb_default/common/avr/suspend.o
                0x0000000000002fde                suspend_wakeup_init_kb
 .text.suspend_wakeup_init
                0x0000000000002fe2       0x14 .build/obj_kb_default/common/avr/suspend.o
                0x0000000000002fe2                suspend_wakeup_init
 .text.__vector_12
                0x0000000000002ff6       0x52 .build/obj_kb_default/common/avr/suspend.o
                0x0000000000002ff6                __vector_12
 .text.timer_init
                0x0000000000003048       0x12 .build/obj_kb_default/common/avr/timer.o
                0x0000000000003048                timer_init
 .text.timer_read
                0x000000000000305a       0x18 .build/obj_kb_default/common/avr/timer.o
                0x000000000000305a                timer_read
 .text.timer_elapsed
                0x0000000000003072       0x1e .build/obj_kb_default/common/avr/timer.o
                0x0000000000003072                timer_elapsed
 .text.__vector_21
                0x0000000000003090       0x4c .build/obj_kb_default/common/avr/timer.o
                0x0000000000003090                __vector_21
 .text.bootloader_jump
                0x00000000000030dc       0x48 .build/obj_kb_default/common/avr/bootloader.o
                0x00000000000030dc                bootloader_jump
 .text.scan_keycode
                0x0000000000003124       0x6c .build/obj_kb_default/common/bootmagic.o
 .text.bootmagic_scan_keycode
                0x0000000000003190       0x1c .build/obj_kb_default/common/bootmagic.o
                0x0000000000003190                bootmagic_scan_keycode
 .text.bootmagic
                0x00000000000031ac      0x288 .build/obj_kb_default/common/bootmagic.o
                0x00000000000031ac                bootmagic
 .text.move_unit
                0x0000000000003434       0x92 .build/obj_kb_default/common/mousekey.o
 .text.wheel_unit
                0x00000000000034c6       0x72 .build/obj_kb_default/common/mousekey.o
 .text.mousekey_on
                0x0000000000003538       0xd0 .build/obj_kb_default/common/mousekey.o
                0x0000000000003538                mousekey_on
 .text.mousekey_off
                0x0000000000003608      0x10a .build/obj_kb_default/common/mousekey.o
                0x0000000000003608                mousekey_off
 .text.mousekey_send
                0x0000000000003712       0x3c .build/obj_kb_default/common/mousekey.o
                0x0000000000003712                mousekey_send
 .text.mousekey_task
                0x000000000000374e      0x226 .build/obj_kb_default/common/mousekey.o
                0x000000000000374e                mousekey_task
 .text.mousekey_clear
                0x0000000000003974       0x1c .build/obj_kb_default/common/mousekey.o
                0x0000000000003974                mousekey_clear
 .text.keyboard_leds
                0x0000000000003990        0x6 .build/obj_kb_default/lufa.o
 .text.send_extra
                0x0000000000003996       0x66 .build/obj_kb_default/lufa.o
 .text.send_consumer
                0x00000000000039fc        0x8 .build/obj_kb_default/lufa.o
 .text.send_system
                0x0000000000003a04        0x8 .build/obj_kb_default/lufa.o
 .text.send_mouse
                0x0000000000003a0c       0x3e .build/obj_kb_default/lufa.o
 .text.send_keyboard
                0x0000000000003a4a       0x82 .build/obj_kb_default/lufa.o
 .text.EVENT_USB_Device_Connect
                0x0000000000003acc       0x1c .build/obj_kb_default/lufa.o
                0x0000000000003acc                EVENT_USB_Device_Connect
 .text.EVENT_USB_Device_Disconnect
                0x0000000000003ae8        0x6 .build/obj_kb_default/lufa.o
                0x0000000000003ae8                EVENT_USB_Device_Disconnect
 .text.EVENT_USB_Device_Reset
                0x0000000000003aee        0x2 .build/obj_kb_default/lufa.o
                0x0000000000003aee                EVENT_USB_Device_Reset
 .text.EVENT_USB_Device_Suspend
                0x0000000000003af0        0x2 .build/obj_kb_default/lufa.o
                0x0000000000003af0                EVENT_USB_Device_Suspend
 .text.EVENT_USB_Device_WakeUp
                0x0000000000003af2        0x4 .build/obj_kb_default/lufa.o
                0x0000000000003af2                EVENT_USB_Device_WakeUp
 .text.EVENT_USB_Device_ConfigurationChanged
                0x0000000000003af6       0x14 .build/obj_kb_default/lufa.o
                0x0000000000003af6                EVENT_USB_Device_ConfigurationChanged
 .text.EVENT_USB_Device_ControlRequest
                0x0000000000003b0a      0x17a .build/obj_kb_default/lufa.o
                0x0000000000003b0a                EVENT_USB_Device_ControlRequest
 .text.startup.main
                0x0000000000003c84       0x86 .build/obj_kb_default/lufa.o
                0x0000000000003c84                main
 .text.CALLBACK_USB_GetDescriptor
                0x0000000000003d0a        0x4 .build/obj_kb_default/lufa.o
                0x0000000000003d0a                CALLBACK_USB_GetDescriptor
 .text.get_usb_descriptor
                0x0000000000003d0e       0xb2 .build/obj_kb_default/usb_descriptor.o
                0x0000000000003d0e                get_usb_descriptor
 .text.USB_Device_SendRemoteWakeup
                0x0000000000003dc0       0x2c .build/obj_kb_default/lib/lufa/LUFA/Drivers/USB/Core/AVR8/Device_AVR8.o
                0x0000000000003dc0                USB_Device_SendRemoteWakeup
 .text.Endpoint_Write_Stream_LE
                0x0000000000003dec       0x96 .build/obj_kb_default/lib/lufa/LUFA/Drivers/USB/Core/AVR8/EndpointStream_AVR8.o
                0x0000000000003dec                Endpoint_Write_Stream_LE
 .text.Endpoint_Write_Control_Stream_LE
                0x0000000000003e82       0xbc .build/obj_kb_default/lib/lufa/LUFA/Drivers/USB/Core/AVR8/EndpointStream_AVR8.o
                0x0000000000003e82                Endpoint_Write_Control_Stream_LE
 .text.Endpoint_Write_Control_PStream_LE
                0x0000000000003f3e       0xc2 .build/obj_kb_default/lib/lufa/LUFA/Drivers/USB/Core/AVR8/EndpointStream_AVR8.o
                0x0000000000003f3e                Endpoint_Write_Control_PStream_LE
 .text.Endpoint_ConfigureEndpoint_Prv
                0x0000000000004000       0x6a .build/obj_kb_default/lib/lufa/LUFA/Drivers/USB/Core/AVR8/Endpoint_AVR8.o
                0x0000000000004000                Endpoint_ConfigureEndpoint_Prv
 .text.Endpoint_ClearStatusStage
                0x000000000000406a       0x3e .build/obj_kb_default/lib/lufa/LUFA/Drivers/USB/Core/AVR8/Endpoint_AVR8.o
                0x000000000000406a                Endpoint_ClearStatusStage
 .text.Endpoint_WaitUntilReady
                0x00000000000040a8       0x66 .build/obj_kb_default/lib/lufa/LUFA/Drivers/USB/Core/AVR8/Endpoint_AVR8.o
                0x00000000000040a8                Endpoint_WaitUntilReady
 .text.USB_Disable
                0x000000000000410e       0x34 .build/obj_kb_default/lib/lufa/LUFA/Drivers/USB/Core/AVR8/USBController_AVR8.o
                0x000000000000410e                USB_Disable
 .text.USB_ResetInterface
                0x0000000000004142       0x86 .build/obj_kb_default/lib/lufa/LUFA/Drivers/USB/Core/AVR8/USBController_AVR8.o
                0x0000000000004142                USB_ResetInterface
 .text.USB_Init
                0x00000000000041c8       0x22 .build/obj_kb_default/lib/lufa/LUFA/Drivers/USB/Core/AVR8/USBController_AVR8.o
                0x00000000000041c8                USB_Init
 .text.USB_INT_DisableAllInterrupts
                0x00000000000041ea       0x10 .build/obj_kb_default/lib/lufa/LUFA/Drivers/USB/Core/AVR8/USBInterrupt_AVR8.o
                0x00000000000041ea                USB_INT_DisableAllInterrupts
 .text.USB_INT_ClearAllInterrupts
                0x00000000000041fa        0xa .build/obj_kb_default/lib/lufa/LUFA/Drivers/USB/Core/AVR8/USBInterrupt_AVR8.o
                0x00000000000041fa                USB_INT_ClearAllInterrupts
 .text.__vector_10
                0x0000000000004204      0x1a4 .build/obj_kb_default/lib/lufa/LUFA/Drivers/USB/Core/AVR8/USBInterrupt_AVR8.o
                0x0000000000004204                __vector_10
 .text.__vector_11
                0x00000000000043a8       0x88 .build/obj_kb_default/lib/lufa/LUFA/Drivers/USB/Core/AVR8/USBInterrupt_AVR8.o
                0x00000000000043a8                __vector_11
 .text.USB_Device_ProcessControlRequest
                0x0000000000004430      0x2c0 .build/obj_kb_default/lib/lufa/LUFA/Drivers/USB/Core/DeviceStandardReq.o
                0x0000000000004430                USB_Device_ProcessControlRequest
 .text.USB_Event_Stub
                0x00000000000046f0        0x2 .build/obj_kb_default/lib/lufa/LUFA/Drivers/USB/Core/Events.o
                0x00000000000046f0                USB_Event_Stub
                0x00000000000046f0                EVENT_USB_Device_StartOfFrame
 .text.USB_USBTask
                0x00000000000046f2       0x36 .build/obj_kb_default/lib/lufa/LUFA/Drivers/USB/Core/USBTask.o
                0x00000000000046f2                USB_USBTask
 .text.libgcc.div
                0x0000000000004728       0x28 /usr/lib/gcc/avr/5.4.0/avr5/libgcc.a(_divmodhi4.o)
                0x0000000000004728                __divmodhi4
                0x0000000000004728                _div
 .text.libgcc   0x0000000000004750        0xc /usr/lib/gcc/avr/5.4.0/avr5/libgcc.a(_tablejump2.o)
                0x0000000000004750                __tablejump2__
 .text.libgcc.div
                0x000000000000475c       0x28 /usr/lib/gcc/avr/5.4.0/avr5/libgcc.a(_udivmodhi4.o)
                0x000000000000475c                __udivmodhi4
 .text.avr-libc
                0x0000000000004784       0x10 /usr/lib/gcc/avr/5.4.0/../../../avr/lib/avr5/libatmega32u4.a(eerd_byte.o)
                0x0000000000004784                eeprom_read_byte
 .text.avr-libc
                0x0000000000004794        0xc /usr/lib/gcc/avr/5.4.0/../../../avr/lib/avr5/libatmega32u4.a(eerd_word.o)
                0x0000000000004794                eeprom_read_word
 .text.avr-libc
                0x00000000000047a0       0x24 /usr/lib/gcc/avr/5.4.0/../../../avr/lib/avr5/libatmega32u4.a(eeupd_byte.o)
                0x00000000000047a0                eeprom_update_byte
                0x00000000000047a2                eeprom_update_r18
 .text.avr-libc
                0x00000000000047c4       0x18 /usr/lib/gcc/avr/5.4.0/../../../avr/lib/avr5/libatmega32u4.a(eeupd_dword.o)
                0x00000000000047c4                eeprom_update_dword
                0x00000000000047c4                eeprom_update_float
 .text.avr-libc
                0x00000000000047dc        0xc /usr/lib/gcc/avr/5.4.0/../../../avr/lib/avr5/libatmega32u4.a(eeupd_word.o)
                0x00000000000047dc                eeprom_update_word
 .text.avr-libc
                0x00000000000047e8       0x20 /usr/lib/gcc/avr/5.4.0/../../../avr/lib/avr5/libatmega32u4.a(eerd_block.o)
                0x00000000000047e8                eeprom_read_block
                0x00000000000047ec                eeprom_read_blraw
                0x0000000000004808                . = ALIGN (0x2)
 *(.fini9)
 .fini9         0x0000000000004808        0x0 /usr/lib/gcc/avr/5.4.0/avr5/libgcc.a(_exit.o)
                0x0000000000004808                exit
                0x0000000000004808                _exit
 *(.fini9)
 *(.fini8)
 *(.fini8)
 *(.fini7)
 *(.fini7)
 *(.fini6)
 *(.fini6)
 *(.fini5)
 *(.fini5)
 *(.fini4)
 *(.fini4)
 *(.fini3)
 *(.fini3)
 *(.fini2)
 *(.fini2)
 *(.fini1)
 *(.fini1)
 *(.fini0)
 .fini0         0x0000000000004808        0x4 /usr/lib/gcc/avr/5.4.0/avr5/libgcc.a(_exit.o)
 *(.fini0)
                0x000000000000480c                _etext = .

.data           0x0000000000800100       0x80 load address 0x000000000000480c
                0x0000000000800100                PROVIDE (__data_start, .)
 *(.data)
 *(.data*)
 .data.cycle.6136
                0x0000000000800100        0x1 .build/obj_kb_default/keyboards/kb/keymaps/default/keymap.o
 .data.keyboard_report
                0x0000000000800101        0x2 .build/obj_kb_default/common/action_util.o
                0x0000000000800101                keyboard_report
 .data.mk_wheel_time_to_max
                0x0000000000800103        0x1 .build/obj_kb_default/common/mousekey.o
                0x0000000000800103                mk_wheel_time_to_max
 .data.mk_wheel_max_speed
                0x0000000000800104        0x1 .build/obj_kb_default/common/mousekey.o
                0x0000000000800104                mk_wheel_max_speed
 .data.mk_wheel_interval
                0x0000000000800105        0x1 .build/obj_kb_default/common/mousekey.o
                0x0000000000800105                mk_wheel_interval
 .data.mk_wheel_delay
                0x0000000000800106        0x1 .build/obj_kb_default/common/mousekey.o
                0x0000000000800106                mk_wheel_delay
 .data.mk_time_to_max
                0x0000000000800107        0x1 .build/obj_kb_default/common/mousekey.o
                0x0000000000800107                mk_time_to_max
 .data.mk_max_speed
                0x0000000000800108        0x1 .build/obj_kb_default/common/mousekey.o
                0x0000000000800108                mk_max_speed
 .data.mk_interval
                0x0000000000800109        0x1 .build/obj_kb_default/common/mousekey.o
                0x0000000000800109                mk_interval
 .data.mk_delay
                0x000000000080010a        0x1 .build/obj_kb_default/common/mousekey.o
                0x000000000080010a                mk_delay
 .data.lufa_driver
                0x000000000080010b        0xa .build/obj_kb_default/lufa.o
                0x000000000080010b                lufa_driver
 .data.keyboard_protocol
                0x0000000000800115        0x1 .build/obj_kb_default/lufa.o
                0x0000000000800115                keyboard_protocol
 *(.gnu.linkonce.d*)
 *(.rodata)
 *(.rodata*)
 .rodata.CSWTCH.3
                0x0000000000800116       0x2e .build/obj_kb_default/quantum/keymap_common.o
 .rodata.CSWTCH.1
                0x0000000000800144        0x3 .build/obj_kb_default/quantum/keymap_common.o
 .rodata.col_pins
                0x0000000000800147        0x4 .build/obj_kb_default/quantum/matrix.o
 .rodata.row_pins
                0x000000000080014b        0x4 .build/obj_kb_default/quantum/matrix.o
 .rodata.CSWTCH.14
                0x000000000080014f       0x2e .build/obj_kb_default/common/action.o
 .rodata.CSWTCH.12
                0x000000000080017d        0x3 .build/obj_kb_default/common/action.o
 *(.gnu.linkonce.r*)
                0x0000000000800180                . = ALIGN (0x2)
                0x0000000000800180                _edata = .
                0x0000000000800180                PROVIDE (__data_end, .)

.bss            0x0000000000800180       0xd0
                0x0000000000800180                PROVIDE (__bss_start, .)
 *(.bss)
 *(.bss*)
 .bss.debouncing_time
                0x0000000000800180        0x2 .build/obj_kb_default/quantum/debounce/sym_defer_g.o
 .bss.debouncing
                0x0000000000800182        0x1 .build/obj_kb_default/quantum/debounce/sym_defer_g.o
 .bss.sc_timer  0x0000000000800183        0x2 .build/obj_kb_default/quantum/process_keycode/process_space_cadet.o
 .bss.sc_last   0x0000000000800185        0x1 .build/obj_kb_default/quantum/process_keycode/process_space_cadet.o
 .bss.grave_esc_was_shifted
                0x0000000000800186        0x1 .build/obj_kb_default/quantum/process_keycode/process_grave_esc.o
 .bss.last_consumer_report
                0x0000000000800187        0x2 .build/obj_kb_default/common/host.o
 .bss.last_system_report
                0x0000000000800189        0x2 .build/obj_kb_default/common/host.o
 .bss.driver    0x000000000080018b        0x2 .build/obj_kb_default/common/host.o
 .bss.led_status.5780
                0x000000000080018d        0x1 .build/obj_kb_default/common/keyboard.o
 .bss.matrix_prev.5779
                0x000000000080018e        0x4 .build/obj_kb_default/common/keyboard.o
 .bss.disable_action_cache
                0x0000000000800192        0x1 .build/obj_kb_default/common/action.o
                0x0000000000800192                disable_action_cache
 .bss.waiting_buffer_tail
                0x0000000000800193        0x1 .build/obj_kb_default/common/action_tapping.o
 .bss.waiting_buffer_head
                0x0000000000800194        0x1 .build/obj_kb_default/common/action_tapping.o
 .bss.waiting_buffer
                0x0000000000800195       0x30 .build/obj_kb_default/common/action_tapping.o
 .bss.tapping_key
                0x00000000008001c5        0x6 .build/obj_kb_default/common/action_tapping.o
 .bss.source_layers_cache
                0x00000000008001cb        0xa .build/obj_kb_default/common/action_layer.o
                0x00000000008001cb                source_layers_cache
 .bss.layer_state
                0x00000000008001d5        0x4 .build/obj_kb_default/common/action_layer.o
                0x00000000008001d5                layer_state
 .bss.default_layer_state
                0x00000000008001d9        0x4 .build/obj_kb_default/common/action_layer.o
                0x00000000008001d9                default_layer_state
 .bss.oneshot_layer_data
                0x00000000008001dd        0x1 .build/obj_kb_default/common/action_util.o
 .bss.oneshot_mods
                0x00000000008001de        0x1 .build/obj_kb_default/common/action_util.o
 .bss.__compound_literal.0
                0x00000000008001df       0x20 .build/obj_kb_default/common/action_util.o
 .bss.macro_mods
                0x00000000008001ff        0x1 .build/obj_kb_default/common/action_util.o
 .bss.weak_mods
                0x0000000000800200        0x1 .build/obj_kb_default/common/action_util.o
 .bss.real_mods
                0x0000000000800201        0x1 .build/obj_kb_default/common/action_util.o
 .bss.debug_config
                0x0000000000800202        0x1 .build/obj_kb_default/common/debug.o
                0x0000000000800202                debug_config
 .bss.wdt_timeout
                0x0000000000800203        0x1 .build/obj_kb_default/common/avr/suspend.o
 .bss.last_timer_w
                0x0000000000800204        0x2 .build/obj_kb_default/common/mousekey.o
 .bss.last_timer_c
                0x0000000000800206        0x2 .build/obj_kb_default/common/mousekey.o
 .bss.mousekey_wheel_repeat
                0x0000000000800208        0x1 .build/obj_kb_default/common/mousekey.o
 .bss.mousekey_repeat
                0x0000000000800209        0x1 .build/obj_kb_default/common/mousekey.o
 .bss.mousekey_accel
                0x000000000080020a        0x1 .build/obj_kb_default/common/mousekey.o
 .bss.mouse_report
                0x000000000080020b        0x6 .build/obj_kb_default/common/mousekey.o
 .bss.keyboard_report_sent
                0x0000000000800211       0x20 .build/obj_kb_default/lufa.o
 .bss.keyboard_led_state
                0x0000000000800231        0x1 .build/obj_kb_default/lufa.o
 .bss.keyboard_idle
                0x0000000000800232        0x1 .build/obj_kb_default/lufa.o
                0x0000000000800232                keyboard_idle
 *(COMMON)
 COMMON         0x0000000000800233        0x1 .build/obj_kb_default/keyboards/kb/keymaps/default/keymap.o
                0x0000000000800233                lev
 COMMON         0x0000000000800234        0x8 .build/obj_kb_default/quantum/matrix_common.o
                0x0000000000800234                raw_matrix
                0x0000000000800238                matrix
 COMMON         0x000000000080023c        0x1 .build/obj_kb_default/quantum/backlight/backlight.o
                0x000000000080023c                backlight_config
 COMMON         0x000000000080023d        0x4 .build/obj_kb_default/common/avr/timer.o
                0x000000000080023d                timer_count
 COMMON         0x0000000000800241        0x2 .build/obj_kb_default/common/bootmagic.o
                0x0000000000800241                keymap_config
 COMMON         0x0000000000800243        0x3 .build/obj_kb_default/lib/lufa/LUFA/Drivers/USB/Core/DeviceStandardReq.o
                0x0000000000800243                USB_Device_ConfigurationNumber
                0x0000000000800244                USB_Device_CurrentlySelfPowered
                0x0000000000800245                USB_Device_RemoteWakeupEnabled
 COMMON         0x0000000000800246        0xa .build/obj_kb_default/lib/lufa/LUFA/Drivers/USB/Core/USBTask.o
                0x0000000000800246                USB_IsInitialized
                0x0000000000800247                USB_DeviceState
                0x0000000000800248                USB_ControlRequest
                0x0000000000800250                PROVIDE (__bss_end, .)
                0x000000000000480c                __data_load_start = LOADADDR (.data)
                0x000000000000488c                __data_load_end = (__data_load_start + SIZEOF (.data))

.noinit         0x0000000000800250        0x4
                [!provide]                        PROVIDE (__noinit_start, .)
 *(.noinit*)
 .noinit        0x0000000000800250        0x4 .build/obj_kb_default/common/avr/bootloader.o
                0x0000000000800250                reset_key
                [!provide]                        PROVIDE (__noinit_end, .)
                0x0000000000800254                _end = .
                [!provide]                        PROVIDE (__heap_start, .)

.eeprom         0x0000000000810000        0x0
 *(.eeprom*)
                0x0000000000810000                __eeprom_end = .

.fuse
 *(.fuse)
 *(.lfuse)
 *(.hfuse)
 *(.efuse)

.lock
 *(.lock*)

.signature
 *(.signature*)

.user_signatures
 *(.user_signatures*)

.stab
 *(.stab)

.stabstr        0x0000000000000000       0x6d
 *(.stabstr)
 .stabstr       0x0000000000000000       0x6d .build/obj_kb_default/common/avr/xprintf.o

.stab.excl
 *(.stab.excl)

.stab.exclstr
 *(.stab.exclstr)

.stab.index
 *(.stab.index)

.stab.indexstr
 *(.stab.indexstr)

.comment        0x0000000000000000       0x11
 *(.comment)
 .comment       0x0000000000000000       0x11 .build/obj_kb_default/keyboards/kb/keymaps/default/keymap.o
                                         0x12 (size before relaxing)
 .comment       0x0000000000000011       0x12 .build/obj_kb_default/quantum/quantum.o
 .comment       0x0000000000000011       0x12 .build/obj_kb_default/quantum/led.o
 .comment       0x0000000000000011       0x12 .build/obj_kb_default/quantum/keymap_common.o
 .comment       0x0000000000000011       0x12 .build/obj_kb_default/quantum/keycode_config.o
 .comment       0x0000000000000011       0x12 .build/obj_kb_default/quantum/matrix_common.o
 .comment       0x0000000000000011       0x12 .build/obj_kb_default/quantum/matrix.o
 .comment       0x0000000000000011       0x12 .build/obj_kb_default/quantum/debounce/sym_defer_g.o
 .comment       0x0000000000000011       0x12 .build/obj_kb_default/quantum/backlight/backlight.o
 .comment       0x0000000000000011       0x12 .build/obj_kb_default/quantum/process_keycode/process_backlight.o
 .comment       0x0000000000000011       0x12 .build/obj_kb_default/quantum/process_keycode/process_space_cadet.o
 .comment       0x0000000000000011       0x12 .build/obj_kb_default/quantum/process_keycode/process_magic.o
 .comment       0x0000000000000011       0x12 .build/obj_kb_default/quantum/process_keycode/process_grave_esc.o
 .comment       0x0000000000000011       0x12 .build/obj_kb_default/common/host.o
 .comment       0x0000000000000011       0x12 .build/obj_kb_default/common/keyboard.o
 .comment       0x0000000000000011       0x12 .build/obj_kb_default/common/action.o
 .comment       0x0000000000000011       0x12 .build/obj_kb_default/common/action_tapping.o
 .comment       0x0000000000000011       0x12 .build/obj_kb_default/common/action_macro.o
 .comment       0x0000000000000011       0x12 .build/obj_kb_default/common/action_layer.o
 .comment       0x0000000000000011       0x12 .build/obj_kb_default/common/action_util.o
 .comment       0x0000000000000011       0x12 .build/obj_kb_default/common/debug.o
 .comment       0x0000000000000011       0x12 .build/obj_kb_default/common/eeconfig.o
 .comment       0x0000000000000011       0x12 .build/obj_kb_default/common/report.o
 .comment       0x0000000000000011       0x12 .build/obj_kb_default/common/avr/suspend.o
 .comment       0x0000000000000011       0x12 .build/obj_kb_default/common/avr/timer.o
 .comment       0x0000000000000011       0x12 .build/obj_kb_default/common/avr/bootloader.o
 .comment       0x0000000000000011       0x12 .build/obj_kb_default/common/bootmagic.o
 .comment       0x0000000000000011       0x12 .build/obj_kb_default/common/mousekey.o
 .comment       0x0000000000000011       0x12 .build/obj_kb_default/lufa.o
 .comment       0x0000000000000011       0x12 .build/obj_kb_default/usb_descriptor.o
 .comment       0x0000000000000011       0x12 .build/obj_kb_default/lib/lufa/LUFA/Drivers/USB/Core/AVR8/Device_AVR8.o
 .comment       0x0000000000000011       0x12 .build/obj_kb_default/lib/lufa/LUFA/Drivers/USB/Core/AVR8/EndpointStream_AVR8.o
 .comment       0x0000000000000011       0x12 .build/obj_kb_default/lib/lufa/LUFA/Drivers/USB/Core/AVR8/Endpoint_AVR8.o
 .comment       0x0000000000000011       0x12 .build/obj_kb_default/lib/lufa/LUFA/Drivers/USB/Core/AVR8/USBController_AVR8.o
 .comment       0x0000000000000011       0x12 .build/obj_kb_default/lib/lufa/LUFA/Drivers/USB/Core/AVR8/USBInterrupt_AVR8.o
 .comment       0x0000000000000011       0x12 .build/obj_kb_default/lib/lufa/LUFA/Drivers/USB/Core/DeviceStandardReq.o
 .comment       0x0000000000000011       0x12 .build/obj_kb_default/lib/lufa/LUFA/Drivers/USB/Core/Events.o
 .comment       0x0000000000000011       0x12 .build/obj_kb_default/lib/lufa/LUFA/Drivers/USB/Core/USBTask.o

.note.gnu.avr.deviceinfo
                0x0000000000000000       0x40
 .note.gnu.avr.deviceinfo
                0x0000000000000000       0x40 /usr/lib/gcc/avr/5.4.0/../../../avr/lib/avr5/crtatmega32u4.o

.note.gnu.build-id
 *(.note.gnu.build-id)

.debug
 *(.debug)

.line
 *(.line)

.debug_srcinfo
 *(.debug_srcinfo)

.debug_sfnames
 *(.debug_sfnames)

.debug_aranges  0x0000000000000000      0xdb8
 *(.debug_aranges)
 .debug_aranges
                0x0000000000000000       0x60 .build/obj_kb_default/keyboards/kb/keymaps/default/keymap.o
 .debug_aranges
                0x0000000000000060      0x118 .build/obj_kb_default/quantum/quantum.o
 .debug_aranges
                0x0000000000000178       0x48 .build/obj_kb_default/quantum/led.o
 .debug_aranges
                0x00000000000001c0       0x40 .build/obj_kb_default/quantum/keymap_common.o
 .debug_aranges
                0x0000000000000200       0x28 .build/obj_kb_default/quantum/keycode_config.o
 .debug_aranges
                0x0000000000000228       0x88 .build/obj_kb_default/quantum/matrix_common.o
 .debug_aranges
                0x00000000000002b0       0x30 .build/obj_kb_default/quantum/matrix.o
 .debug_aranges
                0x00000000000002e0       0x30 .build/obj_kb_default/quantum/debounce/sym_defer_g.o
 .debug_aranges
                0x0000000000000310       0x88 .build/obj_kb_default/quantum/backlight/backlight.o
 .debug_aranges
                0x0000000000000398       0x20 .build/obj_kb_default/quantum/process_keycode/process_backlight.o
 .debug_aranges
                0x00000000000003b8       0x28 .build/obj_kb_default/quantum/process_keycode/process_space_cadet.o
 .debug_aranges
                0x00000000000003e0       0x20 .build/obj_kb_default/quantum/process_keycode/process_magic.o
 .debug_aranges
                0x0000000000000400       0x20 .build/obj_kb_default/quantum/process_keycode/process_grave_esc.o
 .debug_aranges
                0x0000000000000420       0x68 .build/obj_kb_default/common/host.o
 .debug_aranges
                0x0000000000000488       0x68 .build/obj_kb_default/common/keyboard.o
 .debug_aranges
                0x00000000000004f0       0xd0 .build/obj_kb_default/common/action.o
 .debug_aranges
                0x00000000000005c0       0x48 .build/obj_kb_default/common/action_tapping.o
 .debug_aranges
                0x0000000000000608       0x20 .build/obj_kb_default/common/action_macro.o
 .debug_aranges
                0x0000000000000628       0xe0 .build/obj_kb_default/common/action_layer.o
 .debug_aranges
                0x0000000000000708      0x150 .build/obj_kb_default/common/action_util.o
 .debug_aranges
                0x0000000000000858       0x18 .build/obj_kb_default/common/debug.o
 .debug_aranges
                0x0000000000000870       0xe8 .build/obj_kb_default/common/eeconfig.o
 .debug_aranges
                0x0000000000000958       0x68 .build/obj_kb_default/common/report.o
 .debug_aranges
                0x00000000000009c0       0x58 .build/obj_kb_default/common/avr/suspend.o
 .debug_aranges
                0x0000000000000a18       0x50 .build/obj_kb_default/common/avr/timer.o
 .debug_aranges
                0x0000000000000a68       0x28 .build/obj_kb_default/common/avr/bootloader.o
 .debug_aranges
                0x0000000000000a90       0x30 .build/obj_kb_default/common/bootmagic.o
 .debug_aranges
                0x0000000000000ac0       0x50 .build/obj_kb_default/common/mousekey.o
 .debug_aranges
                0x0000000000000b10       0x88 .build/obj_kb_default/lufa.o
 .debug_aranges
                0x0000000000000b98       0x20 .build/obj_kb_default/usb_descriptor.o
 .debug_aranges
                0x0000000000000bb8       0x20 .build/obj_kb_default/lib/lufa/LUFA/Drivers/USB/Core/AVR8/Device_AVR8.o
 .debug_aranges
                0x0000000000000bd8       0xc8 .build/obj_kb_default/lib/lufa/LUFA/Drivers/USB/Core/AVR8/EndpointStream_AVR8.o
 .debug_aranges
                0x0000000000000ca0       0x40 .build/obj_kb_default/lib/lufa/LUFA/Drivers/USB/Core/AVR8/Endpoint_AVR8.o
 .debug_aranges
                0x0000000000000ce0       0x30 .build/obj_kb_default/lib/lufa/LUFA/Drivers/USB/Core/AVR8/USBController_AVR8.o
 .debug_aranges
                0x0000000000000d10       0x38 .build/obj_kb_default/lib/lufa/LUFA/Drivers/USB/Core/AVR8/USBInterrupt_AVR8.o
 .debug_aranges
                0x0000000000000d48       0x20 .build/obj_kb_default/lib/lufa/LUFA/Drivers/USB/Core/DeviceStandardReq.o
 .debug_aranges
                0x0000000000000d68       0x30 .build/obj_kb_default/lib/lufa/LUFA/Drivers/USB/Core/Events.o
 .debug_aranges
                0x0000000000000d98       0x20 .build/obj_kb_default/lib/lufa/LUFA/Drivers/USB/Core/USBTask.o

.debug_pubnames
 *(.debug_pubnames)

.debug_info     0x0000000000000000    0x18f69
 *(.debug_info .gnu.linkonce.wi.*)
 .debug_info    0x0000000000000000      0x9f4 /usr/lib/gcc/avr/5.4.0/../../../avr/lib/avr5/crtatmega32u4.o
 .debug_info    0x00000000000009f4     0x1339 .build/obj_kb_default/keyboards/kb/keymaps/default/keymap.o
 .debug_info    0x0000000000001d2d     0x237f .build/obj_kb_default/quantum/quantum.o
 .debug_info    0x00000000000040ac      0x33c .build/obj_kb_default/quantum/led.o
 .debug_info    0x00000000000043e8     0x1ac6 .build/obj_kb_default/quantum/keymap_common.o
 .debug_info    0x0000000000005eae      0x61f .build/obj_kb_default/quantum/keycode_config.o
 .debug_info    0x00000000000064cd      0x483 .build/obj_kb_default/quantum/matrix_common.o
 .debug_info    0x0000000000006950      0x670 .build/obj_kb_default/quantum/matrix.o
 .debug_info    0x0000000000006fc0      0x28e .build/obj_kb_default/quantum/debounce/sym_defer_g.o
 .debug_info    0x000000000000724e      0x4ab .build/obj_kb_default/quantum/backlight/backlight.o
 .debug_info    0x00000000000076f9      0xd9f .build/obj_kb_default/quantum/process_keycode/process_backlight.o
 .debug_info    0x0000000000008498     0x12dd .build/obj_kb_default/quantum/process_keycode/process_space_cadet.o
 .debug_info    0x0000000000009775      0xe88 .build/obj_kb_default/quantum/process_keycode/process_magic.o
 .debug_info    0x000000000000a5fd     0x1256 .build/obj_kb_default/quantum/process_keycode/process_grave_esc.o
 .debug_info    0x000000000000b853      0x688 .build/obj_kb_default/common/host.o
 .debug_info    0x000000000000bedb      0x545 .build/obj_kb_default/common/keyboard.o
 .debug_info    0x000000000000c420     0x207f .build/obj_kb_default/common/action.o
 .debug_info    0x000000000000e49f      0xe14 .build/obj_kb_default/common/action_tapping.o
 .debug_info    0x000000000000f2b3      0x868 .build/obj_kb_default/common/action_macro.o
 .debug_info    0x000000000000fb1b      0xb3a .build/obj_kb_default/common/action_layer.o
 .debug_info    0x0000000000010655      0x928 .build/obj_kb_default/common/action_util.o
 .debug_info    0x0000000000010f7d       0xfc .build/obj_kb_default/common/debug.o
 .debug_info    0x0000000000011079      0x90d .build/obj_kb_default/common/eeconfig.o
 .debug_info    0x0000000000011986      0x99b .build/obj_kb_default/common/report.o
 .debug_info    0x0000000000012321      0x386 .build/obj_kb_default/common/avr/suspend.o
 .debug_info    0x00000000000126a7      0x3ab .build/obj_kb_default/common/avr/timer.o
 .debug_info    0x0000000000012a52      0x1ee .build/obj_kb_default/common/avr/bootloader.o
 .debug_info    0x0000000000012c40      0xb7e .build/obj_kb_default/common/bootmagic.o
 .debug_info    0x00000000000137be      0x5b0 .build/obj_kb_default/common/mousekey.o
 .debug_info    0x0000000000013d6e     0x115b .build/obj_kb_default/lufa.o
 .debug_info    0x0000000000014ec9      0x799 .build/obj_kb_default/usb_descriptor.o
 .debug_info    0x0000000000015662       0xd2 .build/obj_kb_default/lib/lufa/LUFA/Drivers/USB/Core/AVR8/Device_AVR8.o
 .debug_info    0x0000000000015734     0x17b6 .build/obj_kb_default/lib/lufa/LUFA/Drivers/USB/Core/AVR8/EndpointStream_AVR8.o
 .debug_info    0x0000000000016eea      0x620 .build/obj_kb_default/lib/lufa/LUFA/Drivers/USB/Core/AVR8/Endpoint_AVR8.o
 .debug_info    0x000000000001750a      0x4e7 .build/obj_kb_default/lib/lufa/LUFA/Drivers/USB/Core/AVR8/USBController_AVR8.o
 .debug_info    0x00000000000179f1      0x7e7 .build/obj_kb_default/lib/lufa/LUFA/Drivers/USB/Core/AVR8/USBInterrupt_AVR8.o
 .debug_info    0x00000000000181d8      0xa41 .build/obj_kb_default/lib/lufa/LUFA/Drivers/USB/Core/DeviceStandardReq.o
 .debug_info    0x0000000000018c19       0xde .build/obj_kb_default/lib/lufa/LUFA/Drivers/USB/Core/Events.o
 .debug_info    0x0000000000018cf7      0x272 .build/obj_kb_default/lib/lufa/LUFA/Drivers/USB/Core/USBTask.o

.debug_abbrev   0x0000000000000000     0x53d5
 *(.debug_abbrev)
 .debug_abbrev  0x0000000000000000      0x96a /usr/lib/gcc/avr/5.4.0/../../../avr/lib/avr5/crtatmega32u4.o
 .debug_abbrev  0x000000000000096a      0x245 .build/obj_kb_default/keyboards/kb/keymaps/default/keymap.o
 .debug_abbrev  0x0000000000000baf      0x3d0 .build/obj_kb_default/quantum/quantum.o
 .debug_abbrev  0x0000000000000f7f      0x1ad .build/obj_kb_default/quantum/led.o
 .debug_abbrev  0x000000000000112c      0x27d .build/obj_kb_default/quantum/keymap_common.o
 .debug_abbrev  0x00000000000013a9       0xe1 .build/obj_kb_default/quantum/keycode_config.o
 .debug_abbrev  0x000000000000148a      0x241 .build/obj_kb_default/quantum/matrix_common.o
 .debug_abbrev  0x00000000000016cb      0x28e .build/obj_kb_default/quantum/matrix.o
 .debug_abbrev  0x0000000000001959      0x186 .build/obj_kb_default/quantum/debounce/sym_defer_g.o
 .debug_abbrev  0x0000000000001adf      0x1bf .build/obj_kb_default/quantum/backlight/backlight.o
 .debug_abbrev  0x0000000000001c9e      0x154 .build/obj_kb_default/quantum/process_keycode/process_backlight.o
 .debug_abbrev  0x0000000000001df2      0x1c2 .build/obj_kb_default/quantum/process_keycode/process_space_cadet.o
 .debug_abbrev  0x0000000000001fb4      0x154 .build/obj_kb_default/quantum/process_keycode/process_magic.o
 .debug_abbrev  0x0000000000002108      0x1ce .build/obj_kb_default/quantum/process_keycode/process_grave_esc.o
 .debug_abbrev  0x00000000000022d6      0x1dd .build/obj_kb_default/common/host.o
 .debug_abbrev  0x00000000000024b3      0x268 .build/obj_kb_default/common/keyboard.o
 .debug_abbrev  0x000000000000271b      0x3ab .build/obj_kb_default/common/action.o
 .debug_abbrev  0x0000000000002ac6      0x2df .build/obj_kb_default/common/action_tapping.o
 .debug_abbrev  0x0000000000002da5      0x1cd .build/obj_kb_default/common/action_macro.o
 .debug_abbrev  0x0000000000002f72      0x297 .build/obj_kb_default/common/action_layer.o
 .debug_abbrev  0x0000000000003209      0x29e .build/obj_kb_default/common/action_util.o
 .debug_abbrev  0x00000000000034a7       0x87 .build/obj_kb_default/common/debug.o
 .debug_abbrev  0x000000000000352e      0x117 .build/obj_kb_default/common/eeconfig.o
 .debug_abbrev  0x0000000000003645      0x211 .build/obj_kb_default/common/report.o
 .debug_abbrev  0x0000000000003856      0x1ee .build/obj_kb_default/common/avr/suspend.o
 .debug_abbrev  0x0000000000003a44      0x175 .build/obj_kb_default/common/avr/timer.o
 .debug_abbrev  0x0000000000003bb9      0x174 .build/obj_kb_default/common/avr/bootloader.o
 .debug_abbrev  0x0000000000003d2d      0x20b .build/obj_kb_default/common/bootmagic.o
 .debug_abbrev  0x0000000000003f38      0x224 .build/obj_kb_default/common/mousekey.o
 .debug_abbrev  0x000000000000415c      0x421 .build/obj_kb_default/lufa.o
 .debug_abbrev  0x000000000000457d      0x184 .build/obj_kb_default/usb_descriptor.o
 .debug_abbrev  0x0000000000004701       0x80 .build/obj_kb_default/lib/lufa/LUFA/Drivers/USB/Core/AVR8/Device_AVR8.o
 .debug_abbrev  0x0000000000004781      0x1ea .build/obj_kb_default/lib/lufa/LUFA/Drivers/USB/Core/AVR8/EndpointStream_AVR8.o
 .debug_abbrev  0x000000000000496b      0x226 .build/obj_kb_default/lib/lufa/LUFA/Drivers/USB/Core/AVR8/Endpoint_AVR8.o
 .debug_abbrev  0x0000000000004b91      0x191 .build/obj_kb_default/lib/lufa/LUFA/Drivers/USB/Core/AVR8/USBController_AVR8.o
 .debug_abbrev  0x0000000000004d22      0x213 .build/obj_kb_default/lib/lufa/LUFA/Drivers/USB/Core/AVR8/USBInterrupt_AVR8.o
 .debug_abbrev  0x0000000000004f35      0x29c .build/obj_kb_default/lib/lufa/LUFA/Drivers/USB/Core/DeviceStandardReq.o
 .debug_abbrev  0x00000000000051d1       0x99 .build/obj_kb_default/lib/lufa/LUFA/Drivers/USB/Core/Events.o
 .debug_abbrev  0x000000000000526a      0x16b .build/obj_kb_default/lib/lufa/LUFA/Drivers/USB/Core/USBTask.o

.debug_line     0x0000000000000000     0x8bec
 *(.debug_line .debug_line.* .debug_line_end)
 .debug_line    0x0000000000000000       0x1a /usr/lib/gcc/avr/5.4.0/../../../avr/lib/avr5/crtatmega32u4.o
 .debug_line    0x000000000000001a      0x525 .build/obj_kb_default/keyboards/kb/keymaps/default/keymap.o
 .debug_line    0x000000000000053f      0x9b7 .build/obj_kb_default/quantum/quantum.o
 .debug_line    0x0000000000000ef6      0x13c .build/obj_kb_default/quantum/led.o
 .debug_line    0x0000000000001032      0x2bf .build/obj_kb_default/quantum/keymap_common.o
 .debug_line    0x00000000000012f1      0x235 .build/obj_kb_default/quantum/keycode_config.o
 .debug_line    0x0000000000001526      0x269 .build/obj_kb_default/quantum/matrix_common.o
 .debug_line    0x000000000000178f      0x223 .build/obj_kb_default/quantum/matrix.o
 .debug_line    0x00000000000019b2      0x15b .build/obj_kb_default/quantum/debounce/sym_defer_g.o
 .debug_line    0x0000000000001b0d      0x2e6 .build/obj_kb_default/quantum/backlight/backlight.o
 .debug_line    0x0000000000001df3      0x16e .build/obj_kb_default/quantum/process_keycode/process_backlight.o
 .debug_line    0x0000000000001f61      0x23b .build/obj_kb_default/quantum/process_keycode/process_space_cadet.o
 .debug_line    0x000000000000219c      0x277 .build/obj_kb_default/quantum/process_keycode/process_magic.o
 .debug_line    0x0000000000002413      0x176 .build/obj_kb_default/quantum/process_keycode/process_grave_esc.o
 .debug_line    0x0000000000002589      0x231 .build/obj_kb_default/common/host.o
 .debug_line    0x00000000000027ba      0x2c8 .build/obj_kb_default/common/keyboard.o
 .debug_line    0x0000000000002a82      0xa6a .build/obj_kb_default/common/action.o
 .debug_line    0x00000000000034ec      0x511 .build/obj_kb_default/common/action_tapping.o
 .debug_line    0x00000000000039fd      0x1ac .build/obj_kb_default/common/action_macro.o
 .debug_line    0x0000000000003ba9      0x396 .build/obj_kb_default/common/action_layer.o
 .debug_line    0x0000000000003f3f      0x530 .build/obj_kb_default/common/action_util.o
 .debug_line    0x000000000000446f       0x61 .build/obj_kb_default/common/debug.o
 .debug_line    0x00000000000044d0      0x35b .build/obj_kb_default/common/eeconfig.o
 .debug_line    0x000000000000482b      0x30c .build/obj_kb_default/common/report.o
 .debug_line    0x0000000000004b37      0x2af .build/obj_kb_default/common/avr/suspend.o
 .debug_line    0x0000000000004de6      0x1f0 .build/obj_kb_default/common/avr/timer.o
 .debug_line    0x0000000000004fd6      0x158 .build/obj_kb_default/common/avr/bootloader.o
 .debug_line    0x000000000000512e      0x35d .build/obj_kb_default/common/bootmagic.o
 .debug_line    0x000000000000548b      0x64e .build/obj_kb_default/common/mousekey.o
 .debug_line    0x0000000000005ad9      0x75a .build/obj_kb_default/lufa.o
 .debug_line    0x0000000000006233      0x22f .build/obj_kb_default/usb_descriptor.o
 .debug_line    0x0000000000006462      0x10a .build/obj_kb_default/lib/lufa/LUFA/Drivers/USB/Core/AVR8/Device_AVR8.o
 .debug_line    0x000000000000656c     0x13cb .build/obj_kb_default/lib/lufa/LUFA/Drivers/USB/Core/AVR8/EndpointStream_AVR8.o
 .debug_line    0x0000000000007937      0x475 .build/obj_kb_default/lib/lufa/LUFA/Drivers/USB/Core/AVR8/Endpoint_AVR8.o
 .debug_line    0x0000000000007dac      0x2da .build/obj_kb_default/lib/lufa/LUFA/Drivers/USB/Core/AVR8/USBController_AVR8.o
 .debug_line    0x0000000000008086      0x50a .build/obj_kb_default/lib/lufa/LUFA/Drivers/USB/Core/AVR8/USBInterrupt_AVR8.o
 .debug_line    0x0000000000008590      0x469 .build/obj_kb_default/lib/lufa/LUFA/Drivers/USB/Core/DeviceStandardReq.o
 .debug_line    0x00000000000089f9       0x96 .build/obj_kb_default/lib/lufa/LUFA/Drivers/USB/Core/Events.o
 .debug_line    0x0000000000008a8f      0x15d .build/obj_kb_default/lib/lufa/LUFA/Drivers/USB/Core/USBTask.o

.debug_frame    0x0000000000000000     0x21f4
 *(.debug_frame)
 .debug_frame   0x0000000000000000       0xd0 .build/obj_kb_default/keyboards/kb/keymaps/default/keymap.o
 .debug_frame   0x00000000000000d0      0x378 .build/obj_kb_default/quantum/quantum.o
 .debug_frame   0x0000000000000448       0x7c .build/obj_kb_default/quantum/led.o
 .debug_frame   0x00000000000004c4       0x70 .build/obj_kb_default/quantum/keymap_common.o
 .debug_frame   0x0000000000000534       0x34 .build/obj_kb_default/quantum/keycode_config.o
 .debug_frame   0x0000000000000568      0x140 .build/obj_kb_default/quantum/matrix_common.o
 .debug_frame   0x00000000000006a8       0x8c .build/obj_kb_default/quantum/matrix.o
 .debug_frame   0x0000000000000734       0x64 .build/obj_kb_default/quantum/debounce/sym_defer_g.o
 .debug_frame   0x0000000000000798      0x104 .build/obj_kb_default/quantum/backlight/backlight.o
 .debug_frame   0x000000000000089c       0x24 .build/obj_kb_default/quantum/process_keycode/process_backlight.o
 .debug_frame   0x00000000000008c0       0x78 .build/obj_kb_default/quantum/process_keycode/process_space_cadet.o
 .debug_frame   0x0000000000000938       0x30 .build/obj_kb_default/quantum/process_keycode/process_magic.o
 .debug_frame   0x0000000000000968       0x30 .build/obj_kb_default/quantum/process_keycode/process_grave_esc.o
 .debug_frame   0x0000000000000998       0xb4 .build/obj_kb_default/common/host.o
 .debug_frame   0x0000000000000a4c      0x148 .build/obj_kb_default/common/keyboard.o
 .debug_frame   0x0000000000000b94      0x224 .build/obj_kb_default/common/action.o
 .debug_frame   0x0000000000000db8      0x100 .build/obj_kb_default/common/action_tapping.o
 .debug_frame   0x0000000000000eb8       0x48 .build/obj_kb_default/common/action_macro.o
 .debug_frame   0x0000000000000f00      0x294 .build/obj_kb_default/common/action_layer.o
 .debug_frame   0x0000000000001194      0x2a4 .build/obj_kb_default/common/action_util.o
 .debug_frame   0x0000000000001438      0x1c4 .build/obj_kb_default/common/eeconfig.o
 .debug_frame   0x00000000000015fc       0xc0 .build/obj_kb_default/common/report.o
 .debug_frame   0x00000000000016bc       0xf0 .build/obj_kb_default/common/avr/suspend.o
 .debug_frame   0x00000000000017ac       0xc0 .build/obj_kb_default/common/avr/timer.o
 .debug_frame   0x000000000000186c       0x34 .build/obj_kb_default/common/avr/bootloader.o
 .debug_frame   0x00000000000018a0       0x80 .build/obj_kb_default/common/bootmagic.o
 .debug_frame   0x0000000000001920       0xb0 .build/obj_kb_default/common/mousekey.o
 .debug_frame   0x00000000000019d0      0x124 .build/obj_kb_default/lufa.o
 .debug_frame   0x0000000000001af4       0x24 .build/obj_kb_default/usb_descriptor.o
 .debug_frame   0x0000000000001b18       0x24 .build/obj_kb_default/lib/lufa/LUFA/Drivers/USB/Core/AVR8/Device_AVR8.o
 .debug_frame   0x0000000000001b3c      0x42c .build/obj_kb_default/lib/lufa/LUFA/Drivers/USB/Core/AVR8/EndpointStream_AVR8.o
 .debug_frame   0x0000000000001f68       0x7c .build/obj_kb_default/lib/lufa/LUFA/Drivers/USB/Core/AVR8/Endpoint_AVR8.o
 .debug_frame   0x0000000000001fe4       0x5c .build/obj_kb_default/lib/lufa/LUFA/Drivers/USB/Core/AVR8/USBController_AVR8.o
 .debug_frame   0x0000000000002040      0x108 .build/obj_kb_default/lib/lufa/LUFA/Drivers/USB/Core/AVR8/USBInterrupt_AVR8.o
 .debug_frame   0x0000000000002148       0x3c .build/obj_kb_default/lib/lufa/LUFA/Drivers/USB/Core/DeviceStandardReq.o
 .debug_frame   0x0000000000002184       0x44 .build/obj_kb_default/lib/lufa/LUFA/Drivers/USB/Core/Events.o
 .debug_frame   0x00000000000021c8       0x2c .build/obj_kb_default/lib/lufa/LUFA/Drivers/USB/Core/USBTask.o

.debug_str      0x0000000000000000     0x5d60
 *(.debug_str)
 .debug_str     0x0000000000000000      0x371 /usr/lib/gcc/avr/5.4.0/../../../avr/lib/avr5/crtatmega32u4.o
 .debug_str     0x0000000000000371     0x184b .build/obj_kb_default/keyboards/kb/keymaps/default/keymap.o
                                       0x18f9 (size before relaxing)
 .debug_str     0x0000000000001bbc      0x46b .build/obj_kb_default/quantum/quantum.o
                                       0x1d67 (size before relaxing)
 .debug_str     0x0000000000002027       0x80 .build/obj_kb_default/quantum/led.o
                                        0x29c (size before relaxing)
 .debug_str     0x00000000000020a7      0x86d .build/obj_kb_default/quantum/keymap_common.o
                                       0x2173 (size before relaxing)
 .debug_str     0x0000000000002914      0x11d .build/obj_kb_default/quantum/keycode_config.o
                                        0x893 (size before relaxing)
 .debug_str     0x0000000000002a31      0x14b .build/obj_kb_default/quantum/matrix_common.o
                                        0x36d (size before relaxing)
 .debug_str     0x0000000000002b7c       0xde .build/obj_kb_default/quantum/matrix.o
                                        0x38d (size before relaxing)
 .debug_str     0x0000000000002c5a       0x63 .build/obj_kb_default/quantum/debounce/sym_defer_g.o
                                        0x2a5 (size before relaxing)
 .debug_str     0x0000000000002cbd      0x15a .build/obj_kb_default/quantum/backlight/backlight.o
                                        0x3bb (size before relaxing)
 .debug_str     0x0000000000002e17       0x2c .build/obj_kb_default/quantum/process_keycode/process_backlight.o
                                       0x1300 (size before relaxing)
 .debug_str     0x0000000000002e43       0x8e .build/obj_kb_default/quantum/process_keycode/process_space_cadet.o
                                       0x18fa (size before relaxing)
 .debug_str     0x0000000000002ed1       0x6f .build/obj_kb_default/quantum/process_keycode/process_magic.o
                                       0x13ab (size before relaxing)
 .debug_str     0x0000000000002f40       0x96 .build/obj_kb_default/quantum/process_keycode/process_grave_esc.o
                                       0x18d8 (size before relaxing)
 .debug_str     0x0000000000002fd6      0x1d1 .build/obj_kb_default/common/host.o
                                        0x51c (size before relaxing)
 .debug_str     0x00000000000031a7      0x148 .build/obj_kb_default/common/keyboard.o
                                        0x3e6 (size before relaxing)
 .debug_str     0x00000000000032ef      0x423 .build/obj_kb_default/common/action.o
                                       0x16d7 (size before relaxing)
 .debug_str     0x0000000000003712       0xe6 .build/obj_kb_default/common/action_tapping.o
                                        0xb30 (size before relaxing)
 .debug_str     0x00000000000037f8       0x74 .build/obj_kb_default/common/action_macro.o
                                        0x8ef (size before relaxing)
 .debug_str     0x000000000000386c       0xdf .build/obj_kb_default/common/action_layer.o
                                        0x53c (size before relaxing)
 .debug_str     0x000000000000394b      0x1bd .build/obj_kb_default/common/action_util.o
                                        0x609 (size before relaxing)